******************************************************************************
                  TI ARM Linker PC v18.1.3                     
******************************************************************************
>> Linked Thu Nov 22 11:08:04 2018

OUTPUT FILE NAME:   <empty_CC26X2R1_LAUNCHXL_tirtos_ccs.out>
ENTRY POINT SYMBOL: "ResetISR"  address: 00001c95


MEMORY CONFIGURATION

         name            origin    length      used     unused   attr    fill
----------------------  --------  ---------  --------  --------  ----  --------
  FLASH                 00000000   00058000  00003654  000549ac  R  X
  GPRAM                 11000000   00002000  00000000  00002000  RW X
  SRAM                  20000000   00014000  00001e41  000121bf  RW X


SEGMENT ALLOCATION MAP

run origin  load origin   length   init length attrs members
----------  ----------- ---------- ----------- ----- -------
00000000    00000000    00003600   00003600    r-x
  00000000    00000000    0000003c   0000003c    r-- .resetVecs
  0000003c    0000003c    00002e7c   00002e7c    r-x .text
  00002eb8    00002eb8    0000054c   0000054c    r-- .const
  00003408    00003408    000001f8   000001f8    r-- .cinit
00057fa8    00057fa8    00000058   00000058    r--
  00057fa8    00057fa8    00000058   00000058    r-- .ccfg
20000100    20000100    0000000c   00000000    rw-
  20000100    20000100    00000004   00000000    rw- .data:xdcRomConstPtr
  20000104    20000104    00000004   00000000    rw- .data:xdcRomExternFuncPtr
  20000108    20000108    00000004   00000000    rw- .data:xdcRomStatePtr
20000110    20000110    00001000   00000000    r--
  20000110    20000110    00001000   00000000    r-- .priheap
20001110    20001110    0000095d   00000000    rw-
  20001110    20001110    00000510   00000000    rw- .data
  20001620    20001620    0000044d   00000000    rw- .bss
20013c00    20013c00    00000400   00000000    rw-
  20013c00    20013c00    00000400   00000000    rw- .stack


SECTION ALLOCATION MAP

 output                                  attributes/
section   page    origin      length       input sections
--------  ----  ----------  ----------   ----------------
.binit     0    00000000    00000000     

.cinit     0    00003408    000001f8     
                  00003408    000001a4     (.cinit..data.load) [load image, compression = lzss]
                  000035ac    0000000c     (__TI_handler_table)
                  000035b8    00000008     (.cinit..bss.load) [load image, compression = zero_init]
                  000035c0    00000008     (.cinit..data:xdcRomConstPtr.load) [load image, compression = lzss]
                  000035c8    00000008     (.cinit..data:xdcRomExternFuncPtr.load) [load image, compression = lzss]
                  000035d0    00000008     (.cinit..data:xdcRomStatePtr.load) [load image, compression = lzss]
                  000035d8    00000028     (__TI_cinit_table)

.init_array 
*          0    00000000    00000000     UNINITIALIZED

.ccfg      0    00057fa8    00000058     
                  00057fa8    00000058     ccfg.obj (.ccfg:retain)

.data      0    20001110    00000510     UNINITIALIZED
                  20001110    00000108     release_pem4f.oem4f (.data:ROM_stateStruct)
                  20001218    000000c8     drivers_cc26x2_v1.aem4f : PowerCC26X2.oem4f (.data:PowerCC26X2_module)
                  200012e0    00000088     rom_sysbios.aem4f : rom_sysbios.obj (.data:$O1$$)
                  20001368    00000054     release_pem4f.oem4f (.data:ti_sysbios_gates_GateMutex_Object__table__V)
                  200013bc    0000004c     release_pem4f.oem4f (.data:ti_sysbios_knl_Task_Object__table__V)
                  20001408    00000048     release_pem4f.oem4f (.data:ti_sysbios_family_arm_cc26xx_Timer_Object__table__V)
                  20001450    00000030     release_pem4f.oem4f (.data:ti_sysbios_knl_Swi_Module_State_0_readyQ__A)
                  20001480    00000030     release_pem4f.oem4f (.data:ti_sysbios_knl_Swi_Object__table__V)
                  200014b0    00000030     release_pem4f.oem4f (.data:ti_sysbios_knl_Task_Module_State_0_readyQ__A)
                  200014e0    0000002c     CC26X2R1_LAUNCHXL.obj (.data:gpioPinConfigs)
                  2000150c    00000020     release_pem4f.oem4f (.data:ti_sysbios_knl_Clock_Object__table__V)
                  2000152c    00000020     release_pem4f.oem4f (.data:xdc_runtime_Error_IgnoreBlock)
                  2000154c    00000018     release_pem4f.oem4f (.data:ti_sysbios_family_arm_m3_Hwi_Object__table__V)
                  20001564    00000018     release_pem4f.oem4f (.data:ti_sysbios_heaps_HeapMem_Object__table__V)
                  2000157c    00000010     CC26X2R1_LAUNCHXL.obj (.data:gpioCallbackFunctions)
                  2000158c    00000008     rtsv7M4_T_le_v4SPD16_eabi.lib : _lock.c.obj (.data:$O1$$)
                  20001594    00000008     drivers_cc26x2_v1.aem4f : PINCC26XX.oem4f (.data)
                  2000159c    00000008     release_pem4f.oem4f (.data:ti_sysbios_family_arm_m3_Hwi_Module__root__V)
                  200015a4    00000008     release_pem4f.oem4f (.data:ti_sysbios_gates_GateHwi_Module__root__V)
                  200015ac    00000008     release_pem4f.oem4f (.data:ti_sysbios_gates_GateMutex_Module__root__V)
                  200015b4    00000008     release_pem4f.oem4f (.data:ti_sysbios_hal_Hwi_Module__root__V)
                  200015bc    00000008     release_pem4f.oem4f (.data:ti_sysbios_heaps_HeapMem_Module__root__V)
                  200015c4    00000008     release_pem4f.oem4f (.data:ti_sysbios_knl_Clock_Module__root__V)
                  200015cc    00000008     release_pem4f.oem4f (.data:ti_sysbios_knl_Event_Module__root__V)
                  200015d4    00000008     release_pem4f.oem4f (.data:ti_sysbios_knl_Mailbox_Module__root__V)
                  200015dc    00000008     release_pem4f.oem4f (.data:ti_sysbios_knl_Queue_Module__root__V)
                  200015e4    00000008     release_pem4f.oem4f (.data:ti_sysbios_knl_Semaphore_Module__root__V)
                  200015ec    00000008     release_pem4f.oem4f (.data:ti_sysbios_knl_Swi_Module__root__V)
                  200015f4    00000008     release_pem4f.oem4f (.data:ti_sysbios_knl_Task_Module__root__V)
                  200015fc    00000008     release_pem4f.oem4f (.data:xdc_runtime_System_Module_State_0_atexitHandlers__A)
                  20001604    00000005     drivers_cc26x2_v1.aem4f : GPIOCC26XX.oem4f (.data)
                  20001609    00000001     --HOLE--
                  2000160a    00000002     release_pem4f.oem4f (.data:ti_sysbios_family_arm_m3_Hwi_Module_State_0_excActive__A)
                  2000160c    00000004     drivers_cc26x2_v1.aem4f : GPIOCC26XX.oem4f (.data:gpioPinTable)
                  20001610    00000004     rtsv7M4_T_le_v4SPD16_eabi.lib : stkdepth_vars.c.obj (.data)
                  20001614    00000004     release_pem4f.oem4f (.data:ti_sysbios_family_arm_m3_Hwi_Module_State_0_excContext__A)
                  20001618    00000004     release_pem4f.oem4f (.data:ti_sysbios_family_arm_m3_Hwi_Module_State_0_excStack__A)
                  2000161c    00000004     release_pem4f.oem4f (.data:ti_sysbios_knl_Task_Module_State_0_idleTask__A)

.bss       0    20001620    0000044d     UNINITIALIZED
                  20001620    00000200     release_pem4f.oem4f (.bss:taskStackSection)
                  20001820    000000d8     (.common:ti_sysbios_family_arm_m3_Hwi_dispatchTable)
                  200018f8    0000007c     (.common:pinHandleTable)
                  20001974    00000034     drivers_cc26x2_v1.aem4f : PINCC26XX.oem4f (.bss:pinSwi)
                  200019a8    00000020                             : GPIOCC26XX.oem4f (.bss:gpioCallbackInfo)
                  200019c8    00000020                             : PINCC26XX.oem4f (.bss:pinGpioConfigTable)
                  200019e8    0000001c                             : PINCC26XX.oem4f (.bss:pinHwi)
                  20001a04    0000001c                             : PINCC26XX.oem4f (.bss:pinSemaphore)
                  20001a20    00000014     driverlib.lib : osc.obj (.bss:oscHfGlobals)
                  20001a34    00000014     drivers_cc26x2_v1.aem4f : GPIOCC26XX.oem4f (.bss:powerNotifyObj)
                  20001a48    0000000c                             : GPIOCC26XX.oem4f (.bss:gpioPinState)
                  20001a54    00000008                             : GPIOCC26XX.oem4f (.bss)
                  20001a5c    00000004                             : PINCC26XX.oem4f (.bss)
                  20001a60    00000004     (.common:ClockP_tickPeriod)
                  20001a64    00000004     (.common:PowerCC26XX_swiKey)
                  20001a68    00000004     (.common:PowerCC26XX_taskKey)
                  20001a6c    00000001     (.common:driverlib_release_0_52354)

.stack     0    20013c00    00000400     UNINITIALIZED
                  20013c00    00000400     --HOLE--

.priheap   0    20000110    00001000     UNINITIALIZED
                  20000110    00001000     --HOLE--

.data:xdcRomConstPtr 
*          0    20000100    00000004     UNINITIALIZED
                  20000100    00000004     release_pem4f.oem4f (.data:xdcRomConstPtr)

.data:xdcRomExternFuncPtr 
*          0    20000104    00000004     UNINITIALIZED
                  20000104    00000004     release_pem4f.oem4f (.data:xdcRomExternFuncPtr)

.data:xdcRomStatePtr 
*          0    20000108    00000004     UNINITIALIZED
                  20000108    00000004     release_pem4f.oem4f (.data:xdcRomStatePtr)

.bootVecs 
*          0    00000000    00000008     DSECT
                  00000000    00000008     boot.aem4f : boot.oem4f (.bootVecs)

.resetVecs 
*          0    00000000    0000003c     
                  00000000    0000003c     release_pem4f.oem4f (.resetVecs)

.vecs      0    20000000    000000d8     NOLOAD SECTION
                  20000000    000000d8     release_pem4f.oem4f (.vecs)

xdc.meta   0    00000000    00000108     COPY SECTION
                  00000000    00000108     release_pem4f.oem4f (xdc.meta)

xdc.noload 
*          0    00000000    00000000     COPY SECTION

.text      0    0000003c    00002e7c     
                  0000003c    000001c0     drivers_cc26x2_v1.aem4f : PINCC26XX.oem4f (.text:PIN_init)
                  000001fc    000001a4                             : PowerCC26X2.oem4f (.text:Power_sleep)
                  000003a0    00000194                             : PowerCC26X2_calibrateRCOSC.oem4f (.text:runCalibrateFsm)
                  00000534    0000015c                             : PowerCC26X2_calibrateRCOSC.oem4f (.text:calibrateRcoscHf1)
                  00000690    00000148     driverlib.lib : setup.obj (.text:TrimAfterColdResetWakeupFromShutDown)
                  000007d8    00000130     drivers_cc26x2_v1.aem4f : PowerCC26X2.oem4f (.text:Power_init)
                  00000908    00000118     driverlib.lib : sys_ctrl.obj (.text:NOROM_SysCtrlStandby)
                  00000a20    00000100     drivers_cc26x2_v1.aem4f : GPIOCC26XX.oem4f (.text:GPIO_setConfig)
                  00000b20    000000e4     rom_sysbios.aem4f : rom_sysbios.obj (.text:pthread_create)
                  00000c04    000000e0     drivers_cc26x2_v1.aem4f : PINCC26XX.oem4f (.text:PINCC26XX_setIoCfg)
                  00000ce4    000000d8                             : GPIOCC26XX.oem4f (.text:GPIO_init)
                  00000dbc    000000c8                             : PowerCC26X2.oem4f (.text:Power_releaseDependency)
                  00000e84    000000c4                             : PowerCC26X2.oem4f (.text:Power_setDependency)
                  00000f48    000000b4     dpl_cc26x2_v1.aem4f : PowerCC26X2_tirtos.oem4f (.text:PowerCC26XX_standbyPolicy)
                  00000ffc    000000a0     auto_init.aem4f : auto_init.oem4f (.text)
                  0000109c    000000a0     rom_sysbios.aem4f : rom_sysbios.obj (.text:ti_sysbios_knl_Task_setPri__E)
                  0000113c    0000009c     rtsv7M4_T_le_v4SPD16_eabi.lib : memcpy_t2.asm.obj (.text)
                  000011d8    00000098     driverlib.lib : setup.obj (.text:NOROM_SetupTrimDevice)
                  00001270    00000098     rom_sysbios.aem4f : rom_sysbios.obj (.text:ti_sysbios_knl_Clock_workFuncDynamic__E)
                  00001308    00000096     rtsv7M4_T_le_v4SPD16_eabi.lib : ull_div_t2.asm.obj (.text)
                  0000139e    00000002                                   : _lock.c.obj (.text:_nop)
                  000013a0    00000094     drivers_cc26x2_v1.aem4f : PINCC26XX.oem4f (.text:PIN_open)
                  00001434    00000088     driverlib.lib : osc.obj (.text:NOROM_OSCHF_AttemptToSwitchToXosc)
                  000014bc    00000088     rom_sysbios.aem4f : rom_sysbios.obj (.text:_pthread_removeThreadKeys)
                  00001544    00000088     drivers_cc26x2_v1.aem4f : PowerCC26X2_calibrateRCOSC.oem4f (.text:calibrateRcoscHf2)
                  000015cc    00000084     CC26X2R1_LAUNCHXL_fxns.obj (.text:CC26X2R1_LAUNCHXL_sendExtFlashByte)
                  00001650    00000080     driverlib.lib : setup_rom.obj (.text:NOROM_SetupStepVddrTrimTo)
                  000016d0    00000080     rom_sysbios.aem4f : rom_sysbios.obj (.text:ti_sysbios_family_arm_cc26xx_Timer_start__E)
                  00001750    0000007c     drivers_cc26x2_v1.aem4f : PowerCC26X2_calibrateRCOSC.oem4f (.text:updateSubSecInc)
                  000017cc    0000007a     rtsv7M4_T_le_v4SPD16_eabi.lib : memset_t2.asm.obj (.text)
                  00001846    00000002     drivers_cc26x2_v1.aem4f : PowerCC26X2.oem4f (.text:emptyClockFunc)
                  00001848    00000074                             : PowerCC26X2_calibrateRCOSC.oem4f (.text:PowerCC26X2_auxISR)
                  000018bc    0000006c     driverlib.lib : setup_rom.obj (.text:NOROM_SetupAfterColdResetWakeupFromShutDownCfg1)
                  00001928    0000006c     drivers_cc26x2_v1.aem4f : PINCC26XX.oem4f (.text:PIN_add)
                  00001994    00000068     driverlib.lib : osc.obj (.text:NOROM_OSCHF_SwitchToRcOscTurnOffXosc)
                  000019fc    00000068     rtsv7M4_T_le_v4SPD16_eabi.lib : copy_decompress_lzss.c.obj (.text:decompress:lzss:__TI_decompress_lzss)
                  00001a64    00000064     main_tirtos.obj (.text:main)
                  00001ac8    00000060     drivers_cc26x2_v1.aem4f : GPIOCC26XX.oem4f (.text:GPIO_write)
                  00001b28    0000005c                             : PINCC26XX.oem4f (.text:PIN_remove)
                  00001b84    0000005c     rom_sysbios.aem4f : rom_sysbios.obj (.text:ti_sysbios_heaps_HeapMem_initPrimary__I)
                  00001be0    0000005c     release_pem4f.oem4f (.text:xdc_runtime_Startup_getState__I)
                  00001c3c    00000058     drivers_cc26x2_v1.aem4f : PowerCC26X2_calibrateRCOSC.oem4f (.text:PowerCC26X2_initiateCalibration)
                  00001c94    00000058     boot.aem4f : boot.oem4f (.text)
                  00001cec    00000058     drivers_cc26x2_v1.aem4f : PowerCC26X2.oem4f (.text:disableLFClockQualifiers)
                  00001d44    00000058     rom_sysbios.aem4f : rom_sysbios.obj (.text:pthread_exit)
                  00001d9c    00000054     drivers_cc26x2_v1.aem4f : GPIOCC26XX.oem4f (.text:powerPostNotify)
                  00001df0    00000050     dpl_cc26x2_v1.aem4f : ClockP_tirtos.oem4f (.text:ClockP_construct)
                  00001e40    00000050     drivers_cc26x2_v1.aem4f : GPIOCC26XX.oem4f (.text:GPIO_enableInt)
                  00001e90    00000050     driverlib.lib : chipinfo.obj (.text:NOROM_ChipInfo_GetChipType)
                  00001ee0    00000050     drivers_cc26x2_v1.aem4f : PowerCC26X2.oem4f (.text:configureXOSCHF)
                  00001f30    0000004c     CC26X2R1_LAUNCHXL_fxns.obj (.text:CC26X2R1_LAUNCHXL_wakeUpExtFlash)
                  00001f7c    0000004c     rtsv7M4_T_le_v4SPD16_eabi.lib : cpy_tbl.c.obj (.text:copy_in)
                  00001fc8    00000044     driverlib.lib : chipinfo.obj (.text:NOROM_ChipInfo_GetHwRevision)
                  0000200c    00000044     drivers_cc26x2_v1.aem4f : PINCC26XX.oem4f (.text:PIN_swi)
                  00002050    00000044                             : PowerCC26X2.oem4f (.text:switchXOSCHF)
                  00002094    00000040     CC26X2R1_LAUNCHXL_fxns.obj (.text:CC26X2R1_LAUNCHXL_shutDownExtFlash)
                  000020d4    00000040     driverlib.lib : setup.obj (.text:Step_RCOSCHF_CTRIM)
                  00002114    00000040                   : setup.obj (.text:Step_VBG)
                  00002154    00000040     rom_sysbios.aem4f : rom_sysbios.obj (.text:ti_sysbios_family_arm_cc26xx_Timer_setThreshold__I)
                  00002194    0000003e     dpl_cc26x2_v1.aem4f : HwiP_tirtos.oem4f (.text:HwiP_construct)
                  000021d2    00000002     rtsv7M4_T_le_v4SPD16_eabi.lib : div0.asm.obj (.text)
                  000021d4    0000003c     drivers_cc26x2_v1.aem4f : PINCC26XX.oem4f (.text:PIN_setOutputValue)
                  00002210    0000003c     dpl_cc26x2_v1.aem4f : SwiP_tirtos.oem4f (.text:SwiP_construct)
                  0000224c    0000003c     rom_sysbios.aem4f : rom_sysbios.obj (.text:ti_sysbios_family_arm_m3_Hwi_construct2__E)
                  00002288    00000038     drivers_cc26x2_v1.aem4f : PINCC26XX.oem4f (.text:PIN_setInterrupt)
                  000022c0    00000038                             : PowerCC26X2.oem4f (.text:notify)
                  000022f8    00000034                             : GPIOCC26XX.oem4f (.text:GPIO_toggle)
                  0000232c    00000034     driverlib.lib : aux_sysif.obj (.text:NOROM_AUXSYSIFOpModeChange)
                  00002360    00000034                   : sys_ctrl.obj (.text:NOROM_SysCtrlIdle)
                  00002394    00000034     drivers_cc26x2_v1.aem4f : PINCC26XX.oem4f (.text:PIN_setConfig)
                  000023c8    00000034                             : PowerCC26X2.oem4f (.text:Power_releaseConstraint)
                  000023fc    00000032     rom_sysbios.aem4f : rom_sysbios.obj (.text:ti_sysbios_family_arm_cc26xx_Timer_setNextTick__E)
                  0000242e    00000002     release_pem4f.oem4f (.text:ti_sysbios_BIOS_nullFunc__I)
                  00002430    00000030     drivers_cc26x2_v1.aem4f : GPIOCC26XX.oem4f (.text:GPIO_hwiIntFxn)
                  00002460    00000030                             : PowerCC26X2.oem4f (.text:Power_setConstraint)
                  00002490    00000030                             : PowerCC26X2_calibrateRCOSC.oem4f (.text:startTDC)
                  000024c0    00000030     release_pem4f.oem4f (.text:ti_sysbios_BIOS_atExitFunc__I)
                  000024f0    00000030     release_pem4f.oem4f (.text:ti_sysbios_BIOS_startFunc__I)
                  00002520    00000030     rom_sysbios.aem4f : rom_sysbios.obj (.text:ti_sysbios_family_arm_cc26xx_Timer_getCurrentTick__E)
                  00002550    00000030                       : rom_sysbios.obj (.text:ti_sysbios_family_arm_cc26xx_Timer_initDevice__I)
                  00002580    0000002c     drivers_cc26x2_v1.aem4f : GPIOCC26XX.oem4f (.text:GPIO_setCallback)
                  000025ac    0000002c     dpl_cc26x2_v1.aem4f : SemaphoreP_tirtos.oem4f (.text:SemaphoreP_constructBinary)
                  000025d8    0000002c                         : SemaphoreP_tirtos.oem4f (.text:SemaphoreP_createBinary)
                  00002604    0000002c     rom_sysbios.aem4f : rom_sysbios.obj (.text:_pthread_delete$44)
                  00002630    0000002c                       : rom_sysbios.obj (.text:pthread_setcancelstate)
                  0000265c    0000002c                       : rom_sysbios.obj (.text:ti_sysbios_knl_Clock_getTicksUntilInterrupt__E)
                  00002688    0000002a     empty.obj (.text:mainThread)
                  000026b2    00000002     release_pem4f.oem4f (.text:ti_sysbios_rom_cortexm_cc26xx_agama_CC26xx_badRomRevision__E)
                  000026b4    00000028     dpl_cc26x2_v1.aem4f : PowerCC26X2_tirtos.oem4f (.text:PowerCC26XX_schedulerDisable)
                  000026dc    00000028                         : PowerCC26X2_tirtos.oem4f (.text:PowerCC26XX_schedulerRestore)
                  00002704    00000028     drivers_cc26x2_v1.aem4f : PowerCC26X2.oem4f (.text:Power_registerNotify)
                  0000272c    00000028                             : PowerCC26X2.oem4f (.text:oscillatorISR)
                  00002754    00000026                             : List.oem4f (.text:List_put)
                  0000277a    00000002     rom_sysbios.aem4f : rom_sysbios.obj (.text:xdc_runtime_SysCallback_defaultAbort)
                  0000277c    00000024     driverlib.lib : osc.obj (.text:NOROM_OSCHF_TurnOnXosc)
                  000027a0    00000024     rom_sysbios.aem4f : rom_sysbios.obj (.text:_pthread_cleanupFxn)
                  000027c4    00000024     drivers_cc26x2_v1.aem4f : PowerCC26X2_calibrateRCOSC.oem4f (.text:getTdcSemaphore)
                  000027e8    00000024     rom_sysbios.aem4f : rom_sysbios.obj (.text:pthread_attr_init)
                  0000280c    00000024     release_pem4f.oem4f (.text:ti_sysbios_BIOS_registerRTSLock__I)
                  00002830    00000024     release_pem4f.oem4f (.text:ti_sysbios_BIOS_removeRTSLock__I)
                  00002854    00000024     rom_sysbios.aem4f : rom_sysbios.obj (.text:ti_sysbios_family_arm_cc26xx_Timer_getMaxTicks__E)
                  00002878    00000020                       : rom_sysbios.obj (.text:sleep)
                  00002898    00000020     release_pem4f.oem4f (.text:ti_sysbios_BIOS_rtsLock__I)
                  000028b8    00000020     rom_sysbios.aem4f : rom_sysbios.obj (.text:ti_sysbios_family_arm_cc26xx_Timer_dynamicStub__E)
                  000028d8    00000020                       : rom_sysbios.obj (.text:xdc_runtime_Error_policyMin__E)
                  000028f8    0000001e     drivers_cc26x2_v1.aem4f : PINCC26XX.oem4f (.text:PIN_close)
                  00002916    0000001e                             : PowerCC26X2.oem4f (.text:Power_getTransitionLatency)
                  00002934    0000001c     CC26X2R1_LAUNCHXL.obj (.text:CC26X2R1_LAUNCHXL_initGeneral)
                  00002950    0000001c     driverlib.lib : chipinfo.obj (.text:NOROM_ChipInfo_GetChipFamily)
                  0000296c    0000001c     drivers_cc26x2_v1.aem4f : PINCC26XX.oem4f (.text:PINCC26XX_setIoCfgMux)
                  00002988    0000001c                             : PINCC26XX.oem4f (.text:PIN_hwi)
                  000029a4    0000001c     release_pem4f.oem4f (.text:ti_sysbios_BIOS_errorRaiseHook__I)
                  000029c0    0000001c     rom_sysbios.aem4f : rom_sysbios.obj (.text:ti_sysbios_knl_Swi_construct2__E)
                  000029dc    0000001c     release_pem4f.oem4f (.text:xdc_runtime_Startup_exec__I)
                  000029f8    0000001a     drivers_cc26x2_v1.aem4f : PowerCC26X2.oem4f (.text:PowerCC26XX_calibrate)
                  00002a12    00000002     rom_sysbios.aem4f : rom_sysbios.obj (.text:xdc_runtime_SysCallback_defaultExit)
                  00002a14    00000018     driverlib.lib : chipinfo.obj (.text:NOROM_ChipInfo_GetPackageType)
                  00002a2c    00000018     drivers_cc26x2_v1.aem4f : PowerCC26X2.oem4f (.text:Power_idleFunc)
                  00002a44    00000018     rtsv7M4_T_le_v4SPD16_eabi.lib : args_main.c.obj (.text:_args_main)
                  00002a5c    00000018                                   : ll_mul_t2.asm.obj (.text)
                  00002a74    00000018     release_pem4f.oem4f (.text:ti_sysbios_BIOS_rtsUnlock__I)
                  00002a8c    00000018     rom_sysbios.aem4f : rom_sysbios.obj (.text:ti_sysbios_knl_Swi_or__E)
                  00002aa4    00000018     release_pem4f.oem4f (.text:ti_sysbios_rom_cortexm_cc26xx_agama_CC26xx_checkRevision__E)
                  00002abc    00000018     rom_sysbios.aem4f : rom_sysbios.obj (.text:xdc_runtime_Error_init__E)
                  00002ad4    00000016     driverlib.lib : chipinfo.obj (.text:NOROM_ThisLibraryIsFor_CC13x2_CC26x2_HwRev1x_HaltIfViolated)
                  00002aea    00000016     rom_sysbios.aem4f : rom_sysbios.obj (.text:_pthread_cleanup_pop)
                  00002b00    00000016     release_pem4f.oem4f (.text:ti_sysbios_BIOS_exitFunc__I)
                  00002b16    00000014     drivers_cc26x2_v1.aem4f : PowerCC26X2_calibrateRCOSC.oem4f (.text:PowerCC26X2_calibrate)
                  00002b2a    00000002     rom_sysbios.aem4f : rom_sysbios.obj (.text:xdc_runtime_SysCallback_defaultFlush)
                  00002b2c    00000014     drivers_cc26x2_v1.aem4f : PowerCC26X2.oem4f (.text:configureRFCoreClocks)
                  00002b40    00000014     rom_sysbios.aem4f : rom_sysbios.obj (.text:pthread_attr_setschedparam)
                  00002b54    00000014                       : rom_sysbios.obj (.text:ti_sysbios_family_arm_cc26xx_Timer_getCount64__E)
                  00002b68    00000014     release_pem4f.oem4f (.text:ti_sysbios_knl_Clock_doTick__I)
                  00002b7c    00000012     dpl_cc26x2_v1.aem4f : SemaphoreP_tirtos.oem4f (.text:SemaphoreP_pend)
                  00002b8e    00000012     rom_sysbios.aem4f : rom_sysbios.obj (.text:_pthread_runStub$44)
                  00002ba0    00000010     dpl_cc26x2_v1.aem4f : HwiP_tirtos.oem4f (.text:HwiP_Params_init)
                  00002bb0    00000010     drivers_cc26x2_v1.aem4f : PINCC26XX.oem4f (.text:PINCC26XX_getPinCount)
                  00002bc0    00000010     dpl_cc26x2_v1.aem4f : SwiP_tirtos.oem4f (.text:SwiP_Params_init)
                  00002bd0    00000010     rom_sysbios.aem4f : rom_sysbios.obj (.text:xdc_runtime_SysCallback_flush__E)
                  00002be0    00000010                       : rom_sysbios.obj (.text:xdc_runtime_SysCallback_putch__E)
                  00002bf0    00000010                       : rom_sysbios.obj (.text:xdc_runtime_SysCallback_ready__E)
                  00002c00    0000000e     rtsv7M4_T_le_v4SPD16_eabi.lib : copy_decompress_none.c.obj (.text:decompress:none:__TI_decompress_none)
                  00002c0e    0000000e     rom_sysbios.aem4f : rom_sysbios.obj (.text:pthread_attr_setdetachstate)
                  00002c1c    0000000e                       : rom_sysbios.obj (.text:ti_sysbios_family_arm_cc26xx_TimestampProvider_get32__E)
                  00002c2a    0000000c     driverlib.lib : cpu.obj (.text:NOROM_CPUcpsid)
                  00002c36    0000000c                   : cpu.obj (.text:NOROM_CPUcpsie)
                  00002c42    0000000c     drivers_cc26x2_v1.aem4f : PINCC26XX.oem4f (.text:PIN_registerIntCb)
                  00002c4e    00000002     rom_sysbios.aem4f : rom_sysbios.obj (.text:xdc_runtime_SysCallback_defaultPutch)
                  00002c50    0000000c     drivers_cc26x2_v1.aem4f : PowerCC26X2.oem4f (.text:Power_getConstraintMask)
                  00002c5c    0000000c                             : PowerCC26X2.oem4f (.text:Power_getDependencyCount)
                  00002c68    0000000c     dpl_cc26x2_v1.aem4f : SemaphoreP_tirtos.oem4f (.text:SemaphoreP_delete)
                  00002c74    0000000c     rtsv7M4_T_le_v4SPD16_eabi.lib : _lock.c.obj (.text:_register_lock)
                  00002c80    0000000c                                   : _lock.c.obj (.text:_register_unlock)
                  00002c8c    0000000c                                   : copy_zero_init.c.obj (.text:decompress:ZI:__TI_zero_init)
                  00002c98    0000000c     rom_sysbios.aem4f : rom_sysbios.obj (.text:pthread_self)
                  00002ca4    0000000c                       : rom_sysbios.obj (.text:ti_sysbios_knl_Swi_getTrigger__E)
                  00002cb0    0000000c     release_pem4f.oem4f (.text:xdc_runtime_Startup_reset__I)
                  00002cbc    0000000a     dpl_cc26x2_v1.aem4f : ClockP_tirtos.oem4f (.text:ClockP_Params_init)
                  00002cc6    00000008     CC26X2R1_LAUNCHXL_fxns.obj (.text:Board_initHook)
                  00002cce    00000006     driverlib.lib : cpu.obj (.text:NOROM_CPUdelay)
                  00002cd4    00000006     rom_sysbios.aem4f : rom_sysbios.obj (.text:pthread_attr_setstacksize)
                  00002cda    00000004     dpl_cc26x2_v1.aem4f : PowerCC26X2_tirtos.oem4f (.text:CPUwfi)
                  00002cde    00000004                         : HwiP_tirtos.oem4f (.text:HwiP_disable)
                  00002ce2    00000004                         : SemaphoreP_tirtos.oem4f (.text:SemaphoreP_post)
                  00002ce6    00000004                         : SwiP_tirtos.oem4f (.text:SwiP_disable)
                  00002cea    00000004                         : SwiP_tirtos.oem4f (.text:SwiP_getTrigger)
                  00002cee    00000004                         : SwiP_tirtos.oem4f (.text:SwiP_or)
                  00002cf2    00000004     drivers_cc26x2_v1.aem4f : PowerCC26X2.oem4f (.text:nopResourceHandler)
                  00002cf6    00000004     rom_sysbios.aem4f : rom_sysbios.obj (.text:ti_sysbios_knl_Queue_insert__E)
                  00002cfa    00000004                       : rom_sysbios.obj (.text:ti_sysbios_knl_Task_getArg1__E)
                  00002cfe    00000004                       : rom_sysbios.obj (.text:ti_sysbios_knl_Task_getEnv__E)
                  00002d02    00000004                       : rom_sysbios.obj (.text:xdc_runtime_SysCallback_defaultReady)
                  00002d06    00000002     --HOLE-- [fill = 0]
                  00002d08    00000008     (.tramp.ti_sysbios_family_arm_m3_Hwi_disableFxn__E.1)
                  00002d10    00000008     (.tramp.ti_sysbios_knl_Task_self__E.1)
                  00002d18    00000008     (.tramp.ti_sysbios_knl_Semaphore_delete.1)
                  00002d20    00000008     (.tramp.ti_sysbios_knl_Clock_logTick__E.1)
                  00002d28    00000008     (.tramp.ti_sysbios_knl_Swi_post__E.1)
                  00002d30    00000008     (.tramp.ti_sysbios_BIOS_RtsGateProxy_leave__E.1)
                  00002d38    00000008     (.tramp.ti_sysbios_knl_Swi_construct.1)
                  00002d40    00000008     (.tramp.ti_sysbios_BIOS_RtsGateProxy_enter__E.1)
                  00002d48    00000008     (.tramp.ti_sysbios_knl_Task_sleep__E.1)
                  00002d50    00000008     (.tramp.ti_sysbios_knl_Task_delete.1)
                  00002d58    00000008     (.tramp.ti_sysbios_knl_Semaphore_destruct.1)
                  00002d60    00000008     (.tramp.ti_sysbios_knl_Semaphore_create.1)
                  00002d68    00000008     (.tramp.ti_sysbios_knl_Task_startup__E.1)
                  00002d70    00000008     (.tramp.ti_sysbios_knl_Swi_startup__E.1)
                  00002d78    00000008     (.tramp.ti_sysbios_hal_Hwi_startup__E.1)
                  00002d80    00000008     (.tramp.ti_sysbios_family_arm_cc26xx_Timer_startup__E.1)
                  00002d88    00000008     (.tramp.xdc_runtime_System_atexit__E.1)
                  00002d90    00000008     (.tramp.ti_sysbios_BIOS_linkedWithIncorrectBootLibrary__E.1)
                  00002d98    00000008     (.tramp.xdc_runtime_Startup_rtsDone__E.1)
                  00002da0    00000008     (.tramp.ti_sysbios_BIOS_setThreadType__E.1)
                  00002da8    00000008     (.tramp.ti_sysbios_knl_Swi_disable__E.1)
                  00002db0    00000008     (.tramp.ti_sysbios_family_arm_m3_Hwi_construct.1)
                  00002db8    00000008     (.tramp.ti_sysbios_knl_Swi_Params__init__S.1)
                  00002dc0    00000008     (.tramp.ti_sysbios_family_arm_m3_Hwi_Params__init__S.1)
                  00002dc8    00000008     (.tramp.ti_sysbios_knl_Clock_construct.1)
                  00002dd0    00000008     (.tramp.ti_sysbios_knl_Clock_Params__init__S.1)
                  00002dd8    00000008     (.tramp.xdc_runtime_System_exit__E.1)
                  00002de0    00000008     (.tramp.ti_sysbios_heaps_HeapMem_restore__E.1)
                  00002de8    00000008     (.tramp.ti_sysbios_heaps_HeapMem_Object__get__S.1)
                  00002df0    00000008     (.tramp.ti_sysbios_BIOS_start__E.1)
                  00002df8    00000008     (.tramp.ti_sysbios_knl_Semaphore_post__E.1)
                  00002e00    00000008     (.tramp.xdc_runtime_Memory_free__E.1)
                  00002e08    00000008     (.tramp.ti_sysbios_knl_Queue_next__E.1)
                  00002e10    00000008     (.tramp.ti_sysbios_knl_Queue_head__E.1)
                  00002e18    00000008     (.tramp.ti_sysbios_knl_Semaphore_pend__E.1)
                  00002e20    00000008     (.tramp.ti_sysbios_knl_Clock_scheduleNextTick__E.1)
                  00002e28    00000008     (.tramp.ti_sysbios_knl_Clock_walkQueueDynamic__E.1)
                  00002e30    00000008     (.tramp.ti_sysbios_knl_Clock_TimerProxy_getCurrentTick__E.1)
                  00002e38    00000008     (.tramp.ti_sysbios_knl_Task_restore__E.1)
                  00002e40    00000008     (.tramp.ti_sysbios_knl_Queue_enqueue__E.1)
                  00002e48    00000008     (.tramp.ti_sysbios_knl_Queue_empty__E.1)
                  00002e50    00000008     (.tramp.ti_sysbios_knl_Queue_remove__E.1)
                  00002e58    00000008     (.tramp.ti_sysbios_knl_Task_disable__E.1)
                  00002e60    00000008     (.tramp.ti_sysbios_knl_Clock_stop__E.1)
                  00002e68    00000008     (.tramp.ti_sysbios_knl_Clock_start__E.1)
                  00002e70    00000008     (.tramp.ti_sysbios_knl_Clock_setTimeout__E.1)
                  00002e78    00000008     (.tramp.ti_sysbios_knl_Task_create.1)
                  00002e80    00000008     (.tramp.ti_sysbios_knl_Semaphore_construct.1)
                  00002e88    00000008     (.tramp.ti_sysbios_knl_Semaphore_Params__init__S.1)
                  00002e90    00000008     (.tramp.ti_sysbios_knl_Queue_construct.1)
                  00002e98    00000008     (.tramp.xdc_runtime_Memory_alloc__E.1)
                  00002ea0    00000008     (.tramp.ti_sysbios_knl_Task_Params__init__S.1)
                  00002ea8    00000008     (.tramp.ti_sysbios_family_arm_m3_Hwi_restoreFxn__E.1)
                  00002eb0    00000008     (.tramp.ti_sysbios_knl_Swi_restore__E.1)

.const     0    00002eb8    0000054c     
                  00002eb8    00000338     release_pem4f.oem4f (.const:ROM_constStruct)
                  000031f0    00000054     drivers_cc26x2_v1.aem4f : PowerCC26X2.oem4f (.const:resourceDB)
                  00003244    00000048     release_pem4f.oem4f (.const:.string)
                  0000328c    00000044     release_pem4f.oem4f (.const:ROM_externFuncPtrs)
                  000032d0    0000002c     CC26X2R1_LAUNCHXL.obj (.const:BoardGpioInitTable)
                  000032fc    00000024     release_pem4f.oem4f (.const:xdc_runtime_Startup_sfxnTab__A)
                  00003320    00000018     drivers_cc26x2_v1.aem4f : GPIOCC26XX.oem4f (.const:interruptType)
                  00003338    00000014     CC26X2R1_LAUNCHXL_fxns.obj (.const:$P$T1$2)
                  0000334c    00000014     CC26X2R1_LAUNCHXL.obj (.const:GPIOCC26XX_config)
                  00003360    00000012     release_pem4f.oem4f (.const:xdc_runtime_Startup_sfxnRts__A)
                  00003372    00000001     release_pem4f.oem4f (.const:xdc_runtime_Text_charTab__A)
                  00003373    00000001     --HOLE-- [fill = 0]
                  00003374    00000010     CC26X2R1_LAUNCHXL.obj (.const:PowerCC26X2_config)
                  00003384    00000010     drivers_cc26x2_v1.aem4f : GPIOCC26XX.oem4f (.const:outPinTypes)
                  00003394    0000000c                             : GPIOCC26XX.oem4f (.const:inPinTypes)
                  000033a0    0000000c                             : GPIOCC26XX.oem4f (.const:outPinStrengths)
                  000033ac    0000000c     release_pem4f.oem4f (.const:xdc_runtime_Startup_firstFxns__A)
                  000033b8    00000008     driverlib.lib : aux_sysif.obj (.const:$O1$$)
                  000033c0    00000008     CC26X2R1_LAUNCHXL_fxns.obj (.const:$P$T0$1)
                  000033c8    00000008     CC26X2R1_LAUNCHXL.obj (.const:PINCC26XX_hwAttrs)
                  000033d0    00000008     release_pem4f.oem4f (.const:ti_sysbios_knl_Idle_funcList__A)
                  000033d8    00000004     release_pem4f.oem4f (.const:ti_sysbios_family_arm_cc26xx_Timer_funcHookCH1__C)
                  000033dc    00000004     release_pem4f.oem4f (.const:ti_sysbios_family_arm_cc26xx_Timer_funcHookCH2__C)
                  000033e0    00000004     release_pem4f.oem4f (.const:ti_sysbios_family_arm_m3_Hwi_swiDisable__C)
                  000033e4    00000004     release_pem4f.oem4f (.const:ti_sysbios_family_arm_m3_Hwi_swiRestoreHwi__C)
                  000033e8    00000004     release_pem4f.oem4f (.const:ti_sysbios_heaps_HeapMem_primaryHeapBaseAddr__C)
                  000033ec    00000004     release_pem4f.oem4f (.const:ti_sysbios_heaps_HeapMem_primaryHeapEndAddr__C)
                  000033f0    00000004     release_pem4f.oem4f (.const:ti_sysbios_knl_Clock_tickPeriod__C)
                  000033f4    00000004     release_pem4f.oem4f (.const:ti_sysbios_knl_Task_Object__heap__C)
                  000033f8    00000004     release_pem4f.oem4f (.const:xdc_runtime_SysCallback_flushFxn__C)
                  000033fc    00000004     release_pem4f.oem4f (.const:xdc_runtime_SysCallback_putchFxn__C)
                  00003400    00000004     release_pem4f.oem4f (.const:xdc_runtime_SysCallback_readyFxn__C)

MODULE SUMMARY

       Module                             code    ro data   rw data
       ------                             ----    -------   -------
    .\
       CC26X2R1_LAUNCHXL_fxns.obj         280     28        0      
       CC26X2R1_LAUNCHXL.obj              28      88        60     
       main_tirtos.obj                    100     0         0      
       ccfg.obj                           0       88        0      
       empty.obj                          42      0         0      
    +--+----------------------------------+-------+---------+---------+
       Total:                             450     204       60     
                                                                   
    D:\Users\71702\workspace_v8\tirtos_builds_CC26X2R1_LAUNCHXL_release_ccs\Debug\configPkg\package\cfg\
       release_pem4f.oem4f                454     1143      1826   
    +--+----------------------------------+-------+---------+---------+
       Total:                             454     1143      1826   
                                                                   
    D:/ti/simplelink_cc26x2_sdk_2_30_00_34/kernel/tirtos/packages/ti/dpl/lib/dpl_cc26x2_v1.aem4f
       PowerCC26X2_tirtos.oem4f           264     0         8      
       SemaphoreP_tirtos.oem4f            122     0         0      
       ClockP_tirtos.oem4f                90      0         4      
       SwiP_tirtos.oem4f                  88      0         0      
       HwiP_tirtos.oem4f                  82      0         0      
    +--+----------------------------------+-------+---------+---------+
       Total:                             646     0         12     
                                                                   
    D:/ti/simplelink_cc26x2_sdk_2_30_00_34/source/ti/devices/cc13x2_cc26x2_v1/driverlib/bin/ccs/driverlib.lib
       setup.obj                          608     0         0      
       sys_ctrl.obj                       332     0         0      
       osc.obj                            276     0         20     
       setup_rom.obj                      236     0         0      
       chipinfo.obj                       222     0         0      
       aux_sysif.obj                      52      8         0      
       cpu.obj                            30      0         0      
       driverlib_release.obj              0       0         1      
    +--+----------------------------------+-------+---------+---------+
       Total:                             1756    8         21     
                                                                   
    D:/ti/simplelink_cc26x2_sdk_2_30_00_34/source/ti/drivers/lib/drivers_cc26x2_v1.aem4f
       PowerCC26X2.oem4f                  1722    84        200    
       PINCC26XX.oem4f                    1370    0         276    
       PowerCC26X2_calibrateRCOSC.oem4f   1320    0         0      
       GPIOCC26XX.oem4f                   876     64        81     
       List.oem4f                         38      0         0      
    +--+----------------------------------+-------+---------+---------+
       Total:                             5326    148       557    
                                                                   
    D:\Users\71702\workspace_v8\tirtos_builds_CC26X2R1_LAUNCHXL_release_ccs\src\sysbios\rom_sysbios.aem4f
       rom_sysbios.obj                    1876    0         136    
    +--+----------------------------------+-------+---------+---------+
       Total:                             1876    0         136    
                                                                   
    D:\ti\ccsv8\tools\compiler\ti-cgt-arm_18.1.3.LTS\lib\rtsv7M4_T_le_v4SPD16_eabi.lib
       memcpy_t2.asm.obj                  156     0         0      
       ull_div_t2.asm.obj                 150     0         0      
       memset_t2.asm.obj                  122     0         0      
       copy_decompress_lzss.c.obj         104     0         0      
       cpy_tbl.c.obj                      76      0         0      
       _lock.c.obj                        26      0         8      
       args_main.c.obj                    24      0         0      
       ll_mul_t2.asm.obj                  24      0         0      
       copy_decompress_none.c.obj         14      0         0      
       copy_zero_init.c.obj               12      0         0      
       stkdepth_vars.c.obj                0       0         4      
       div0.asm.obj                       2       0         0      
    +--+----------------------------------+-------+---------+---------+
       Total:                             710     0         12     
                                                                   
    D:\ti\simplelink_cc26x2_sdk_2_30_00_34\kernel\tirtos\packages\ti\targets\arm\rtsarm\lib\auto_init.aem4f
       auto_init.oem4f                    160     0         0      
    +--+----------------------------------+-------+---------+---------+
       Total:                             160     0         0      
                                                                   
    D:\ti\simplelink_cc26x2_sdk_2_30_00_34\kernel\tirtos\packages\ti\targets\arm\rtsarm\lib\boot.aem4f
       boot.oem4f                         88      0         0      
    +--+----------------------------------+-------+---------+---------+
       Total:                             88      0         0      
                                                                   
       Stack:                             0       0         1024   
       Linker Generated:                  432     504       0      
    +--+----------------------------------+-------+---------+---------+
       Grand Total:                       11898   2007      3648   


LINKER GENERATED COPY TABLES

__TI_cinit_table @ 000035d8 records: 5, size/record: 8, table size: 40
	.data: load addr=00003408, load size=000001a4 bytes, run addr=20001110, run size=00000510 bytes, compression=lzss
	.bss: load addr=000035b8, load size=00000008 bytes, run addr=20001620, run size=0000044d bytes, compression=zero_init
	.data:xdcRomConstPtr: load addr=000035c0, load size=00000008 bytes, run addr=20000100, run size=00000004 bytes, compression=lzss
	.data:xdcRomExternFuncPtr: load addr=000035c8, load size=00000008 bytes, run addr=20000104, run size=00000004 bytes, compression=lzss
	.data:xdcRomStatePtr: load addr=000035d0, load size=00000008 bytes, run addr=20000108, run size=00000004 bytes, compression=lzss


LINKER GENERATED HANDLER TABLE

__TI_handler_table @ 000035ac records: 3, size/record: 4, table size: 12
	index: 0, handler: __TI_decompress_lzss
	index: 1, handler: __TI_decompress_none
	index: 2, handler: __TI_zero_init


FAR CALL TRAMPOLINES

callee name               trampoline name
   callee addr  tramp addr   call addr  call info
--------------  -----------  ---------  ----------------
ti_sysbios_family_arm_m3_Hwi_disableFxn__E  $Tramp$TT$L$PI$$ti_sysbios_family_arm_m3_Hwi_disableFxn__E
   1003b6e1     00002d08     00002cde   dpl_cc26x2_v1.aem4f : HwiP_tirtos.oem4f (.text:HwiP_disable)
ti_sysbios_knl_Task_self__E  $Tramp$TT$L$PI$$ti_sysbios_knl_Task_self__E
   1003b681     00002d10     00002c9a   rom_sysbios.aem4f : rom_sysbios.obj (.text:pthread_self)
ti_sysbios_knl_Semaphore_delete  $Tramp$TT$L$PI$$ti_sysbios_knl_Semaphore_delete
   1003b857     00002d18     00002c6e   dpl_cc26x2_v1.aem4f : SemaphoreP_tirtos.oem4f (.text:SemaphoreP_delete)
ti_sysbios_knl_Clock_logTick__E  $Tramp$TT$L$PI$$ti_sysbios_knl_Clock_logTick__E
   1003a463     00002d20     00002b6a   release_pem4f.oem4f (.text:ti_sysbios_knl_Clock_doTick__I)
ti_sysbios_knl_Swi_post__E  $Tramp$TT$L$PI$$ti_sysbios_knl_Swi_post__E
   1003a5e9     00002d28     00002aa0   rom_sysbios.aem4f : rom_sysbios.obj (.text:ti_sysbios_knl_Swi_or__E)
                             00002b72   release_pem4f.oem4f (.text:ti_sysbios_knl_Clock_doTick__I)
ti_sysbios_BIOS_RtsGateProxy_leave__E  $Tramp$TT$L$PI$$ti_sysbios_BIOS_RtsGateProxy_leave__E
   1003b7e3     00002d30     00002a82   release_pem4f.oem4f (.text:ti_sysbios_BIOS_rtsUnlock__I)
ti_sysbios_knl_Swi_construct  $Tramp$TT$L$PI$$ti_sysbios_knl_Swi_construct
   1003a465     00002d38     000029c6   rom_sysbios.aem4f : rom_sysbios.obj (.text:ti_sysbios_knl_Swi_construct2__E)
ti_sysbios_BIOS_RtsGateProxy_enter__E  $Tramp$TT$L$PI$$ti_sysbios_BIOS_RtsGateProxy_enter__E
   1003b7df     00002d40     0000289e   release_pem4f.oem4f (.text:ti_sysbios_BIOS_rtsLock__I)
ti_sysbios_knl_Task_sleep__E  $Tramp$TT$L$PI$$ti_sysbios_knl_Task_sleep__E
   10039b21     00002d48     00002886   rom_sysbios.aem4f : rom_sysbios.obj (.text:sleep)
ti_sysbios_knl_Task_delete  $Tramp$TT$L$PI$$ti_sysbios_knl_Task_delete
   1003b86b     00002d50     00002618   rom_sysbios.aem4f : rom_sysbios.obj (.text:_pthread_delete$44)
ti_sysbios_knl_Semaphore_destruct  $Tramp$TT$L$PI$$ti_sysbios_knl_Semaphore_destruct
   1003b85b     00002d58     0000260c   rom_sysbios.aem4f : rom_sysbios.obj (.text:_pthread_delete$44)
ti_sysbios_knl_Semaphore_create  $Tramp$TT$L$PI$$ti_sysbios_knl_Semaphore_create
   1003a801     00002d60     000025f8   dpl_cc26x2_v1.aem4f : SemaphoreP_tirtos.oem4f (.text:SemaphoreP_createBinary)
ti_sysbios_knl_Task_startup__E  $Tramp$TT$L$PI$$ti_sysbios_knl_Task_startup__E
   1003b873     00002d68     00002514   release_pem4f.oem4f (.text:ti_sysbios_BIOS_startFunc__I)
ti_sysbios_knl_Swi_startup__E  $Tramp$TT$L$PI$$ti_sysbios_knl_Swi_startup__E
   1003b7d3     00002d70     00002510   release_pem4f.oem4f (.text:ti_sysbios_BIOS_startFunc__I)
ti_sysbios_hal_Hwi_startup__E  $Tramp$TT$L$PI$$ti_sysbios_hal_Hwi_startup__E
   1003b799     00002d78     0000250c   release_pem4f.oem4f (.text:ti_sysbios_BIOS_startFunc__I)
ti_sysbios_family_arm_cc26xx_Timer_startup__E  $Tramp$TT$L$PI$$ti_sysbios_family_arm_cc26xx_Timer_startup__E
   1003a9cd     00002d80     00002508   release_pem4f.oem4f (.text:ti_sysbios_BIOS_startFunc__I)
xdc_runtime_System_atexit__E  $Tramp$TT$L$PI$$xdc_runtime_System_atexit__E
   1003bc29     00002d88     00002500   release_pem4f.oem4f (.text:ti_sysbios_BIOS_startFunc__I)
ti_sysbios_BIOS_linkedWithIncorrectBootLibrary__E  $Tramp$TT$L$PI$$ti_sysbios_BIOS_linkedWithIncorrectBootLibrary__E
   10039bff     00002d90     000024fa   release_pem4f.oem4f (.text:ti_sysbios_BIOS_startFunc__I)
xdc_runtime_Startup_rtsDone__E  $Tramp$TT$L$PI$$xdc_runtime_Startup_rtsDone__E
   1003bf5d     00002d98     000024f2   release_pem4f.oem4f (.text:ti_sysbios_BIOS_startFunc__I)
ti_sysbios_BIOS_setThreadType__E  $Tramp$TT$L$PI$$ti_sysbios_BIOS_setThreadType__E
   1003b5c5     00002da0     000024cc   release_pem4f.oem4f (.text:ti_sysbios_BIOS_atExitFunc__I)
                             000029b6   release_pem4f.oem4f (.text:ti_sysbios_BIOS_errorRaiseHook__I)
                             00002b0a   release_pem4f.oem4f (.text:ti_sysbios_BIOS_exitFunc__I)
ti_sysbios_knl_Swi_disable__E  $Tramp$TT$L$PI$$ti_sysbios_knl_Swi_disable__E
   1003b525     00002da8     000024c2   release_pem4f.oem4f (.text:ti_sysbios_BIOS_atExitFunc__I)
                             00002ce6   dpl_cc26x2_v1.aem4f : SwiP_tirtos.oem4f (.text:SwiP_disable)
ti_sysbios_family_arm_m3_Hwi_construct  $Tramp$TT$L$PI$$ti_sysbios_family_arm_m3_Hwi_construct
   10039fad     00002db0     00002266   rom_sysbios.aem4f : rom_sysbios.obj (.text:ti_sysbios_family_arm_m3_Hwi_construct2__E)
ti_sysbios_knl_Swi_Params__init__S  $Tramp$TT$L$PI$$ti_sysbios_knl_Swi_Params__init__S
   1003b765     00002db8     0000222a   dpl_cc26x2_v1.aem4f : SwiP_tirtos.oem4f (.text:SwiP_construct)
ti_sysbios_family_arm_m3_Hwi_Params__init__S  $Tramp$TT$L$PI$$ti_sysbios_family_arm_m3_Hwi_Params__init__S
   1003b6d5     00002dc0     000021b0   dpl_cc26x2_v1.aem4f : HwiP_tirtos.oem4f (.text:HwiP_construct)
ti_sysbios_knl_Clock_construct  $Tramp$TT$L$PI$$ti_sysbios_knl_Clock_construct
   1003a8ed     00002dc8     00001e26   dpl_cc26x2_v1.aem4f : ClockP_tirtos.oem4f (.text:ClockP_construct)
ti_sysbios_knl_Clock_Params__init__S  $Tramp$TT$L$PI$$ti_sysbios_knl_Clock_Params__init__S
   1003b711     00002dd0     00001e0c   dpl_cc26x2_v1.aem4f : ClockP_tirtos.oem4f (.text:ClockP_construct)
xdc_runtime_System_exit__E  $Tramp$TT$L$PI$$xdc_runtime_System_exit__E
   1003be69     00002dd8     00001cd4   boot.aem4f : boot.oem4f (.text)
                             00002b10   release_pem4f.oem4f (.text:ti_sysbios_BIOS_exitFunc__I)
ti_sysbios_heaps_HeapMem_restore__E  $Tramp$TT$L$PI$$ti_sysbios_heaps_HeapMem_restore__E
   1003b69f     00002de0     00001bc8   rom_sysbios.aem4f : rom_sysbios.obj (.text:ti_sysbios_heaps_HeapMem_initPrimary__I)
ti_sysbios_heaps_HeapMem_Object__get__S  $Tramp$TT$L$PI$$ti_sysbios_heaps_HeapMem_Object__get__S
   1003aed9     00002de8     00001b98   rom_sysbios.aem4f : rom_sysbios.obj (.text:ti_sysbios_heaps_HeapMem_initPrimary__I)
ti_sysbios_BIOS_start__E  $Tramp$TT$L$PI$$ti_sysbios_BIOS_start__E
   1003b621     00002df0     00001aba   main_tirtos.obj (.text:main)
ti_sysbios_knl_Semaphore_post__E  $Tramp$TT$L$PI$$ti_sysbios_knl_Semaphore_post__E
   100399d1     00002df8     0000152a   rom_sysbios.aem4f : rom_sysbios.obj (.text:_pthread_removeThreadKeys)
                             00001d74                     : rom_sysbios.obj (.text:pthread_exit)
                             00002ce2   dpl_cc26x2_v1.aem4f : SemaphoreP_tirtos.oem4f (.text:SemaphoreP_post)
xdc_runtime_Memory_free__E  $Tramp$TT$L$PI$$xdc_runtime_Memory_free__E
   1003beb9     00002e00     00001520   rom_sysbios.aem4f : rom_sysbios.obj (.text:_pthread_removeThreadKeys)
                             00002624                     : rom_sysbios.obj (.text:_pthread_delete$44)
ti_sysbios_knl_Queue_next__E  $Tramp$TT$L$PI$$ti_sysbios_knl_Queue_next__E
   1003b853     00002e08     000014fa   rom_sysbios.aem4f : rom_sysbios.obj (.text:_pthread_removeThreadKeys)
ti_sysbios_knl_Queue_head__E  $Tramp$TT$L$PI$$ti_sysbios_knl_Queue_head__E
   1003b84f     00002e10     000014e6   rom_sysbios.aem4f : rom_sysbios.obj (.text:_pthread_removeThreadKeys)
ti_sysbios_knl_Semaphore_pend__E  $Tramp$TT$L$PI$$ti_sysbios_knl_Semaphore_pend__E
   10039005     00002e18     000014e0   rom_sysbios.aem4f : rom_sysbios.obj (.text:_pthread_removeThreadKeys)
                             00002b7e   dpl_cc26x2_v1.aem4f : SemaphoreP_tirtos.oem4f (.text:SemaphoreP_pend)
ti_sysbios_knl_Clock_scheduleNextTick__E  $Tramp$TT$L$PI$$ti_sysbios_knl_Clock_scheduleNextTick__E
   1003b3a1     00002e20     000012ec   rom_sysbios.aem4f : rom_sysbios.obj (.text:ti_sysbios_knl_Clock_workFuncDynamic__E)
ti_sysbios_knl_Clock_walkQueueDynamic__E  $Tramp$TT$L$PI$$ti_sysbios_knl_Clock_walkQueueDynamic__E
   10039879     00002e28     000012b6   rom_sysbios.aem4f : rom_sysbios.obj (.text:ti_sysbios_knl_Clock_workFuncDynamic__E)
                             000012d0                     : rom_sysbios.obj (.text:ti_sysbios_knl_Clock_workFuncDynamic__E)
ti_sysbios_knl_Clock_TimerProxy_getCurrentTick__E  $Tramp$TT$L$PI$$ti_sysbios_knl_Clock_TimerProxy_getCurrentTick__E
   1003b651     00002e30     00001286   rom_sysbios.aem4f : rom_sysbios.obj (.text:ti_sysbios_knl_Clock_workFuncDynamic__E)
                             0000266e                     : rom_sysbios.obj (.text:ti_sysbios_knl_Clock_getTicksUntilInterrupt__E)
ti_sysbios_knl_Task_restore__E  $Tramp$TT$L$PI$$ti_sysbios_knl_Task_restore__E
   1003ac5d     00002e38     0000112a   rom_sysbios.aem4f : rom_sysbios.obj (.text:ti_sysbios_knl_Task_setPri__E)
                             000014d4                     : rom_sysbios.obj (.text:_pthread_removeThreadKeys)
                             00001534                     : rom_sysbios.obj (.text:_pthread_removeThreadKeys)
                             00001d86                     : rom_sysbios.obj (.text:pthread_exit)
                             000026f0   dpl_cc26x2_v1.aem4f : PowerCC26X2_tirtos.oem4f (.text:PowerCC26XX_schedulerRestore)
                             000027b0   rom_sysbios.aem4f : rom_sysbios.obj (.text:_pthread_cleanupFxn)
ti_sysbios_knl_Queue_enqueue__E  $Tramp$TT$L$PI$$ti_sysbios_knl_Queue_enqueue__E
   1003b74d     00002e40     000010fc   rom_sysbios.aem4f : rom_sysbios.obj (.text:ti_sysbios_knl_Task_setPri__E)
                             00002cf6                     : rom_sysbios.obj (.text:ti_sysbios_knl_Queue_insert__E)
ti_sysbios_knl_Queue_empty__E  $Tramp$TT$L$PI$$ti_sysbios_knl_Queue_empty__E
   1003b6ad     00002e48     000010e4   rom_sysbios.aem4f : rom_sysbios.obj (.text:ti_sysbios_knl_Task_setPri__E)
                             000014cc                     : rom_sysbios.obj (.text:_pthread_removeThreadKeys)
ti_sysbios_knl_Queue_remove__E  $Tramp$TT$L$PI$$ti_sysbios_knl_Queue_remove__E
   1003b6bb     00002e50     000010de   rom_sysbios.aem4f : rom_sysbios.obj (.text:ti_sysbios_knl_Task_setPri__E)
                             00001502                     : rom_sysbios.obj (.text:_pthread_removeThreadKeys)
                             00001508                     : rom_sysbios.obj (.text:_pthread_removeThreadKeys)
ti_sysbios_knl_Task_disable__E  $Tramp$TT$L$PI$$ti_sysbios_knl_Task_disable__E
   1003b53d     00002e58     000010a4   rom_sysbios.aem4f : rom_sysbios.obj (.text:ti_sysbios_knl_Task_setPri__E)
                             000014c2                     : rom_sysbios.obj (.text:_pthread_removeThreadKeys)
                             00001d7a                     : rom_sysbios.obj (.text:pthread_exit)
                             000024c6   release_pem4f.oem4f (.text:ti_sysbios_BIOS_atExitFunc__I)
                             000026b6   dpl_cc26x2_v1.aem4f : PowerCC26X2_tirtos.oem4f (.text:PowerCC26XX_schedulerDisable)
                             000027a2   rom_sysbios.aem4f : rom_sysbios.obj (.text:_pthread_cleanupFxn)
ti_sysbios_knl_Clock_stop__E  $Tramp$TT$L$PI$$ti_sysbios_knl_Clock_stop__E
   1003af29     00002e60     00000fa6   dpl_cc26x2_v1.aem4f : PowerCC26X2_tirtos.oem4f (.text:PowerCC26XX_standbyPolicy)
ti_sysbios_knl_Clock_start__E  $Tramp$TT$L$PI$$ti_sysbios_knl_Clock_start__E
   1003b599     00002e68     00000f9a   dpl_cc26x2_v1.aem4f : PowerCC26X2_tirtos.oem4f (.text:PowerCC26XX_standbyPolicy)
ti_sysbios_knl_Clock_setTimeout__E  $Tramp$TT$L$PI$$ti_sysbios_knl_Clock_setTimeout__E
   1003b833     00002e70     00000f94   dpl_cc26x2_v1.aem4f : PowerCC26X2_tirtos.oem4f (.text:PowerCC26XX_standbyPolicy)
ti_sysbios_knl_Task_create  $Tramp$TT$L$PI$$ti_sysbios_knl_Task_create
   1003a1ed     00002e78     00000bca   rom_sysbios.aem4f : rom_sysbios.obj (.text:pthread_create)
ti_sysbios_knl_Semaphore_construct  $Tramp$TT$L$PI$$ti_sysbios_knl_Semaphore_construct
   1003a95d     00002e80     00000bc0   rom_sysbios.aem4f : rom_sysbios.obj (.text:pthread_create)
                             000025ce   dpl_cc26x2_v1.aem4f : SemaphoreP_tirtos.oem4f (.text:SemaphoreP_constructBinary)
ti_sysbios_knl_Semaphore_Params__init__S  $Tramp$TT$L$PI$$ti_sysbios_knl_Semaphore_Params__init__S
   1003b759     00002e88     00000bae   rom_sysbios.aem4f : rom_sysbios.obj (.text:pthread_create)
                             000025be   dpl_cc26x2_v1.aem4f : SemaphoreP_tirtos.oem4f (.text:SemaphoreP_constructBinary)
                             000025e8                       : SemaphoreP_tirtos.oem4f (.text:SemaphoreP_createBinary)
ti_sysbios_knl_Queue_construct  $Tramp$TT$L$PI$$ti_sysbios_knl_Queue_construct
   1003abfd     00002e90     00000ba2   rom_sysbios.aem4f : rom_sysbios.obj (.text:pthread_create)
xdc_runtime_Memory_alloc__E  $Tramp$TT$L$PI$$xdc_runtime_Memory_alloc__E
   1003bab1     00002e98     00000b52   rom_sysbios.aem4f : rom_sysbios.obj (.text:pthread_create)
ti_sysbios_knl_Task_Params__init__S  $Tramp$TT$L$PI$$ti_sysbios_knl_Task_Params__init__S
   1003b771     00002ea0     00000b3e   rom_sysbios.aem4f : rom_sysbios.obj (.text:pthread_create)
ti_sysbios_family_arm_m3_Hwi_restoreFxn__E  $Tramp$TT$L$PI$$ti_sysbios_family_arm_m3_Hwi_restoreFxn__E
   1003b7af     00002ea8     00000a86   drivers_cc26x2_v1.aem4f : GPIOCC26XX.oem4f (.text:GPIO_setConfig)
                             00000ab0                           : GPIOCC26XX.oem4f (.text:GPIO_setConfig)
                             00000cb8                           : PINCC26XX.oem4f (.text:PINCC26XX_setIoCfg)
                             00000cfe                           : GPIOCC26XX.oem4f (.text:GPIO_init)
                             00000d04                           : GPIOCC26XX.oem4f (.text:GPIO_init)
                             00000e68                           : PowerCC26X2.oem4f (.text:Power_releaseDependency)
                             00000f2c                           : PowerCC26X2.oem4f (.text:Power_setDependency)
                             00001b1a                           : GPIOCC26XX.oem4f (.text:GPIO_write)
                             00001c62                           : PowerCC26X2_calibrateRCOSC.oem4f (.text:PowerCC26X2_initiateCalibration)
                             00001e7a                           : GPIOCC26XX.oem4f (.text:GPIO_enableInt)
                             00002084                           : PowerCC26X2.oem4f (.text:switchXOSCHF)
                             0000231e                           : GPIOCC26XX.oem4f (.text:GPIO_toggle)
                             000023ee                           : PowerCC26X2.oem4f (.text:Power_releaseConstraint)
                             00002484                           : PowerCC26X2.oem4f (.text:Power_setConstraint)
                             00002774                           : List.oem4f (.text:List_put)
ti_sysbios_knl_Swi_restore__E  $Tramp$TT$L$PI$$ti_sysbios_knl_Swi_restore__E
   1003a83d     00002eb0     00000356   drivers_cc26x2_v1.aem4f : PowerCC26X2.oem4f (.text:Power_sleep)

[54 trampolines]
[96 trampoline calls]


GLOBAL SYMBOLS: SORTED ALPHABETICALLY BY Name 

address   name                                                                 
-------   ----                                                                 
000032d0  BoardGpioInitTable                                                   
00002cc7  Board_initHook                                                       
00002935  CC26X2R1_LAUNCHXL_initGeneral                                        
000015cd  CC26X2R1_LAUNCHXL_sendExtFlashByte                                   
00002095  CC26X2R1_LAUNCHXL_shutDownExtFlash                                   
00001f31  CC26X2R1_LAUNCHXL_wakeUpExtFlash                                     
00002cbd  ClockP_Params_init                                                   
00001df1  ClockP_construct                                                     
1003a925  ClockP_getSystemTicks                                                
20001a60  ClockP_tickPeriod                                                    
0000334c  GPIOCC26XX_config                                                    
00001e41  GPIO_enableInt                                                       
00002431  GPIO_hwiIntFxn                                                       
00000ce5  GPIO_init                                                            
00002581  GPIO_setCallback                                                     
00000a21  GPIO_setConfig                                                       
000022f9  GPIO_toggle                                                          
00001ac9  GPIO_write                                                           
00001000  HEAPSIZE                                                             
00002ba1  HwiP_Params_init                                                     
00002195  HwiP_construct                                                       
00002cdf  HwiP_disable                                                         
1003b7af  HwiP_restore                                                         
00002755  List_put                                                             
0000232d  NOROM_AUXSYSIFOpModeChange                                           
00002c2b  NOROM_CPUcpsid                                                       
00002c37  NOROM_CPUcpsie                                                       
00002ccf  NOROM_CPUdelay                                                       
00002951  NOROM_ChipInfo_GetChipFamily                                         
00001e91  NOROM_ChipInfo_GetChipType                                           
00001fc9  NOROM_ChipInfo_GetHwRevision                                         
00002a15  NOROM_ChipInfo_GetPackageType                                        
00001435  NOROM_OSCHF_AttemptToSwitchToXosc                                    
00001995  NOROM_OSCHF_SwitchToRcOscTurnOffXosc                                 
0000277d  NOROM_OSCHF_TurnOnXosc                                               
000018bd  NOROM_SetupAfterColdResetWakeupFromShutDownCfg1                      
00001651  NOROM_SetupStepVddrTrimTo                                            
000011d9  NOROM_SetupTrimDevice                                                
00002361  NOROM_SysCtrlIdle                                                    
00000909  NOROM_SysCtrlStandby                                                 
00002ad5  NOROM_ThisLibraryIsFor_CC13x2_CC26x2_HwRev1x_HaltIfViolated          
00002bb1  PINCC26XX_getPinCount                                                
000033c8  PINCC26XX_hwAttrs                                                    
00001929  PIN_add                                                              
000028f9  PIN_close                                                            
0000003d  PIN_init                                                             
000013a1  PIN_open                                                             
00002c43  PIN_registerIntCb                                                    
00001b29  PIN_remove                                                           
00002395  PIN_setConfig                                                        
00002289  PIN_setInterrupt                                                     
000021d5  PIN_setOutputValue                                                   
00001849  PowerCC26X2_auxISR                                                   
00002b17  PowerCC26X2_calibrate                                                
00003374  PowerCC26X2_config                                                   
00001c3d  PowerCC26X2_initiateCalibration                                      
20001218  PowerCC26X2_module                                                   
000029f9  PowerCC26XX_calibrate                                                
000026b5  PowerCC26XX_schedulerDisable                                         
000026dd  PowerCC26XX_schedulerRestore                                         
00000f49  PowerCC26XX_standbyPolicy                                            
20001a64  PowerCC26XX_swiKey                                                   
20001a68  PowerCC26XX_taskKey                                                  
00002c51  Power_getConstraintMask                                              
00002c5d  Power_getDependencyCount                                             
00002917  Power_getTransitionLatency                                           
00002a2d  Power_idleFunc                                                       
000007d9  Power_init                                                           
00002705  Power_registerNotify                                                 
000023c9  Power_releaseConstraint                                              
00000dbd  Power_releaseDependency                                              
00002461  Power_setConstraint                                                  
00000e85  Power_setDependency                                                  
000001fd  Power_sleep                                                          
00002eb8  ROM_constStruct                                                      
0000328c  ROM_externFuncPtrs                                                   
20001110  ROM_stateStruct                                                      
00001c95  ResetISR                                                             
UNDEFED   SHT$$INIT_ARRAY$$Base                                                
UNDEFED   SHT$$INIT_ARRAY$$Limit                                               
000025ad  SemaphoreP_constructBinary                                           
000025d9  SemaphoreP_createBinary                                              
00002c69  SemaphoreP_delete                                                    
00002b7d  SemaphoreP_pend                                                      
00002ce3  SemaphoreP_post                                                      
00002bc1  SwiP_Params_init                                                     
00002211  SwiP_construct                                                       
00002ce7  SwiP_disable                                                         
00002ceb  SwiP_getTrigger                                                      
00002cef  SwiP_or                                                              
1003a83d  SwiP_restore                                                         
00000000  __ASM__                                                              
00000080  __ISA__                                                              
00000093  __PLAT__                                                             
20014000  __STACK_END                                                          
00000400  __STACK_SIZE                                                         
000000ba  __TARG__                                                             
000035d8  __TI_CINIT_Base                                                      
00003600  __TI_CINIT_Limit                                                     
000035ac  __TI_Handler_Table_Base                                              
000035b8  __TI_Handler_Table_Limit                                             
00000ffd  __TI_auto_init                                                       
000019fd  __TI_decompress_lzss                                                 
00002c01  __TI_decompress_none                                                 
ffffffff  __TI_pprof_out_hndl                                                  
ffffffff  __TI_prof_data_size                                                  
ffffffff  __TI_prof_data_start                                                 
00000000  __TI_static_base__                                                   
00002c8d  __TI_zero_init                                                       
000000e0  __TRDR__                                                             
000021d3  __aeabi_idiv0                                                        
000021d3  __aeabi_ldiv0                                                        
00002a5d  __aeabi_lmul                                                         
000017cd  __aeabi_memclr                                                       
000017cd  __aeabi_memclr4                                                      
000017cd  __aeabi_memclr8                                                      
0000113d  __aeabi_memcpy                                                       
0000113d  __aeabi_memcpy4                                                      
0000113d  __aeabi_memcpy8                                                      
000017cf  __aeabi_memset                                                       
000017cf  __aeabi_memset4                                                      
000017cf  __aeabi_memset8                                                      
00001309  __aeabi_uldivmod                                                     
ffffffff  __binit__                                                            
ffffffff  __c_args__                                                           
00057fa8  __ccfg                                                               
20001110  __primary_heap_end__                                                 
20000110  __primary_heap_start__                                               
20013c00  __stack                                                              
00002a45  _args_main                                                           
00001c95  _c_int00                                                             
2000158c  _lock                                                                
0000139f  _nop                                                                 
000027a1  _pthread_cleanupFxn                                                  
00002aeb  _pthread_cleanup_pop                                                 
000014bd  _pthread_removeThreadKeys                                            
00002c75  _register_lock                                                       
00002c81  _register_unlock                                                     
20001590  _unlock                                                              
ffffffff  binit                                                                
00001f7d  copy_in                                                              
20001a6c  driverlib_release_0_52354                                            
2000157c  gpioCallbackFunctions                                                
200014e0  gpioPinConfigs                                                       
00003394  inPinTypes                                                           
00001a65  main                                                                 
00002689  mainThread                                                           
20001610  main_func_sp                                                         
0000113d  memcpy                                                               
000017d5  memset                                                               
000033a0  outPinStrengths                                                      
00003384  outPinTypes                                                          
200018f8  pinHandleTable                                                       
20001598  pinLowerBound                                                        
20001594  pinUpperBound                                                        
000027e9  pthread_attr_init                                                    
00002c0f  pthread_attr_setdetachstate                                          
00002b41  pthread_attr_setschedparam                                           
00002cd5  pthread_attr_setstacksize                                            
00000b21  pthread_create                                                       
00001d45  pthread_exit                                                         
00002c99  pthread_self                                                         
00002631  pthread_setcancelstate                                               
000031f0  resourceDB                                                           
00002879  sleep                                                                
20001148  ti_sysbios_BIOS_Module__state__V                                     
1003b0f5  ti_sysbios_BIOS_RtsGateProxy_Handle__label__S                        
1003b0f5  ti_sysbios_BIOS_RtsGateProxy_Handle__label__S__mangled__             
1003ae61  ti_sysbios_BIOS_RtsGateProxy_Object__delete__S                       
1003b705  ti_sysbios_BIOS_RtsGateProxy_Params__init__S                         
1003b705  ti_sysbios_BIOS_RtsGateProxy_Params__init__S__mangled__              
1003b7df  ti_sysbios_BIOS_RtsGateProxy_enter__E                                
1003b7e3  ti_sysbios_BIOS_RtsGateProxy_leave__E                                
1003b80b  ti_sysbios_BIOS_RtsGateProxy_query__E                                
1003b80b  ti_sysbios_BIOS_RtsGateProxy_query__E__mangled__                     
000024c1  ti_sysbios_BIOS_atExitFunc__I                                        
000029a5  ti_sysbios_BIOS_errorRaiseHook__I                                    
00002b01  ti_sysbios_BIOS_exitFunc__I                                          
1003b611  ti_sysbios_BIOS_exit__E                                              
1003b5b1  ti_sysbios_BIOS_getCpuFreq__E                                        
10039bff  ti_sysbios_BIOS_linkedWithIncorrectBootLibrary__E                    
0000242f  ti_sysbios_BIOS_nullFunc__I                                          
0000280d  ti_sysbios_BIOS_registerRTSLock__I                                   
00002831  ti_sysbios_BIOS_removeRTSLock__I                                     
00002899  ti_sysbios_BIOS_rtsLock__I                                           
00002a75  ti_sysbios_BIOS_rtsUnlock__I                                         
1003b5c5  ti_sysbios_BIOS_setThreadType__E                                     
000024f1  ti_sysbios_BIOS_startFunc__I                                         
1003b621  ti_sysbios_BIOS_start__E                                             
000011d9  ti_sysbios_family_arm_cc26xx_Boot_trimDevice                         
00002f72  ti_sysbios_family_arm_cc26xx_Timer_Module__id__C                     
1003adc1  ti_sysbios_family_arm_cc26xx_Timer_Module__startupDone__S            
20001210  ti_sysbios_family_arm_cc26xx_Timer_Module__state__V                  
1003ac8d  ti_sysbios_family_arm_cc26xx_Timer_Module_startup__E                 
20001408  ti_sysbios_family_arm_cc26xx_Timer_Object__table__V                  
000028b9  ti_sysbios_family_arm_cc26xx_Timer_dynamicStub__E                    
000033d8  ti_sysbios_family_arm_cc26xx_Timer_funcHookCH1__C                    
000033dc  ti_sysbios_family_arm_cc26xx_Timer_funcHookCH2__C                    
00002b55  ti_sysbios_family_arm_cc26xx_Timer_getCount64__E                     
00002521  ti_sysbios_family_arm_cc26xx_Timer_getCurrentTick__E                 
1003b7e7  ti_sysbios_family_arm_cc26xx_Timer_getExpiredTicks__E                
00002855  ti_sysbios_family_arm_cc26xx_Timer_getMaxTicks__E                    
1003b7eb  ti_sysbios_family_arm_cc26xx_Timer_getPeriod__E                      
00002551  ti_sysbios_family_arm_cc26xx_Timer_initDevice__I                     
10039415  ti_sysbios_family_arm_cc26xx_Timer_periodicStub__E                   
1003acb9  ti_sysbios_family_arm_cc26xx_Timer_postInit__I                       
000023fd  ti_sysbios_family_arm_cc26xx_Timer_setNextTick__E                    
1003b7ef  ti_sysbios_family_arm_cc26xx_Timer_setPeriod__E                      
00002155  ti_sysbios_family_arm_cc26xx_Timer_setThreshold__I                   
000016d1  ti_sysbios_family_arm_cc26xx_Timer_start__E                          
00002fd4  ti_sysbios_family_arm_cc26xx_Timer_startupNeeded__C                  
1003a9cd  ti_sysbios_family_arm_cc26xx_Timer_startup__E                        
2000113c  ti_sysbios_family_arm_cc26xx_TimestampProvider_Module__state__V      
1003b065  ti_sysbios_family_arm_cc26xx_TimestampProvider_Module_startup__E     
00002c1d  ti_sysbios_family_arm_cc26xx_TimestampProvider_get32__E              
1003ace5  ti_sysbios_family_arm_cc26xx_TimestampProvider_get64__E              
1003b6c9  ti_sysbios_family_arm_cc26xx_TimestampProvider_getFreq__E            
00003158  ti_sysbios_family_arm_cc26xx_TimestampProvider_useClockTimer__C      
000030f0  ti_sysbios_family_arm_m3_Hwi_E_alreadyDefined__C                     
00003178  ti_sysbios_family_arm_m3_Hwi_E_hwiLimitExceeded__C                   
10039c01  ti_sysbios_family_arm_m3_Hwi_Instance_finalize__E                    
100394b5  ti_sysbios_family_arm_m3_Hwi_Instance_init__E                        
2000160a  ti_sysbios_family_arm_m3_Hwi_Module_State_0_excActive__A             
20001614  ti_sysbios_family_arm_m3_Hwi_Module_State_0_excContext__A            
20001618  ti_sysbios_family_arm_m3_Hwi_Module_State_0_excStack__A              
00002f70  ti_sysbios_family_arm_m3_Hwi_Module__id__C                           
2000159c  ti_sysbios_family_arm_m3_Hwi_Module__root__V                         
1003ade9  ti_sysbios_family_arm_m3_Hwi_Module__startupDone__S                  
200011d8  ti_sysbios_family_arm_m3_Hwi_Module__state__V                        
1003a305  ti_sysbios_family_arm_m3_Hwi_Module_startup__E                       
00002fc0  ti_sysbios_family_arm_m3_Hwi_NUM_INTERRUPTS__C                       
00003184  ti_sysbios_family_arm_m3_Hwi_Object__DESC__C                         
1003c278  ti_sysbios_family_arm_m3_Hwi_Object__PARAMS__C                       
000031a8  ti_sysbios_family_arm_m3_Hwi_Object__count__C                        
10039961  ti_sysbios_family_arm_m3_Hwi_Object__create__S                       
1003ae11  ti_sysbios_family_arm_m3_Hwi_Object__delete__S                       
1003b089  ti_sysbios_family_arm_m3_Hwi_Object__destruct__S                     
1003ae39  ti_sysbios_family_arm_m3_Hwi_Object__get__S                          
00002f78  ti_sysbios_family_arm_m3_Hwi_Object__table__C                        
2000154c  ti_sysbios_family_arm_m3_Hwi_Object__table__V                        
1003b6d5  ti_sysbios_family_arm_m3_Hwi_Params__init__S                         
000031b4  ti_sysbios_family_arm_m3_Hwi_ccr__C                                  
10039fad  ti_sysbios_family_arm_m3_Hwi_construct                               
[...]
1003b5c5  ti_sysbios_BIOS_setThreadType__E                                     
1003b5d9  ti_sysbios_knl_Swi_enabled__E                                        
1003b5ed  ti_sysbios_hal_Hwi_Module_startup__E                                 
1003b5ff  ti_sysbios_knl_Event_sync__E                                         
1003b611  ti_sysbios_BIOS_exit__E                                              
1003b621  ti_sysbios_BIOS_start__E                                             
1003b631  ti_sysbios_family_arm_m3_TaskSupport_getStackAlignment__E            
1003b631  ti_sysbios_knl_Task_SupportProxy_getStackAlignment__E                
1003b631  ti_sysbios_knl_Task_SupportProxy_getStackAlignment__E__mangled__     
1003b641  ti_sysbios_hal_Hwi_HwiProxy_Object__create__S                        
1003b651  ti_sysbios_knl_Clock_TimerProxy_getCurrentTick__E                    
1003b661  ti_sysbios_knl_Clock_TimerProxy_getMaxTicks__E                       
1003b671  ti_sysbios_knl_Clock_TimerProxy_setNextTick__E                       
1003b681  ti_sysbios_knl_Task_self__E                                          
1003b691  ti_sysbios_gates_GateMutex_leave__E                                  
1003b69f  ti_sysbios_heaps_HeapMem_restore__E                                  
1003b6ad  ti_sysbios_knl_Queue_empty__E                                        
1003b6bb  ti_sysbios_knl_Queue_remove__E                                       
1003b6c9  ti_sysbios_family_arm_cc26xx_TimestampProvider_getFreq__E            
1003b6c9  xdc_runtime_Timestamp_SupportProxy_getFreq__E                        
1003b6c9  xdc_runtime_Timestamp_SupportProxy_getFreq__E__mangled__             
1003b6c9  xdc_runtime_Timestamp_getFreq__E                                     
1003b6c9  xdc_runtime_Timestamp_getFreq__E                                     
1003b6d5  ti_sysbios_family_arm_m3_Hwi_Params__init__S                         
1003b6d5  ti_sysbios_hal_Hwi_HwiProxy_Params__init__S                          
1003b6d5  ti_sysbios_hal_Hwi_HwiProxy_Params__init__S__mangled__               
1003b6e1  ti_sysbios_family_arm_m3_Hwi_disableFxn__E                           
1003b6ed  ti_sysbios_family_arm_m3_Hwi_enableFxn__E                            
1003b6f9  ti_sysbios_gates_GateHwi_enter__E                                    
1003b705  ti_sysbios_BIOS_RtsGateProxy_Params__init__S                         
1003b705  ti_sysbios_BIOS_RtsGateProxy_Params__init__S__mangled__              
1003b705  ti_sysbios_gates_GateMutex_Params__init__S                           
1003b705  ti_sysbios_heaps_HeapMem_Module_GateProxy_Params__init__S            
1003b705  ti_sysbios_heaps_HeapMem_Module_GateProxy_Params__init__S__mangled__ 
1003b711  ti_sysbios_knl_Clock_Params__init__S                                 
1003b71d  ti_sysbios_knl_Clock_getTimerHandle__E                               
1003b729  ti_sysbios_knl_Event_Params__init__S                                 
1003b735  ti_sysbios_knl_Mailbox_Params__init__S                               
1003b741  ti_sysbios_knl_Queue_dequeue__E                                      
1003b74d  ti_sysbios_knl_Queue_enqueue__E                                      
1003b759  ti_sysbios_knl_Semaphore_Params__init__S                             
1003b765  ti_sysbios_knl_Swi_Params__init__S                                   
1003b771  ti_sysbios_knl_Task_Params__init__S                                  
1003b77d  ti_sysbios_hal_Hwi_Instance_finalize__E                              
1003b787  ti_sysbios_knl_Event_Instance_init__E                                
1003b791  ti_sysbios_family_arm_m3_Hwi_doSwiRestore__I                         
1003b799  ti_sysbios_family_arm_m3_Hwi_startup__E                              
1003b799  ti_sysbios_hal_Hwi_HwiProxy_startup__E                               
1003b799  ti_sysbios_hal_Hwi_HwiProxy_startup__E__mangled__                    
1003b799  ti_sysbios_hal_Hwi_startup__E                                        
1003b799  ti_sysbios_hal_Hwi_startup__E                                        
1003b7a1  ti_sysbios_knl_Idle_loop__E                                          
1003b7a9  ti_sysbios_family_arm_m3_Hwi_doTaskRestore__I                        
1003b7af  HwiP_restore                                                         
1003b7af  ti_sysbios_family_arm_m3_Hwi_restoreFxn__E                           
1003b7b5  ti_sysbios_gates_GateHwi_leave__E                                    
1003b7bb  ti_sysbios_gates_GateMutex_Instance_finalize__E                      
1003b7c1  ti_sysbios_heaps_HeapMem_isBlocking__E                               
1003b7c7  ti_sysbios_knl_Queue_Instance_init__E                                
1003b7cd  ti_sysbios_knl_Queue_elemClear__E                                    
1003b7d3  ti_sysbios_knl_Swi_startup__E                                        
1003b7d9  ti_sysbios_knl_Task_enable__E                                        
1003b7df  ti_sysbios_BIOS_RtsGateProxy_enter__E                                
1003b7e3  ti_sysbios_BIOS_RtsGateProxy_leave__E                                
1003b7e7  ti_sysbios_family_arm_cc26xx_Timer_getExpiredTicks__E                
1003b7eb  ti_sysbios_family_arm_cc26xx_Timer_getPeriod__E                      
1003b7ef  ti_sysbios_family_arm_cc26xx_Timer_setPeriod__E                      
1003b7f3  ti_sysbios_family_arm_m3_Hwi_delete                                  
1003b7f7  ti_sysbios_family_arm_m3_Hwi_destruct                                
1003b7fb  ti_sysbios_family_arm_m3_TaskSupport_Module__startupDone__S          
1003b7fb  ti_sysbios_knl_Task_SupportProxy_Module__startupDone__S              
1003b7fb  ti_sysbios_knl_Task_SupportProxy_Module__startupDone__S__mangled__   
1003b7ff  ti_sysbios_gates_GateHwi_query__E                                    
1003b7ff  xdc_runtime_Main_Module_GateProxy_query__E                           
1003b7ff  xdc_runtime_System_Module_GateProxy_query__E                         
1003b7ff  xdc_runtime_System_Module_GateProxy_query__E__mangled__              
1003b803  ti_sysbios_gates_GateMutex_delete                                    
1003b807  ti_sysbios_gates_GateMutex_destruct                                  
1003b80b  ti_sysbios_BIOS_RtsGateProxy_query__E                                
1003b80b  ti_sysbios_BIOS_RtsGateProxy_query__E__mangled__                     
1003b80b  ti_sysbios_gates_GateMutex_query__E                                  
1003b80b  ti_sysbios_heaps_HeapMem_Module_GateProxy_query__E                   
1003b80b  ti_sysbios_heaps_HeapMem_Module_GateProxy_query__E__mangled__        
1003b80f  ti_sysbios_hal_Hwi_HwiProxy_delete                                   
1003b813  ti_sysbios_hal_Hwi_delete                                            
1003b817  ti_sysbios_heaps_HeapMem_Module_GateProxy_enter__E                   
1003b81b  ti_sysbios_heaps_HeapMem_Module_GateProxy_leave__E                   
1003b81f  ti_sysbios_knl_Clock_TimerProxy_getExpiredTicks__E                   
1003b823  ti_sysbios_knl_Clock_TimerProxy_getPeriod__E                         
1003b827  ti_sysbios_knl_Clock_delete                                          
1003b82b  ti_sysbios_knl_Clock_destruct                                        
1003b82f  ti_sysbios_knl_Clock_removeI__E                                      
1003b833  ti_sysbios_knl_Clock_setTimeout__E                                   
1003b837  ti_sysbios_knl_Event_delete                                          
1003b83b  ti_sysbios_knl_Event_destruct                                        
1003b83f  ti_sysbios_knl_Mailbox_delete                                        
1003b843  ti_sysbios_knl_Mailbox_destruct                                      
1003b847  ti_sysbios_knl_Queue_delete                                          
1003b84b  ti_sysbios_knl_Queue_destruct                                        
1003b84f  ti_sysbios_knl_Queue_head__E                                         
1003b853  ti_sysbios_knl_Queue_next__E                                         
1003b857  ti_sysbios_knl_Semaphore_delete                                      
1003b85b  ti_sysbios_knl_Semaphore_destruct                                    
1003b85f  ti_sysbios_knl_Swi_delete                                            
1003b863  ti_sysbios_knl_Swi_destruct                                          
1003b867  ti_sysbios_knl_Swi_postInit__I                                       
1003b86b  ti_sysbios_knl_Task_delete                                           
1003b86f  ti_sysbios_knl_Task_destruct                                         
1003b873  ti_sysbios_knl_Task_startup__E                                       
1003b879  xdc_runtime_Startup_startMods__I                                     
1003ba31  xdc_runtime_Core_createObject__I                                     
1003bab1  xdc_runtime_Memory_alloc__E                                          
1003bb21  xdc_runtime_Core_deleteObject__I                                     
1003bb7f  xdc_runtime_Error_policySpin__E                                      
1003bb81  xdc_runtime_Assert_raise__I                                          
1003bbd5  xdc_runtime_Startup_exec__E                                          
1003bc29  xdc_runtime_System_atexit__E                                         
1003bc75  xdc_runtime_Core_assignParams__I                                     
1003bcbd  xdc_runtime_Core_constructObject__I                                  
1003bd4d  xdc_runtime_System_processAtExit__E                                  
1003bd8d  xdc_runtime_Core_assignLabel__I                                      
1003bdbd  xdc_runtime_Text_cordText__E                                         
1003bde9  xdc_runtime_System_abort__E                                          
1003be11  xdc_runtime_Error_raiseX__E                                          
1003be31  xdc_runtime_Error_check__E                                           
1003be4d  xdc_runtime_Memory_valloc__E                                         
1003be69  xdc_runtime_System_exit__E                                           
1003be85  xdc_runtime_Text_ropeText__E                                         
1003bea1  xdc_runtime_Core_destructObject__I                                   
1003beb9  xdc_runtime_Memory_free__E                                           
1003becd  xdc_runtime_SysCallback_abort__E                                     
1003becd  xdc_runtime_System_SupportProxy_abort__E                             
1003bee1  xdc_runtime_SysCallback_exit__E                                      
1003bee1  xdc_runtime_System_SupportProxy_exit__E                              
1003bef5  xdc_runtime_Memory_getMaxDefaultTypeAlign__E                         
1003bf35  xdc_runtime_Timestamp_SupportProxy_get32__E                          
1003bf35  xdc_runtime_Timestamp_get32__E                                       
1003bf35  xdc_runtime_Timestamp_get32__E                                       
1003bf51  xdc_runtime_Memory_calloc__E                                         
1003bf5d  xdc_runtime_Startup_rtsDone__E                                       
1003bf69  xdc_runtime_Memory_HeapProxy_alloc__E                                
1003bf73  xdc_runtime_Memory_HeapProxy_free__E                                 
1003bf7d  xdc_runtime_Gate_leaveSystem__E                                      
1003bf83  xdc_runtime_System_Module_startup__E                                 
1003bf89  xdc_runtime_Gate_enterSystem__E                                      
1003bf8d  xdc_runtime_SysCallback_Module__startupDone__S                       
1003bf8d  xdc_runtime_System_SupportProxy_Module__startupDone__S               
1003bf91  xdc_runtime_System_Module_GateProxy_enter__E                         
1003bf95  xdc_runtime_System_Module_GateProxy_leave__E                         
1003bf99  xdc_runtime_System_abortSpin__E                                      
1003bf9b  xdc_runtime_System_exitSpin__E                                       
1003bf9d  ti_sysbios_family_arm_m3_Hwi_dispatch__I                             
1003c095  ti_sysbios_family_arm_m3_TaskSupport_buildTaskStack                  
1003c121  ti_sysbios_family_arm_m3_Hwi_initStacks__E                           
1003c179  ti_sysbios_family_arm_m3_Hwi_pendSV__I                               
1003c19d  ti_sysbios_family_arm_m3_Hwi_return                                  
1003c1a1  ti_sysbios_family_arm_m3_Hwi_excHandlerAsm__I                        
1003c1c1  ti_sysbios_family_xxx_Hwi_switchAndRunFunc                           
1003c1df  ti_sysbios_family_arm_m3_TaskSupport_swap__E                         
1003c1df  ti_sysbios_knl_Task_SupportProxy_swap__E                             
1003c1df  ti_sysbios_knl_Task_SupportProxy_swap__E__mangled__                  
1003c1eb  ti_sysbios_knl_Task_swapReturn                                       
1003c1f7  ti_sysbios_family_arm_m3_TaskSupport_glue                            
1003c208  ti_sysbios_knl_Task_Object__PARAMS__C                                
1003c244  ti_sysbios_knl_Mailbox_Object__PARAMS__C                             
1003c278  ti_sysbios_family_arm_m3_Hwi_Object__PARAMS__C                       
1003c2a8  ti_sysbios_hal_Hwi_Object__PARAMS__C                                 
1003c2d4  ti_sysbios_knl_Swi_Object__PARAMS__C                                 
1003c2fc  ti_sysbios_heaps_HeapMem_Object__PARAMS__C                           
1003c320  ti_sysbios_knl_Clock_Object__PARAMS__C                               
1003c344  ti_sysbios_knl_Semaphore_Object__PARAMS__C                           
1003c368  ti_sysbios_gates_GateHwi_Object__PARAMS__C                           
1003c380  ti_sysbios_gates_GateMutex_Object__PARAMS__C                         
1003c398  ti_sysbios_knl_Event_Object__PARAMS__C                               
1003c3b0  ti_sysbios_knl_Queue_Object__PARAMS__C                               
20000000  ti_sysbios_family_arm_m3_Hwi_ramVectors                              
20000100  xdcRomConstPtr                                                       
20000104  xdcRomExternFuncPtr                                                  
20000108  xdcRomStatePtr                                                       
20000110  __primary_heap_start__                                               
20001110  ROM_stateStruct                                                      
20001110  __primary_heap_end__                                                 
20001110  ti_sysbios_knl_Clock_Module__state__V                                
2000113c  ti_sysbios_family_arm_cc26xx_TimestampProvider_Module__state__V      
20001140  xdc_runtime_Startup_Module__state__V                                 
20001148  ti_sysbios_BIOS_Module__state__V                                     
2000116c  ti_sysbios_knl_Swi_Module__state__V                                  
20001188  ti_sysbios_knl_Task_Module__state__V                                 
200011cc  xdc_runtime_Memory_Module__state__V                                  
200011d0  xdc_runtime_System_Module__state__V                                  
200011d8  ti_sysbios_family_arm_m3_Hwi_Module__state__V                        
2000120c  xdc_runtime_Error_Module__state__V                                   
20001210  ti_sysbios_family_arm_cc26xx_Timer_Module__state__V                  
20001218  PowerCC26X2_module                                                   
20001368  ti_sysbios_gates_GateMutex_Object__table__V                          
200013bc  ti_sysbios_knl_Task_Object__table__V                                 
20001408  ti_sysbios_family_arm_cc26xx_Timer_Object__table__V                  
20001450  ti_sysbios_knl_Swi_Module_State_0_readyQ__A                          
20001480  ti_sysbios_knl_Swi_Object__table__V                                  
200014b0  ti_sysbios_knl_Task_Module_State_0_readyQ__A                         
200014e0  gpioPinConfigs                                                       
2000150c  ti_sysbios_knl_Clock_Object__table__V                                
2000152c  xdc_runtime_Error_IgnoreBlock                                        
2000154c  ti_sysbios_family_arm_m3_Hwi_Object__table__V                        
20001564  ti_sysbios_heaps_HeapMem_Object__table__V                            
2000157c  gpioCallbackFunctions                                                
2000158c  _lock                                                                
20001590  _unlock                                                              
20001594  pinUpperBound                                                        
20001598  pinLowerBound                                                        
2000159c  ti_sysbios_family_arm_m3_Hwi_Module__root__V                         
200015a4  ti_sysbios_gates_GateHwi_Module__root__V                             
200015ac  ti_sysbios_gates_GateMutex_Module__root__V                           
200015b4  ti_sysbios_hal_Hwi_Module__root__V                                   
200015bc  ti_sysbios_heaps_HeapMem_Module__root__V                             
200015c4  ti_sysbios_knl_Clock_Module__root__V                                 
200015cc  ti_sysbios_knl_Event_Module__root__V                                 
200015d4  ti_sysbios_knl_Mailbox_Module__root__V                               
200015dc  ti_sysbios_knl_Queue_Module__root__V                                 
200015e4  ti_sysbios_knl_Semaphore_Module__root__V                             
200015ec  ti_sysbios_knl_Swi_Module__root__V                                   
200015f4  ti_sysbios_knl_Task_Module__root__V                                  
200015fc  xdc_runtime_System_Module_State_0_atexitHandlers__A                  
2000160a  ti_sysbios_family_arm_m3_Hwi_Module_State_0_excActive__A             
20001610  main_func_sp                                                         
20001614  ti_sysbios_family_arm_m3_Hwi_Module_State_0_excContext__A            
20001618  ti_sysbios_family_arm_m3_Hwi_Module_State_0_excStack__A              
2000161c  ti_sysbios_knl_Task_Module_State_0_idleTask__A                       
20001620  ti_sysbios_knl_Task_Instance_State_0_stack__A                        
20001820  ti_sysbios_family_arm_m3_Hwi_dispatchTable                           
200018f8  pinHandleTable                                                       
20001a60  ClockP_tickPeriod                                                    
20001a64  PowerCC26XX_swiKey                                                   
20001a68  PowerCC26XX_taskKey                                                  
20001a6c  driverlib_release_0_52354                                            
20013c00  __stack                                                              
20014000  __STACK_END                                                          
e000e000  ti_sysbios_family_arm_m3_Hwi_nvic                                    
ffffffff  __TI_pprof_out_hndl                                                  
ffffffff  __TI_prof_data_size                                                  
ffffffff  __TI_prof_data_start                                                 
ffffffff  __binit__                                                            
ffffffff  __c_args__                                                           
ffffffff  binit                                                                
UNDEFED   SHT$$INIT_ARRAY$$Base                                                
UNDEFED   SHT$$INIT_ARRAY$$Limit                                               

[743 symbols]
