******************************************************************************
                  TI ARM Linker PC v18.1.3                     
******************************************************************************
>> Linked Mon Dec  3 03:20:43 2018

OUTPUT FILE NAME:   <Power_trace_CC26X2R1.out>
ENTRY POINT SYMBOL: "ResetISR"  address: 00005175


MEMORY CONFIGURATION

         name            origin    length      used     unused   attr    fill
----------------------  --------  ---------  --------  --------  ----  --------
  FLASH                 00000000   00058000  00007770  00050890  R  X
  GPRAM                 11000000   00002000  00000000  00002000  RW X
  SRAM                  20000000   00014000  00010c83  0000337d  RW X


SEGMENT ALLOCATION MAP

run origin  load origin   length   init length attrs members
----------  ----------- ---------- ----------- ----- -------
00000000    00000000    00007720   00007720    r-x
  00000000    00000000    0000003c   0000003c    r-- .resetVecs
  0000003c    0000003c    00006be8   00006be8    r-x .text
  00006c28    00006c28    0000089c   0000089c    r-- .const
  000074c8    000074c8    00000258   00000258    r-- .cinit
00057fa8    00057fa8    00000058   00000058    r--
  00057fa8    00057fa8    00000058   00000058    r-- .ccfg
20000100    20000100    0000000c   00000000    rw-
  20000100    20000100    00000004   00000000    rw- .data:xdcRomConstPtr
  20000104    20000104    00000004   00000000    rw- .data:xdcRomExternFuncPtr
  20000108    20000108    00000004   00000000    rw- .data:xdcRomStatePtr
20000110    20000110    0000f800   00000000    r--
  20000110    20000110    0000f800   00000000    r-- .priheap
2000f910    2000f910    00000fa0   00000000    rw-
  2000f910    2000f910    000008af   00000000    rw- .bss
  200101c0    200101c0    000006f0   00000000    rw- .data
20013c00    20013c00    00000400   00000000    rw-
  20013c00    20013c00    00000400   00000000    rw- .stack


SECTION ALLOCATION MAP

 output                                  attributes/
section   page    origin      length       input sections
--------  ----  ----------  ----------   ----------------
.binit     0    00000000    00000000     

.cinit     0    000074c8    00000258     
                  000074c8    00000200     (.cinit..data.load) [load image, compression = lzss]
                  000076c8    0000000c     (__TI_handler_table)
                  000076d4    00000004     --HOLE-- [fill = 0]
                  000076d8    00000008     (.cinit..bss.load) [load image, compression = zero_init]
                  000076e0    00000008     (.cinit..data:xdcRomConstPtr.load) [load image, compression = lzss]
                  000076e8    00000008     (.cinit..data:xdcRomExternFuncPtr.load) [load image, compression = lzss]
                  000076f0    00000008     (.cinit..data:xdcRomStatePtr.load) [load image, compression = lzss]
                  000076f8    00000028     (__TI_cinit_table)

.init_array 
*          0    00000000    00000000     UNINITIALIZED

.ccfg      0    00057fa8    00000058     
                  00057fa8    00000058     ccfg.obj (.ccfg:retain)

.bss       0    2000f910    000008af     UNINITIALIZED
                  2000f910    00000250     (.common:uartCC26XXObjects)
                  2000fb60    00000200     release_pem4f.oem4f (.bss:taskStackSection)
                  2000fd60    00000120     rtsv7M4_T_le_v4SPD16_eabi.lib : trgmsg.c.obj (.bss:_CIOBUF_)
                  2000fe80    000000d8     (.common:ti_sysbios_family_arm_m3_Hwi_dispatchTable)
                  2000ff58    000000a0     (.common:__TI_tmpnams)
                  2000fff8    0000007c     (.common:pinHandleTable)
                  20010074    00000040     (.common:uartCC26XXRingBuffer)
                  200100b4    00000034     drivers_cc26x2_v1.aem4f : PINCC26XX.oem4f (.bss:pinSwi)
                  200100e8    00000020                             : GPIOCC26XX.oem4f (.bss:gpioCallbackInfo)
                  20010108    00000020                             : PINCC26XX.oem4f (.bss:pinGpioConfigTable)
                  20010128    0000001c                             : PINCC26XX.oem4f (.bss:pinHwi)
                  20010144    0000001c                             : PINCC26XX.oem4f (.bss:pinSemaphore)
                  20010160    00000014     driverlib.lib : osc.obj (.bss:oscHfGlobals)
                  20010174    00000014     drivers_cc26x2_v1.aem4f : GPIOCC26XX.oem4f (.bss:powerNotifyObj)
                  20010188    0000000c                             : GPIOCC26XX.oem4f (.bss:gpioPinState)
                  20010194    00000008                             : GPIOCC26XX.oem4f (.bss)
                  2001019c    00000008     (.common:parmbuf)
                  200101a4    00000004                             : PINCC26XX.oem4f (.bss)
                  200101a8    00000004     (.common:ClockP_tickPeriod)
                  200101ac    00000004     (.common:PowerCC26XX_swiKey)
                  200101b0    00000004     (.common:PowerCC26XX_taskKey)
                  200101b4    00000004     (.common:dnn)
                  200101b8    00000004     (.common:value_buf)
                  200101bc    00000002                             : UARTCC26XX.oem4f (.bss)
                  200101be    00000001     (.common:driverlib_release_0_52354)

.data      0    200101c0    000006f0     UNINITIALIZED
                  200101c0    00000108     release_pem4f.oem4f (.data:ROM_stateStruct)
                  200102c8    000000f0     rtsv7M4_T_le_v4SPD16_eabi.lib : defs.c.obj (.data:_ftable)
                  200103b8    000000c8     drivers_cc26x2_v1.aem4f : PowerCC26X2.oem4f (.data:PowerCC26X2_module)
                  20010480    00000088     rom_sysbios.aem4f : rom_sysbios.obj (.data:$O1$$)
                  20010508    00000078     rtsv7M4_T_le_v4SPD16_eabi.lib : write.c.obj (.data:_device)
                  20010580    00000054     release_pem4f.oem4f (.data:ti_sysbios_gates_GateMutex_Object__table__V)
                  200105d4    00000050     rtsv7M4_T_le_v4SPD16_eabi.lib : write.c.obj (.data:_stream)
                  20010624    0000004c     release_pem4f.oem4f (.data:ti_sysbios_knl_Task_Object__table__V)
                  20010670    00000048     release_pem4f.oem4f (.data:ti_sysbios_family_arm_cc26xx_Timer_Object__table__V)
                  200106b8    00000030     release_pem4f.oem4f (.data:ti_sysbios_knl_Swi_Module_State_0_readyQ__A)
                  200106e8    00000030     release_pem4f.oem4f (.data:ti_sysbios_knl_Swi_Object__table__V)
                  20010718    00000030     release_pem4f.oem4f (.data:ti_sysbios_knl_Task_Module_State_0_readyQ__A)
                  20010748    0000002c     CC26X2R1_LAUNCHXL.obj (.data:gpioPinConfigs)
                  20010774    00000020     release_pem4f.oem4f (.data:ti_sysbios_knl_Clock_Object__table__V)
                  20010794    00000020     release_pem4f.oem4f (.data:xdc_runtime_Error_IgnoreBlock)
                  200107b4    00000018     release_pem4f.oem4f (.data:ti_sysbios_family_arm_m3_Hwi_Object__table__V)
                  200107cc    00000018     release_pem4f.oem4f (.data:ti_sysbios_heaps_HeapMem_Object__table__V)
                  200107e4    00000010     CC26X2R1_LAUNCHXL.obj (.data:gpioCallbackFunctions)
                  200107f4    00000010     rtsv7M4_T_le_v4SPD16_eabi.lib : defs.c.obj (.data)
                  20010804    0000000c                                   : exit.c.obj (.data:$O1$$)
                  20010810    00000008                                   : _lock.c.obj (.data:$O1$$)
                  20010818    00000008     drivers_cc26x2_v1.aem4f : PINCC26XX.oem4f (.data)
                  20010820    00000008     release_pem4f.oem4f (.data:ti_sysbios_family_arm_m3_Hwi_Module__root__V)
                  20010828    00000008     release_pem4f.oem4f (.data:ti_sysbios_gates_GateHwi_Module__root__V)
                  20010830    00000008     release_pem4f.oem4f (.data:ti_sysbios_gates_GateMutex_Module__root__V)
                  20010838    00000008     release_pem4f.oem4f (.data:ti_sysbios_hal_Hwi_Module__root__V)
                  20010840    00000008     release_pem4f.oem4f (.data:ti_sysbios_heaps_HeapMem_Module__root__V)
                  20010848    00000008     release_pem4f.oem4f (.data:ti_sysbios_knl_Clock_Module__root__V)
                  20010850    00000008     release_pem4f.oem4f (.data:ti_sysbios_knl_Event_Module__root__V)
                  20010858    00000008     release_pem4f.oem4f (.data:ti_sysbios_knl_Mailbox_Module__root__V)
                  20010860    00000008     release_pem4f.oem4f (.data:ti_sysbios_knl_Queue_Module__root__V)
                  20010868    00000008     release_pem4f.oem4f (.data:ti_sysbios_knl_Semaphore_Module__root__V)
                  20010870    00000008     release_pem4f.oem4f (.data:ti_sysbios_knl_Swi_Module__root__V)
                  20010878    00000008     release_pem4f.oem4f (.data:ti_sysbios_knl_Task_Module__root__V)
                  20010880    00000008     release_pem4f.oem4f (.data:xdc_runtime_System_Module_State_0_atexitHandlers__A)
                  20010888    00000005     drivers_cc26x2_v1.aem4f : GPIOCC26XX.oem4f (.data)
                  2001088d    00000001                             : UART.oem4f (.data)
                  2001088e    00000002     release_pem4f.oem4f (.data:ti_sysbios_family_arm_m3_Hwi_Module_State_0_excActive__A)
                  20010890    00000004     dnn_model.obj (.data)
                  20010894    00000004     drivers_cc26x2_v1.aem4f : GPIOCC26XX.oem4f (.data:gpioPinTable)
                  20010898    00000004     rtsv7M4_T_le_v4SPD16_eabi.lib : fopen.c.obj (.data)
                  2001089c    00000004                                   : open.c.obj (.data)
                  200108a0    00000004                                   : stkdepth_vars.c.obj (.data)
                  200108a4    00000004     release_pem4f.oem4f (.data:ti_sysbios_family_arm_m3_Hwi_Module_State_0_excContext__A)
                  200108a8    00000004     release_pem4f.oem4f (.data:ti_sysbios_family_arm_m3_Hwi_Module_State_0_excStack__A)
                  200108ac    00000004     release_pem4f.oem4f (.data:ti_sysbios_knl_Task_Module_State_0_idleTask__A)

.stack     0    20013c00    00000400     UNINITIALIZED
                  20013c00    00000400     --HOLE--

.priheap   0    20000110    0000f800     UNINITIALIZED
                  20000110    0000f800     --HOLE--

.data:xdcRomConstPtr 
*          0    20000100    00000004     UNINITIALIZED
                  20000100    00000004     release_pem4f.oem4f (.data:xdcRomConstPtr)

.data:xdcRomExternFuncPtr 
*          0    20000104    00000004     UNINITIALIZED
                  20000104    00000004     release_pem4f.oem4f (.data:xdcRomExternFuncPtr)

.data:xdcRomStatePtr 
*          0    20000108    00000004     UNINITIALIZED
                  20000108    00000004     release_pem4f.oem4f (.data:xdcRomStatePtr)

.bootVecs 
*          0    00000000    00000008     DSECT
                  00000000    00000008     boot.aem4f : boot.oem4f (.bootVecs)

.resetVecs 
*          0    00000000    0000003c     
                  00000000    0000003c     release_pem4f.oem4f (.resetVecs)

.vecs      0    20000000    000000d8     NOLOAD SECTION
                  20000000    000000d8     release_pem4f.oem4f (.vecs)

xdc.meta   0    00000000    00000108     COPY SECTION
                  00000000    00000108     release_pem4f.oem4f (xdc.meta)

xdc.noload 
*          0    00000000    00000000     COPY SECTION

.text      0    0000003c    00006be8     
                  0000003c    00000af0     rtsv7M4_T_le_v4SPD16_eabi.lib : _scanfi.c.obj (.text:__TI_scanfi)
                  00000b2c    00000460                                   : strtod.c.obj (.text:strtod)
                  00000f8c    000001f0                                   : e_logf.c.obj (.text:logf)
                  0000117c    000001e8                                   : e_expf.c.obj (.text:expf)
                  00001364    000001dc                                   : strtoll.c.obj (.text:strtoll)
                  00001540    000001d8     dnn_model.obj (.text:predict)
                  00001718    000001c0     drivers_cc26x2_v1.aem4f : PINCC26XX.oem4f (.text:PIN_init)
                  000018d8    000001b6     rtsv7M4_T_le_v4SPD16_eabi.lib : fd_add_t2.asm.obj (.text)
                  00001a8e    00000002                                   : _lock.c.obj (.text:_nop)
                  00001a90    000001a4     drivers_cc26x2_v1.aem4f : PowerCC26X2.oem4f (.text:Power_sleep)
                  00001c34    00000194                             : PowerCC26X2_calibrateRCOSC.oem4f (.text:runCalibrateFsm)
                  00001dc8    00000188     uartecho.obj (.text:mainThread)
                  00001f50    0000015c     drivers_cc26x2_v1.aem4f : UARTCC26XX.oem4f (.text:UARTCC26XX_open)
                  000020ac    0000015c                             : PowerCC26X2_calibrateRCOSC.oem4f (.text:calibrateRcoscHf1)
                  00002208    0000015c     rtsv7M4_T_le_v4SPD16_eabi.lib : strtoull.c.obj (.text:strtoull)
                  00002364    00000154     drivers_cc26x2_v1.aem4f : UARTCC26XX.oem4f (.text:UARTCC26XX_hwiIntFxn)
                  000024b8    00000148     driverlib.lib : setup.obj (.text:TrimAfterColdResetWakeupFromShutDown)
                  00002600    00000138     drivers_cc26x2_v1.aem4f : UARTCC26XX.oem4f (.text:UARTCC26XX_read)
                  00002738    00000136     rtsv7M4_T_le_v4SPD16_eabi.lib : fd_div_t2.asm.obj (.text)
                  0000286e    00000002     drivers_cc26x2_v1.aem4f : PowerCC26X2.oem4f (.text:emptyClockFunc)
                  00002870    00000134     dnn_model.obj (.text:softmax)
                  000029a4    00000130     drivers_cc26x2_v1.aem4f : PowerCC26X2.oem4f (.text:Power_init)
                  00002ad4    00000130     rtsv7M4_T_le_v4SPD16_eabi.lib : strtol.c.obj (.text:strtol)
                  00002c04    00000118     driverlib.lib : sys_ctrl.obj (.text:NOROM_SysCtrlStandby)
                  00002d1c    00000110     rtsv7M4_T_le_v4SPD16_eabi.lib : s_scalbn.c.obj (.text:scalbn)
                  00002e2c    00000110                                   : strtoul.c.obj (.text:strtoul)
                  00002f3c    00000104     drivers_cc26x2_v1.aem4f : UARTCC26XX.oem4f (.text:UARTCC26XX_write)
                  00003040    00000100                             : GPIOCC26XX.oem4f (.text:GPIO_setConfig)
                  00003140    000000fc     rtsv7M4_T_le_v4SPD16_eabi.lib : fd_mul_t2.asm.obj (.text)
                  0000323c    000000f8                                   : fread.c.obj (.text:fread)
                  00003334    000000e4     rom_sysbios.aem4f : rom_sysbios.obj (.text:pthread_create)
                  00003418    000000e0     drivers_cc26x2_v1.aem4f : PINCC26XX.oem4f (.text:PINCC26XX_setIoCfg)
                  000034f8    000000dc     rtsv7M4_T_le_v4SPD16_eabi.lib : setvbuf.c.obj (.text:setvbuf)
                  000035d4    000000d8     drivers_cc26x2_v1.aem4f : GPIOCC26XX.oem4f (.text:GPIO_init)
                  000036ac    000000d0     rtsv7M4_T_le_v4SPD16_eabi.lib : fopen.c.obj (.text:_openfile)
                  0000377c    000000c8     drivers_cc26x2_v1.aem4f : PowerCC26X2.oem4f (.text:Power_releaseDependency)
                  00003844    000000c4                             : PowerCC26X2.oem4f (.text:Power_setDependency)
                  00003908    000000c0                             : UARTCC26XX.oem4f (.text:UARTCC26XX_initIO)
                  000039c8    000000bc     rtsv7M4_T_le_v4SPD16_eabi.lib : open.c.obj (.text:open)
                  00003a84    000000b8     drivers_cc26x2_v1.aem4f : UARTCC26XX.oem4f (.text:UARTCC26XX_initHw)
                  00003b3c    000000b4     dpl_cc26x2_v1.aem4f : PowerCC26X2_tirtos.oem4f (.text:PowerCC26XX_standbyPolicy)
                  00003bf0    000000a0     drivers_cc26x2_v1.aem4f : UARTCC26XX.oem4f (.text:UARTCC26XX_writeCancel)
                  00003c90    000000a0     auto_init.aem4f : auto_init.oem4f (.text)
                  00003d30    000000a0     rom_sysbios.aem4f : rom_sysbios.obj (.text:ti_sysbios_knl_Task_setPri__E)
                  00003dd0    0000009c     drivers_cc26x2_v1.aem4f : UARTCC26XX.oem4f (.text:UARTCC26XX_swiIntFxn)
                  00003e6c    0000009c     rtsv7M4_T_le_v4SPD16_eabi.lib : _bufread.c.obj (.text:__TI_buff_read)
                  00003f08    0000009c                                   : fopen.c.obj (.text:fopen)
                  00003fa4    0000009c                                   : memcpy_t2.asm.obj (.text)
                  00004040    00000098     driverlib.lib : setup.obj (.text:NOROM_SetupTrimDevice)
                  000040d8    00000098     rom_sysbios.aem4f : rom_sysbios.obj (.text:ti_sysbios_knl_Clock_workFuncDynamic__E)
                  00004170    00000096     rtsv7M4_T_le_v4SPD16_eabi.lib : ull_div_t2.asm.obj (.text)
                  00004206    00000002                                   : div0.asm.obj (.text)
                  00004208    00000094     drivers_cc26x2_v1.aem4f : PINCC26XX.oem4f (.text:PIN_open)
                  0000429c    00000090                             : UARTCC26XX.oem4f (.text:writeTxFifoFlush)
                  0000432c    00000088     driverlib.lib : osc.obj (.text:NOROM_OSCHF_AttemptToSwitchToXosc)
                  000043b4    00000088     rom_sysbios.aem4f : rom_sysbios.obj (.text:_pthread_removeThreadKeys)
                  0000443c    00000088     drivers_cc26x2_v1.aem4f : PowerCC26X2_calibrateRCOSC.oem4f (.text:calibrateRcoscHf2)
                  000044c4    00000086     rtsv7M4_T_le_v4SPD16_eabi.lib : fd_cmp_t2.asm.obj (.text:__aeabi_cdcmple)
                  0000454a    00000086                                   : fd_cmp_t2.asm.obj (.text:__aeabi_cdrcmple)
                  000045d0    00000084     CC26X2R1_LAUNCHXL_fxns.obj (.text:CC26X2R1_LAUNCHXL_sendExtFlashByte)
                  00004654    00000084     drivers_cc26x2_v1.aem4f : UARTCC26XX.oem4f (.text:UARTCC26XX_close)
                  000046d8    00000080     driverlib.lib : setup_rom.obj (.text:NOROM_SetupStepVddrTrimTo)
                  00004758    00000080     rom_sysbios.aem4f : rom_sysbios.obj (.text:ti_sysbios_family_arm_cc26xx_Timer_start__E)
                  000047d8    0000007c     drivers_cc26x2_v1.aem4f : PowerCC26X2_calibrateRCOSC.oem4f (.text:updateSubSecInc)
                  00004854    0000007a     rtsv7M4_T_le_v4SPD16_eabi.lib : memset_t2.asm.obj (.text)
                  000048ce    00000002     release_pem4f.oem4f (.text:ti_sysbios_BIOS_nullFunc__I)
                  000048d0    00000074     drivers_cc26x2_v1.aem4f : PowerCC26X2_calibrateRCOSC.oem4f (.text:PowerCC26X2_auxISR)
                  00004944    00000074     rtsv7M4_T_le_v4SPD16_eabi.lib : fclose.c.obj (.text:__TI_closefile)
                  000049b8    0000006e                                   : fd_tos_t2.asm.obj (.text)
                  00004a26    00000002     release_pem4f.oem4f (.text:ti_sysbios_rom_cortexm_cc26xx_agama_CC26xx_badRomRevision__E)
                  00004a28    0000006c     driverlib.lib : setup_rom.obj (.text:NOROM_SetupAfterColdResetWakeupFromShutDownCfg1)
                  00004a94    0000006c     drivers_cc26x2_v1.aem4f : PINCC26XX.oem4f (.text:PIN_add)
                  00004b00    0000006c                             : UARTCC26XX.oem4f (.text:UARTCC26XX_readCancel)
                  00004b6c    00000068     rtsv7M4_T_le_v4SPD16_eabi.lib : hostlseek.c.obj (.text:HOSTlseek)
                  00004bd4    00000068                                   : hostrename.c.obj (.text:HOSTrename)
                  00004c3c    00000068     driverlib.lib : osc.obj (.text:NOROM_OSCHF_SwitchToRcOscTurnOffXosc)
                  00004ca4    00000068     rtsv7M4_T_le_v4SPD16_eabi.lib : sscanf.c.obj (.text:_chkmbc)
                  00004d0c    00000068                                   : copy_decompress_lzss.c.obj (.text:decompress:lzss:__TI_decompress_lzss)
                  00004d74    00000064     drivers_cc26x2_v1.aem4f : UARTCC26XX.oem4f (.text:UARTCC26XX_control)
                  00004dd8    00000064     main_tirtos.obj (.text:main)
                  00004e3c    00000060     drivers_cc26x2_v1.aem4f : GPIOCC26XX.oem4f (.text:GPIO_write)
                  00004e9c    00000060     rtsv7M4_T_le_v4SPD16_eabi.lib : hostopen.c.obj (.text:HOSTopen)
                  00004efc    0000005c     drivers_cc26x2_v1.aem4f : PINCC26XX.oem4f (.text:PIN_remove)
                  00004f58    0000005c     rtsv7M4_T_le_v4SPD16_eabi.lib : close.c.obj (.text:close)
                  00004fb4    0000005c     rom_sysbios.aem4f : rom_sysbios.obj (.text:ti_sysbios_heaps_HeapMem_initPrimary__I)
                  00005010    0000005c     release_pem4f.oem4f (.text:xdc_runtime_Startup_getState__I)
                  0000506c    00000058     rtsv7M4_T_le_v4SPD16_eabi.lib : hostread.c.obj (.text:HOSTread)
                  000050c4    00000058                                   : hostwrite.c.obj (.text:HOSTwrite)
                  0000511c    00000058     drivers_cc26x2_v1.aem4f : PowerCC26X2_calibrateRCOSC.oem4f (.text:PowerCC26X2_initiateCalibration)
                  00005174    00000058     boot.aem4f : boot.oem4f (.text)
                  000051cc    00000058     drivers_cc26x2_v1.aem4f : PowerCC26X2.oem4f (.text:disableLFClockQualifiers)
                  00005224    00000058     rom_sysbios.aem4f : rom_sysbios.obj (.text:pthread_exit)
                  0000527c    00000054     drivers_cc26x2_v1.aem4f : GPIOCC26XX.oem4f (.text:powerPostNotify)
                  000052d0    00000050     dpl_cc26x2_v1.aem4f : ClockP_tirtos.oem4f (.text:ClockP_construct)
                  00005320    00000050     drivers_cc26x2_v1.aem4f : GPIOCC26XX.oem4f (.text:GPIO_enableInt)
                  00005370    00000050     driverlib.lib : chipinfo.obj (.text:NOROM_ChipInfo_GetChipType)
                  000053c0    00000050     drivers_cc26x2_v1.aem4f : PowerCC26X2.oem4f (.text:configureXOSCHF)
                  00005410    0000004c     CC26X2R1_LAUNCHXL_fxns.obj (.text:CC26X2R1_LAUNCHXL_wakeUpExtFlash)
                  0000545c    0000004c     rtsv7M4_T_le_v4SPD16_eabi.lib : fflush.c.obj (.text:__TI_doflush)
                  000054a8    0000004c                                   : atoi.c.obj (.text:atoi)
                  000054f4    0000004c                                   : cpy_tbl.c.obj (.text:copy_in)
                  00005540    0000004c     dnn_model.obj (.text:init_model)
                  0000558c    0000004c     drivers_cc26x2_v1.aem4f : UARTCC26XX.oem4f (.text:startTxFifoEmptyClk)
                  000055d8    0000004a     rtsv7M4_T_le_v4SPD16_eabi.lib : _io_perm.c.obj (.text:__TI_rd_ok)
                  00005622    00000002     rom_sysbios.aem4f : rom_sysbios.obj (.text:xdc_runtime_SysCallback_defaultAbort)
                  00005624    00000048     drivers_cc26x2_v1.aem4f : PINCC26XX.oem4f (.text:PIN_setOutputEnable)
                  0000566c    00000048                             : UARTCC26XX.oem4f (.text:writeFinishedDoCallback)
                  000056b4    00000046                             : RingBuf.oem4f (.text:RingBuf_put)
                  000056fa    00000002     rom_sysbios.aem4f : rom_sysbios.obj (.text:xdc_runtime_SysCallback_defaultExit)
                  000056fc    00000044     rtsv7M4_T_le_v4SPD16_eabi.lib : hostclose.c.obj (.text:HOSTclose)
                  00005740    00000044                                   : hostunlink.c.obj (.text:HOSTunlink)
                  00005784    00000044     driverlib.lib : chipinfo.obj (.text:NOROM_ChipInfo_GetHwRevision)
                  000057c8    00000044     drivers_cc26x2_v1.aem4f : PINCC26XX.oem4f (.text:PIN_swi)
                  0000580c    00000044                             : UART.oem4f (.text:UART_init)
                  00005850    00000044     rtsv7M4_T_le_v4SPD16_eabi.lib : getdevice.c.obj (.text:getdevice)
                  00005894    00000044     drivers_cc26x2_v1.aem4f : PowerCC26X2.oem4f (.text:switchXOSCHF)
                  000058d8    00000040     CC26X2R1_LAUNCHXL_fxns.obj (.text:CC26X2R1_LAUNCHXL_shutDownExtFlash)
                  00005918    00000040     drivers_cc26x2_v1.aem4f : RingBuf.oem4f (.text:RingBuf_get)
                  00005958    00000040     driverlib.lib : setup.obj (.text:Step_RCOSCHF_CTRIM)
                  00005998    00000040                   : setup.obj (.text:Step_VBG)
                  000059d8    00000040     rom_sysbios.aem4f : rom_sysbios.obj (.text:ti_sysbios_family_arm_cc26xx_Timer_setThreshold__I)
                  00005a18    0000003e     dpl_cc26x2_v1.aem4f : HwiP_tirtos.oem4f (.text:HwiP_construct)
                  00005a56    00000002     rom_sysbios.aem4f : rom_sysbios.obj (.text:xdc_runtime_SysCallback_defaultFlush)
                  00005a58    0000003c     drivers_cc26x2_v1.aem4f : PINCC26XX.oem4f (.text:PIN_setOutputValue)
                  00005a94    0000003c     dpl_cc26x2_v1.aem4f : SwiP_tirtos.oem4f (.text:SwiP_construct)
                  00005ad0    0000003c     drivers_cc26x2_v1.aem4f : UART.oem4f (.text:UART_open)
                  00005b0c    0000003c     rom_sysbios.aem4f : rom_sysbios.obj (.text:ti_sysbios_family_arm_m3_Hwi_construct2__E)
                  00005b48    00000038     drivers_cc26x2_v1.aem4f : PINCC26XX.oem4f (.text:PIN_setInterrupt)
                  00005b80    00000038     rtsv7M4_T_le_v4SPD16_eabi.lib : trgmsg.c.obj (.text:__TI_writemsg)
                  00005bb8    00000038     drivers_cc26x2_v1.aem4f : PowerCC26X2.oem4f (.text:notify)
                  00005bf0    00000038                             : UARTCC26XX.oem4f (.text:readData)
                  00005c28    00000038     rtsv7M4_T_le_v4SPD16_eabi.lib : fs_tod_t2.asm.obj (.text)
                  00005c60    00000038                                   : sscanf.c.obj (.text:sscanf)
                  00005c98    00000038     drivers_cc26x2_v1.aem4f : UARTCC26XX.oem4f (.text:writeData)
                  00005cd0    00000036     rtsv7M4_T_le_v4SPD16_eabi.lib : strncpy.c.obj (.text:strncpy)
                  00005d06    00000002     rom_sysbios.aem4f : rom_sysbios.obj (.text:xdc_runtime_SysCallback_defaultPutch)
                  00005d08    00000034     driverlib.lib : aux_sysif.obj (.text:NOROM_AUXSYSIFOpModeChange)
                  00005d3c    00000034                   : sys_ctrl.obj (.text:NOROM_SysCtrlIdle)
                  00005d70    00000034     drivers_cc26x2_v1.aem4f : PINCC26XX.oem4f (.text:PIN_setConfig)
                  00005da4    00000034                             : PowerCC26X2.oem4f (.text:Power_releaseConstraint)
                  00005dd8    00000034     rtsv7M4_T_le_v4SPD16_eabi.lib : fopen.c.obj (.text:__TI_cleanup)
                  00005e0c    00000034                                   : trgmsg.c.obj (.text:__TI_readmsg)
                  00005e40    00000034     drivers_cc26x2_v1.aem4f : UARTCC26XX.oem4f (.text:readData2RingBuf)
                  00005e74    00000032     rom_sysbios.aem4f : rom_sysbios.obj (.text:ti_sysbios_family_arm_cc26xx_Timer_setNextTick__E)
                  00005ea6    00000002     --HOLE-- [fill = 0]
                  00005ea8    00000030     drivers_cc26x2_v1.aem4f : GPIOCC26XX.oem4f (.text:GPIO_hwiIntFxn)
                  00005ed8    00000030                             : PowerCC26X2.oem4f (.text:Power_setConstraint)
                  00005f08    00000030     rtsv7M4_T_le_v4SPD16_eabi.lib : getdevice.c.obj (.text:finddevice)
                  00005f38    00000030     drivers_cc26x2_v1.aem4f : PowerCC26X2_calibrateRCOSC.oem4f (.text:startTDC)
                  00005f68    00000030     release_pem4f.oem4f (.text:ti_sysbios_BIOS_atExitFunc__I)
                  00005f98    00000030     release_pem4f.oem4f (.text:ti_sysbios_BIOS_startFunc__I)
                  00005fc8    00000030     rom_sysbios.aem4f : rom_sysbios.obj (.text:ti_sysbios_family_arm_cc26xx_Timer_getCurrentTick__E)
                  00005ff8    00000030                       : rom_sysbios.obj (.text:ti_sysbios_family_arm_cc26xx_Timer_initDevice__I)
                  00006028    0000002e     release_pem4f.oem4f (.text:ti_sysbios_rts_gnu_MemAlloc_alloc)
                  00006056    00000002     --HOLE-- [fill = 0]
                  00006058    0000002c     drivers_cc26x2_v1.aem4f : GPIOCC26XX.oem4f (.text:GPIO_setCallback)
                  00006084    0000002c                             : PINCC26XX.oem4f (.text:PINCC26XX_setMux)
                  000060b0    0000002c     dpl_cc26x2_v1.aem4f : SemaphoreP_tirtos.oem4f (.text:SemaphoreP_constructBinary)
                  000060dc    0000002c                         : SemaphoreP_tirtos.oem4f (.text:SemaphoreP_createBinary)
                  00006108    0000002c     rom_sysbios.aem4f : rom_sysbios.obj (.text:_pthread_delete$44)
                  00006134    0000002c     rtsv7M4_T_le_v4SPD16_eabi.lib : fclose.c.obj (.text:fclose)
                  00006160    0000002c     rom_sysbios.aem4f : rom_sysbios.obj (.text:pthread_setcancelstate)
                  0000618c    0000002c     dnn_model.obj (.text:relu)
                  000061b8    0000002c     rom_sysbios.aem4f : rom_sysbios.obj (.text:ti_sysbios_knl_Clock_getTicksUntilInterrupt__E)
                  000061e4    0000002c     rtsv7M4_T_le_v4SPD16_eabi.lib : unlink.c.obj (.text:unlink)
                  00006210    00000028     dpl_cc26x2_v1.aem4f : PowerCC26X2_tirtos.oem4f (.text:PowerCC26XX_schedulerDisable)
                  00006238    00000028                         : PowerCC26X2_tirtos.oem4f (.text:PowerCC26XX_schedulerRestore)
                  00006260    00000028     drivers_cc26x2_v1.aem4f : PowerCC26X2.oem4f (.text:Power_registerNotify)
                  00006288    00000028                             : PowerCC26X2.oem4f (.text:oscillatorISR)
                  000062b0    00000028     rtsv7M4_T_le_v4SPD16_eabi.lib : read.c.obj (.text:read)
                  000062d8    00000028                                   : write.c.obj (.text:write)
                  00006300    00000026     drivers_cc26x2_v1.aem4f : List.oem4f (.text:List_put)
                  00006326    00000026                             : List.oem4f (.text:List_remove)
                  0000634c    00000024     driverlib.lib : osc.obj (.text:NOROM_OSCHF_TurnOnXosc)
                  00006370    00000024     rom_sysbios.aem4f : rom_sysbios.obj (.text:_pthread_cleanupFxn)
                  00006394    00000024     drivers_cc26x2_v1.aem4f : PowerCC26X2_calibrateRCOSC.oem4f (.text:getTdcSemaphore)
                  000063b8    00000024     rom_sysbios.aem4f : rom_sysbios.obj (.text:pthread_attr_init)
                  000063dc    00000024     release_pem4f.oem4f (.text:ti_sysbios_BIOS_registerRTSLock__I)
                  00006400    00000024     release_pem4f.oem4f (.text:ti_sysbios_BIOS_removeRTSLock__I)
                  00006424    00000024     rom_sysbios.aem4f : rom_sysbios.obj (.text:ti_sysbios_family_arm_cc26xx_Timer_getMaxTicks__E)
                  00006448    00000020     drivers_cc26x2_v1.aem4f : PowerCC26X2.oem4f (.text:Power_unregisterNotify)
                  00006468    00000020     release_pem4f.oem4f (.text:ti_sysbios_BIOS_rtsLock__I)
                  00006488    00000020     rom_sysbios.aem4f : rom_sysbios.obj (.text:ti_sysbios_family_arm_cc26xx_Timer_dynamicStub__E)
                  000064a8    00000020                       : rom_sysbios.obj (.text:xdc_runtime_Error_policyMin__E)
                  000064c8    0000001e     drivers_cc26x2_v1.aem4f : PINCC26XX.oem4f (.text:PIN_close)
                  000064e6    0000001e                             : PowerCC26X2.oem4f (.text:Power_getTransitionLatency)
                  00006504    0000001c     CC26X2R1_LAUNCHXL.obj (.text:CC26X2R1_LAUNCHXL_initGeneral)
                  00006520    0000001c     driverlib.lib : chipinfo.obj (.text:NOROM_ChipInfo_GetChipFamily)
                  0000653c    0000001c     drivers_cc26x2_v1.aem4f : PINCC26XX.oem4f (.text:PINCC26XX_setIoCfgMux)
                  00006558    0000001c                             : PINCC26XX.oem4f (.text:PIN_hwi)
                  00006574    0000001c     release_pem4f.oem4f (.text:ti_sysbios_BIOS_errorRaiseHook__I)
                  00006590    0000001c     rom_sysbios.aem4f : rom_sysbios.obj (.text:ti_sysbios_knl_Swi_construct2__E)
                  000065ac    0000001c     release_pem4f.oem4f (.text:xdc_runtime_Startup_exec__I)
                  000065c8    0000001a     drivers_cc26x2_v1.aem4f : PowerCC26X2.oem4f (.text:PowerCC26XX_calibrate)
                  000065e2    0000001a     release_pem4f.oem4f (.text:free)
                  000065fc    00000018     driverlib.lib : chipinfo.obj (.text:NOROM_ChipInfo_GetPackageType)
                  00006614    00000018     drivers_cc26x2_v1.aem4f : PowerCC26X2.oem4f (.text:Power_idleFunc)
                  0000662c    00000018                             : UARTCC26XX.oem4f (.text:UARTCC26XX_init)
                  00006644    00000018                             : UART.oem4f (.text:UART_Params_init)
                  0000665c    00000018     rtsv7M4_T_le_v4SPD16_eabi.lib : args_main.c.obj (.text:_args_main)
                  00006674    00000018                                   : ll_mul_t2.asm.obj (.text)
                  0000668c    00000018                                   : strcmp.c.obj (.text:strcmp)
                  000066a4    00000018                                   : strrchr.c.obj (.text:strrchr)
                  000066bc    00000018     release_pem4f.oem4f (.text:ti_sysbios_BIOS_rtsUnlock__I)
                  000066d4    00000018     rom_sysbios.aem4f : rom_sysbios.obj (.text:ti_sysbios_knl_Swi_or__E)
                  000066ec    00000018     release_pem4f.oem4f (.text:ti_sysbios_rom_cortexm_cc26xx_agama_CC26xx_checkRevision__E)
                  00006704    00000018     rom_sysbios.aem4f : rom_sysbios.obj (.text:ti_sysbios_rts_ti_ReentSupport_getReent__F)
                  0000671c    00000018                       : rom_sysbios.obj (.text:xdc_runtime_Error_init__E)
                  00006734    00000016     driverlib.lib : chipinfo.obj (.text:NOROM_ThisLibraryIsFor_CC13x2_CC26x2_HwRev1x_HaltIfViolated)
                  0000674a    00000016     rom_sysbios.aem4f : rom_sysbios.obj (.text:_pthread_cleanup_pop)
                  00006760    00000016     rtsv7M4_T_le_v4SPD16_eabi.lib : strchr.c.obj (.text:strchr)
                  00006776    00000016     release_pem4f.oem4f (.text:ti_sysbios_BIOS_exitFunc__I)
                  0000678c    00000014     drivers_cc26x2_v1.aem4f : PowerCC26X2_calibrateRCOSC.oem4f (.text:PowerCC26X2_calibrate)
                  000067a0    00000014                             : PowerCC26X2.oem4f (.text:configureRFCoreClocks)
                  000067b4    00000014     rtsv7M4_T_le_v4SPD16_eabi.lib : s_copysign.c.obj (.text:copysign)
                  000067c8    00000014     rom_sysbios.aem4f : rom_sysbios.obj (.text:pthread_attr_setschedparam)
                  000067dc    00000014     rtsv7M4_T_le_v4SPD16_eabi.lib : strcpy.c.obj (.text:strcpy)
                  000067f0    00000014                                   : strlen.c.obj (.text:strlen)
                  00006804    00000014     rom_sysbios.aem4f : rom_sysbios.obj (.text:ti_sysbios_family_arm_cc26xx_Timer_getCount64__E)
                  00006818    00000014     release_pem4f.oem4f (.text:ti_sysbios_knl_Clock_doTick__I)
                  0000682c    00000012     drivers_cc26x2_v1.aem4f : RingBuf.oem4f (.text:RingBuf_construct)
                  0000683e    00000012     dpl_cc26x2_v1.aem4f : SemaphoreP_tirtos.oem4f (.text:SemaphoreP_pend)
                  00006850    00000012     rtsv7M4_T_le_v4SPD16_eabi.lib : sscanf.c.obj (.text:_inpchar)
                  00006862    00000012     rom_sysbios.aem4f : rom_sysbios.obj (.text:_pthread_runStub$44)
                  00006874    00000010     dpl_cc26x2_v1.aem4f : HwiP_tirtos.oem4f (.text:HwiP_Params_init)
                  00006884    00000010     drivers_cc26x2_v1.aem4f : PINCC26XX.oem4f (.text:PINCC26XX_getPinCount)
                  00006894    00000010     dpl_cc26x2_v1.aem4f : SwiP_tirtos.oem4f (.text:SwiP_Params_init)
                  000068a4    00000010     drivers_cc26x2_v1.aem4f : UARTCC26XX.oem4f (.text:uartPostNotify)
                  000068b4    00000010     rom_sysbios.aem4f : rom_sysbios.obj (.text:xdc_runtime_SysCallback_flush__E)
                  000068c4    00000010                       : rom_sysbios.obj (.text:xdc_runtime_SysCallback_putch__E)
                  000068d4    00000010                       : rom_sysbios.obj (.text:xdc_runtime_SysCallback_ready__E)
                  000068e4    0000000e     rtsv7M4_T_le_v4SPD16_eabi.lib : copy_decompress_none.c.obj (.text:decompress:none:__TI_decompress_none)
                  000068f2    0000000e     rom_sysbios.aem4f : rom_sysbios.obj (.text:pthread_attr_setdetachstate)
                  00006900    0000000e                       : rom_sysbios.obj (.text:ti_sysbios_family_arm_cc26xx_TimestampProvider_get32__E)
                  0000690e    0000000c     driverlib.lib : cpu.obj (.text:NOROM_CPUcpsid)
                  0000691a    0000000c                   : cpu.obj (.text:NOROM_CPUcpsie)
                  00006926    0000000c     drivers_cc26x2_v1.aem4f : PINCC26XX.oem4f (.text:PIN_registerIntCb)
                  00006932    00000002     --HOLE-- [fill = 0]
                  00006934    0000000c                             : PowerCC26X2.oem4f (.text:Power_getConstraintMask)
                  00006940    0000000c                             : PowerCC26X2.oem4f (.text:Power_getDependencyCount)
                  0000694c    0000000c     dpl_cc26x2_v1.aem4f : SemaphoreP_tirtos.oem4f (.text:SemaphoreP_delete)
                  00006958    0000000c     rtsv7M4_T_le_v4SPD16_eabi.lib : _lock.c.obj (.text:_register_lock)
                  00006964    0000000c                                   : _lock.c.obj (.text:_register_unlock)
                  00006970    0000000c                                   : copy_zero_init.c.obj (.text:decompress:ZI:__TI_zero_init)
                  0000697c    0000000c     rom_sysbios.aem4f : rom_sysbios.obj (.text:pthread_self)
                  00006988    0000000c                       : rom_sysbios.obj (.text:ti_sysbios_BIOS_getThreadType__E)
                  00006994    0000000c                       : rom_sysbios.obj (.text:ti_sysbios_knl_Swi_getTrigger__E)
                  000069a0    0000000c     release_pem4f.oem4f (.text:xdc_runtime_Startup_reset__I)
                  000069ac    0000000a     dpl_cc26x2_v1.aem4f : ClockP_tirtos.oem4f (.text:ClockP_Params_init)
                  000069b6    0000000a     drivers_cc26x2_v1.aem4f : UART.oem4f (.text:UART_read)
                  000069c0    0000000a                             : UART.oem4f (.text:UART_write)
                  000069ca    0000000a     release_pem4f.oem4f (.text:ti_sysbios_rts_ti_ReentSupport_getTlsAddr__I)
                  000069d4    00000008     CC26X2R1_LAUNCHXL_fxns.obj (.text:Board_initHook)
                  000069dc    00000008     rtsv7M4_T_le_v4SPD16_eabi.lib : sscanf.c.obj (.text:_uninpchar)
                  000069e4    00000008     drivers_cc26x2_v1.aem4f : UARTCC26XX.oem4f (.text:readSemCallback)
                  000069ec    00000008                             : UARTCC26XX.oem4f (.text:writeSemCallback)
                  000069f4    00000006     driverlib.lib : cpu.obj (.text:NOROM_CPUdelay)
                  000069fa    00000006     drivers_cc26x2_v1.aem4f : UARTCC26XX.oem4f (.text:UARTCC26XX_readPolling)
                  00006a00    00000006                             : UARTCC26XX.oem4f (.text:UARTCC26XX_writePolling)
                  00006a06    00000006     rom_sysbios.aem4f : rom_sysbios.obj (.text:pthread_attr_setstacksize)
                  00006a0c    00000004     dpl_cc26x2_v1.aem4f : PowerCC26X2_tirtos.oem4f (.text:CPUwfi)
                  00006a10    00000004                         : ClockP_tirtos.oem4f (.text:ClockP_destruct)
                  00006a14    00000004                         : ClockP_tirtos.oem4f (.text:ClockP_getCpuFreq)
                  00006a18    00000004                         : ClockP_tirtos.oem4f (.text:ClockP_setTimeout)
                  00006a1c    00000004                         : ClockP_tirtos.oem4f (.text:ClockP_start)
                  00006a20    00000004                         : ClockP_tirtos.oem4f (.text:ClockP_stop)
                  00006a24    00000004                         : HwiP_tirtos.oem4f (.text:HwiP_destruct)
                  00006a28    00000004                         : HwiP_tirtos.oem4f (.text:HwiP_disable)
                  00006a2c    00000004                         : SemaphoreP_tirtos.oem4f (.text:SemaphoreP_destruct)
                  00006a30    00000004                         : SemaphoreP_tirtos.oem4f (.text:SemaphoreP_post)
                  00006a34    00000004                         : SwiP_tirtos.oem4f (.text:SwiP_destruct)
                  00006a38    00000004                         : SwiP_tirtos.oem4f (.text:SwiP_disable)
                  00006a3c    00000004                         : SwiP_tirtos.oem4f (.text:SwiP_getTrigger)
                  00006a40    00000004                         : SwiP_tirtos.oem4f (.text:SwiP_or)
                  00006a44    00000004     rom_sysbios.aem4f : rom_sysbios.obj (.text:__aeabi_errno_addr)
                  00006a48    00000004     drivers_cc26x2_v1.aem4f : PowerCC26X2.oem4f (.text:nopResourceHandler)
                  00006a4c    00000004     rom_sysbios.aem4f : rom_sysbios.obj (.text:ti_sysbios_knl_Queue_insert__E)
                  00006a50    00000004                       : rom_sysbios.obj (.text:ti_sysbios_knl_Task_getArg1__E)
                  00006a54    00000004                       : rom_sysbios.obj (.text:ti_sysbios_knl_Task_getEnv__E)
                  00006a58    00000004                       : rom_sysbios.obj (.text:xdc_runtime_SysCallback_defaultReady)
                  00006a5c    00000008     (.tramp.ti_sysbios_knl_Swi_destruct.1)
                  00006a64    00000008     (.tramp.ti_sysbios_family_arm_m3_Hwi_disableFxn__E.1)
                  00006a6c    00000008     (.tramp.ti_sysbios_family_arm_m3_Hwi_destruct.1)
                  00006a74    00000008     (.tramp.ti_sysbios_BIOS_getCpuFreq__E.1)
                  00006a7c    00000008     (.tramp.ti_sysbios_knl_Clock_destruct.1)
                  00006a84    00000008     (.tramp.ti_sysbios_knl_Task_self__E.1)
                  00006a8c    00000008     (.tramp.ti_sysbios_knl_Semaphore_delete.1)
                  00006a94    00000008     (.tramp.ti_sysbios_knl_Clock_logTick__E.1)
                  00006a9c    00000008     (.tramp.ti_sysbios_knl_Swi_post__E.1)
                  00006aa4    00000008     (.tramp.ti_sysbios_BIOS_RtsGateProxy_leave__E.1)
                  00006aac    00000008     (.tramp.ti_sysbios_knl_Swi_construct.1)
                  00006ab4    00000008     (.tramp.ti_sysbios_BIOS_RtsGateProxy_enter__E.1)
                  00006abc    00000008     (.tramp.ti_sysbios_knl_Task_delete.1)
                  00006ac4    00000008     (.tramp.ti_sysbios_knl_Semaphore_destruct.1)
                  00006acc    00000008     (.tramp.ti_sysbios_knl_Semaphore_create.1)
                  00006ad4    00000008     (.tramp.ti_sysbios_knl_Task_startup__E.1)
                  00006adc    00000008     (.tramp.ti_sysbios_knl_Swi_startup__E.1)
                  00006ae4    00000008     (.tramp.ti_sysbios_hal_Hwi_startup__E.1)
                  00006aec    00000008     (.tramp.ti_sysbios_family_arm_cc26xx_Timer_startup__E.1)
                  00006af4    00000008     (.tramp.xdc_runtime_System_atexit__E.1)
                  00006afc    00000008     (.tramp.ti_sysbios_BIOS_linkedWithIncorrectBootLibrary__E.1)
                  00006b04    00000008     (.tramp.xdc_runtime_Startup_rtsDone__E.1)
                  00006b0c    00000008     (.tramp.ti_sysbios_BIOS_setThreadType__E.1)
                  00006b14    00000008     (.tramp.ti_sysbios_knl_Swi_disable__E.1)
                  00006b1c    00000008     (.tramp.ti_sysbios_family_arm_m3_Hwi_construct.1)
                  00006b24    00000008     (.tramp.ti_sysbios_knl_Swi_Params__init__S.1)
                  00006b2c    00000008     (.tramp.ti_sysbios_family_arm_m3_Hwi_Params__init__S.1)
                  00006b34    00000008     (.tramp.ti_sysbios_knl_Clock_construct.1)
                  00006b3c    00000008     (.tramp.ti_sysbios_knl_Clock_Params__init__S.1)
                  00006b44    00000008     (.tramp.xdc_runtime_System_exit__E.1)
                  00006b4c    00000008     (.tramp.ti_sysbios_heaps_HeapMem_restore__E.1)
                  00006b54    00000008     (.tramp.ti_sysbios_heaps_HeapMem_Object__get__S.1)
                  00006b5c    00000008     (.tramp.ti_sysbios_BIOS_start__E.1)
                  00006b64    00000008     (.tramp.ti_sysbios_knl_Semaphore_post__E.1)
                  00006b6c    00000008     (.tramp.xdc_runtime_Memory_free__E.1)
                  00006b74    00000008     (.tramp.ti_sysbios_knl_Queue_next__E.1)
                  00006b7c    00000008     (.tramp.ti_sysbios_knl_Queue_head__E.1)
                  00006b84    00000008     (.tramp.ti_sysbios_knl_Semaphore_pend__E.1)
                  00006b8c    00000008     (.tramp.ti_sysbios_knl_Clock_scheduleNextTick__E.1)
                  00006b94    00000008     (.tramp.ti_sysbios_knl_Clock_walkQueueDynamic__E.1)
                  00006b9c    00000008     (.tramp.ti_sysbios_knl_Clock_TimerProxy_getCurrentTick__E.1)
                  00006ba4    00000008     (.tramp.ti_sysbios_knl_Task_restore__E.1)
                  00006bac    00000008     (.tramp.ti_sysbios_knl_Queue_enqueue__E.1)
                  00006bb4    00000008     (.tramp.ti_sysbios_knl_Queue_empty__E.1)
                  00006bbc    00000008     (.tramp.ti_sysbios_knl_Queue_remove__E.1)
                  00006bc4    00000008     (.tramp.ti_sysbios_knl_Task_disable__E.1)
                  00006bcc    00000008     (.tramp.ti_sysbios_knl_Clock_stop__E.1)
                  00006bd4    00000008     (.tramp.ti_sysbios_knl_Clock_start__E.1)
                  00006bdc    00000008     (.tramp.ti_sysbios_knl_Clock_setTimeout__E.1)
                  00006be4    00000008     (.tramp.ti_sysbios_knl_Task_create.1)
                  00006bec    00000008     (.tramp.ti_sysbios_knl_Semaphore_construct.1)
                  00006bf4    00000008     (.tramp.ti_sysbios_knl_Semaphore_Params__init__S.1)
                  00006bfc    00000008     (.tramp.ti_sysbios_knl_Queue_construct.1)
                  00006c04    00000008     (.tramp.xdc_runtime_Memory_alloc__E.1)
                  00006c0c    00000008     (.tramp.ti_sysbios_knl_Task_Params__init__S.1)
                  00006c14    00000008     (.tramp.ti_sysbios_family_arm_m3_Hwi_restoreFxn__E.1)
                  00006c1c    00000008     (.tramp.ti_sysbios_knl_Swi_restore__E.1)

.const     0    00006c28    0000089c     
                  00006c28    00000338     release_pem4f.oem4f (.const:ROM_constStruct)
                  00006f60    00000101     rtsv7M4_T_le_v4SPD16_eabi.lib : ctype.c.obj (.const:.string:_ctypes_)
                  00007061    00000006     drivers_cc26x2_v1.aem4f : UARTCC26XX.oem4f (.const:.string:rxFifoBytes)
                  00007067    00000001     release_pem4f.oem4f (.const:xdc_runtime_Text_charTab__A)
                  00007068    000000c8     rtsv7M4_T_le_v4SPD16_eabi.lib : strtod.c.obj (.const:$O1$$)
                  00007130    00000054     drivers_cc26x2_v1.aem4f : PowerCC26X2.oem4f (.const:resourceDB)
                  00007184    00000050     CC26X2R1_LAUNCHXL.obj (.const:uartCC26XXHWAttrs)
                  000071d4    00000048     release_pem4f.oem4f (.const:.string)
                  0000721c    00000044     release_pem4f.oem4f (.const:ROM_externFuncPtrs)
                  00007260    0000003c     dnn_model.obj (.const:.string)
                  0000729c    0000002c     CC26X2R1_LAUNCHXL.obj (.const:BoardGpioInitTable)
                  000072c8    00000028     drivers_cc26x2_v1.aem4f : UARTCC26XX.oem4f (.const:UARTCC26XX_fxnTable)
                  000072f0    00000024                             : UART.oem4f (.const:UART_defaultParams)
                  00007314    00000024     release_pem4f.oem4f (.const:xdc_runtime_Startup_sfxnTab__A)
                  00007338    00000018     rtsv7M4_T_le_v4SPD16_eabi.lib : e_expf.c.obj (.const:$O1$$)
                  00007350    00000018     CC26X2R1_LAUNCHXL.obj (.const:UART_config)
                  00007368    00000018     drivers_cc26x2_v1.aem4f : GPIOCC26XX.oem4f (.const:interruptType)
                  00007380    00000016     uartecho.obj (.const:.string:$P$T0$1)
                  00007396    00000002     --HOLE-- [fill = 0]
                  00007398    00000014     CC26X2R1_LAUNCHXL_fxns.obj (.const:$P$T1$2)
                  000073ac    00000014     CC26X2R1_LAUNCHXL.obj (.const:GPIOCC26XX_config)
                  000073c0    00000014     drivers_cc26x2_v1.aem4f : UARTCC26XX.oem4f (.const:parityType)
                  000073d4    00000012     CC26X2R1_LAUNCHXL.obj (.const)
                  000073e6    00000012     release_pem4f.oem4f (.const:xdc_runtime_Startup_sfxnRts__A)
                  000073f8    00000010     rtsv7M4_T_le_v4SPD16_eabi.lib : _scanfi.c.obj (.const:$O1$$)
                  00007408    00000010     CC26X2R1_LAUNCHXL.obj (.const:PowerCC26X2_config)
                  00007418    00000010     drivers_cc26x2_v1.aem4f : UARTCC26XX.oem4f (.const:dataLength)
                  00007428    00000010                             : GPIOCC26XX.oem4f (.const:outPinTypes)
                  00007438    0000000c                             : GPIOCC26XX.oem4f (.const:inPinTypes)
                  00007444    0000000c                             : GPIOCC26XX.oem4f (.const:outPinStrengths)
                  00007450    0000000c     release_pem4f.oem4f (.const:xdc_runtime_Startup_firstFxns__A)
                  0000745c    00000008     driverlib.lib : aux_sysif.obj (.const:$O1$$)
                  00007464    00000008     CC26X2R1_LAUNCHXL_fxns.obj (.const:$P$T0$1)
                  0000746c    00000008     CC26X2R1_LAUNCHXL.obj (.const:PINCC26XX_hwAttrs)
                  00007474    00000008     drivers_cc26x2_v1.aem4f : UARTCC26XX.oem4f (.const:stopBits)
                  0000747c    00000008     release_pem4f.oem4f (.const:ti_sysbios_knl_Idle_funcList__A)
                  00007484    00000006     drivers_cc26x2_v1.aem4f : UARTCC26XX.oem4f (.const:.string:rxFifoThreshold)
                  0000748a    00000006                             : UARTCC26XX.oem4f (.const:.string:txFifoBytes)
                  00007490    00000006                             : UARTCC26XX.oem4f (.const:.string:txFifoThreshold)
                  00007496    00000002     --HOLE-- [fill = 0]
                  00007498    00000004     release_pem4f.oem4f (.const:ti_sysbios_family_arm_cc26xx_Timer_funcHookCH1__C)
                  0000749c    00000004     release_pem4f.oem4f (.const:ti_sysbios_family_arm_cc26xx_Timer_funcHookCH2__C)
                  000074a0    00000004     release_pem4f.oem4f (.const:ti_sysbios_family_arm_m3_Hwi_swiDisable__C)
                  000074a4    00000004     release_pem4f.oem4f (.const:ti_sysbios_family_arm_m3_Hwi_swiRestoreHwi__C)
                  000074a8    00000004     release_pem4f.oem4f (.const:ti_sysbios_heaps_HeapMem_primaryHeapBaseAddr__C)
                  000074ac    00000004     release_pem4f.oem4f (.const:ti_sysbios_heaps_HeapMem_primaryHeapEndAddr__C)
                  000074b0    00000004     release_pem4f.oem4f (.const:ti_sysbios_knl_Clock_tickPeriod__C)
                  000074b4    00000004     release_pem4f.oem4f (.const:ti_sysbios_knl_Task_Object__heap__C)
                  000074b8    00000004     release_pem4f.oem4f (.const:xdc_runtime_SysCallback_flushFxn__C)
                  000074bc    00000004     release_pem4f.oem4f (.const:xdc_runtime_SysCallback_putchFxn__C)
                  000074c0    00000004     release_pem4f.oem4f (.const:xdc_runtime_SysCallback_readyFxn__C)

MODULE SUMMARY

       Module                             code    ro data   rw data
       ------                             ----    -------   -------
    .\
       dnn_model.obj                      900     60        8      
       CC26X2R1_LAUNCHXL.obj              28      210       716    
       uartecho.obj                       392     22        4      
       CC26X2R1_LAUNCHXL_fxns.obj         280     28        0      
       main_tirtos.obj                    100     0         0      
       ccfg.obj                           0       88        0      
    +--+----------------------------------+-------+---------+---------+
       Total:                             1700    408       728    
                                                                   
    D:\Users\71702\workspace_v8\tirtos_builds_CC26X2R1_LAUNCHXL_release_ccs\Debug\configPkg\package\cfg\
       release_pem4f.oem4f                536     1143      1826   
    +--+----------------------------------+-------+---------+---------+
       Total:                             536     1143      1826   
                                                                   
    D:/ti/simplelink_cc26x2_sdk_2_30_00_34/kernel/tirtos/packages/ti/dpl/lib/dpl_cc26x2_v1.aem4f
       PowerCC26X2_tirtos.oem4f           264     0         8      
       SemaphoreP_tirtos.oem4f            126     0         0      
       ClockP_tirtos.oem4f                110     0         4      
       SwiP_tirtos.oem4f                  92      0         0      
       HwiP_tirtos.oem4f                  86      0         0      
    +--+----------------------------------+-------+---------+---------+
       Total:                             678     0         12     
                                                                   
    D:/ti/simplelink_cc26x2_sdk_2_30_00_34/source/ti/devices/cc13x2_cc26x2_v1/driverlib/bin/ccs/driverlib.lib
       setup.obj                          608     0         0      
       sys_ctrl.obj                       332     0         0      
       osc.obj                            276     0         20     
       setup_rom.obj                      236     0         0      
       chipinfo.obj                       222     0         0      
       aux_sysif.obj                      52      8         0      
       cpu.obj                            30      0         0      
       driverlib_release.obj              0       0         1      
    +--+----------------------------------+-------+---------+---------+
       Total:                             1756    8         21     
                                                                   
    D:/ti/simplelink_cc26x2_sdk_2_30_00_34/source/ti/drivers/lib/drivers_cc26x2_v1.aem4f
       UARTCC26XX.oem4f                   2816    108       2      
       PowerCC26X2.oem4f                  1754    84        200    
       PINCC26XX.oem4f                    1486    0         276    
       PowerCC26X2_calibrateRCOSC.oem4f   1320    0         0      
       GPIOCC26XX.oem4f                   824     64        81     
       UART.oem4f                         172     36        1      
       RingBuf.oem4f                      152     0         0      
       List.oem4f                         76      0         0      
    +--+----------------------------------+-------+---------+---------+
       Total:                             8600    292       560    
                                                                   
    D:\Users\71702\workspace_v8\tirtos_builds_CC26X2R1_LAUNCHXL_release_ccs\src\sysbios\rom_sysbios.aem4f
       rom_sysbios.obj                    1884    0         136    
    +--+----------------------------------+-------+---------+---------+
       Total:                             1884    0         136    
                                                                   
    D:\ti\ccsv8\tools\compiler\ti-cgt-arm_18.1.3.LTS\lib\rtsv7M4_T_le_v4SPD16_eabi.lib
       _scanfi.c.obj                      2800    16        0      
       strtod.c.obj                       1120    200       0      
       e_expf.c.obj                       488     24        0      
       e_logf.c.obj                       496     0         0      
       strtoll.c.obj                      476     0         0      
       fd_add_t2.asm.obj                  438     0         0      
       fopen.c.obj                        416     0         4      
       defs.c.obj                         0       0         416    
       trgmsg.c.obj                       108     0         288    
       strtoull.c.obj                     348     0         0      
       fd_div_t2.asm.obj                  310     0         0      
       strtol.c.obj                       304     0         0      
       s_scalbn.c.obj                     272     0         0      
       strtoul.c.obj                      272     0         0      
       fd_cmp_t2.asm.obj                  268     0         0      
       ctype.c.obj                        0       257       0      
       fd_mul_t2.asm.obj                  252     0         0      
       fread.c.obj                        248     0         0      
       write.c.obj                        40      0         200    
       setvbuf.c.obj                      220     0         0      
       open.c.obj                         188     0         4      
       sscanf.c.obj                       186     0         0      
       fclose.c.obj                       160     0         0      
       _bufread.c.obj                     156     0         0      
       memcpy_t2.asm.obj                  156     0         0      
       ull_div_t2.asm.obj                 150     0         0      
       memset_t2.asm.obj                  122     0         0      
       getdevice.c.obj                    116     0         0      
       fd_tos_t2.asm.obj                  110     0         0      
       copy_decompress_lzss.c.obj         104     0         0      
       hostlseek.c.obj                    104     0         0      
       hostopen.c.obj                     96      0         8      
       hostrename.c.obj                   104     0         0      
       close.c.obj                        92      0         0      
       hostread.c.obj                     88      0         0      
       hostwrite.c.obj                    88      0         0      
       atoi.c.obj                         76      0         0      
       cpy_tbl.c.obj                      76      0         0      
       fflush.c.obj                       76      0         0      
       _io_perm.c.obj                     74      0         0      
       hostclose.c.obj                    68      0         0      
       hostunlink.c.obj                   68      0         0      
       fs_tod_t2.asm.obj                  56      0         0      
       strncpy.c.obj                      54      0         0      
       unlink.c.obj                       44      0         0      
       read.c.obj                         40      0         0      
       _lock.c.obj                        26      0         8      
       args_main.c.obj                    24      0         0      
       ll_mul_t2.asm.obj                  24      0         0      
       strcmp.c.obj                       24      0         0      
       strrchr.c.obj                      24      0         0      
       strchr.c.obj                       22      0         0      
       s_copysign.c.obj                   20      0         0      
       strcpy.c.obj                       20      0         0      
       strlen.c.obj                       20      0         0      
       copy_decompress_none.c.obj         14      0         0      
       copy_zero_init.c.obj               12      0         0      
       exit.c.obj                         0       0         12     
       stkdepth_vars.c.obj                0       0         4      
       div0.asm.obj                       2       0         0      
    +--+----------------------------------+-------+---------+---------+
       Total:                             11760   497       944    
                                                                   
    D:\ti\simplelink_cc26x2_sdk_2_30_00_34\kernel\tirtos\packages\ti\targets\arm\rtsarm\lib\auto_init.aem4f
       auto_init.oem4f                    160     0         0      
    +--+----------------------------------+-------+---------+---------+
       Total:                             160     0         0      
                                                                   
    D:\ti\simplelink_cc26x2_sdk_2_30_00_34\kernel\tirtos\packages\ti\targets\arm\rtsarm\lib\boot.aem4f
       boot.oem4f                         88      0         0      
    +--+----------------------------------+-------+---------+---------+
       Total:                             88      0         0      
                                                                   
       Stack:                             0       0         1024   
       Linker Generated:                  456     596       0      
    +--+----------------------------------+-------+---------+---------+
       Grand Total:                       27618   2944      5251   


LINKER GENERATED COPY TABLES

__TI_cinit_table @ 000076f8 records: 5, size/record: 8, table size: 40
	.data: load addr=000074c8, load size=00000200 bytes, run addr=200101c0, run size=000006f0 bytes, compression=lzss
	.bss: load addr=000076d8, load size=00000008 bytes, run addr=2000f910, run size=000008af bytes, compression=zero_init
	.data:xdcRomConstPtr: load addr=000076e0, load size=00000008 bytes, run addr=20000100, run size=00000004 bytes, compression=lzss
	.data:xdcRomExternFuncPtr: load addr=000076e8, load size=00000008 bytes, run addr=20000104, run size=00000004 bytes, compression=lzss
	.data:xdcRomStatePtr: load addr=000076f0, load size=00000008 bytes, run addr=20000108, run size=00000004 bytes, compression=lzss


LINKER GENERATED HANDLER TABLE

__TI_handler_table @ 000076c8 records: 3, size/record: 4, table size: 12
	index: 0, handler: __TI_decompress_lzss
	index: 1, handler: __TI_decompress_none
	index: 2, handler: __TI_zero_init


FAR CALL TRAMPOLINES

callee name               trampoline name
   callee addr  tramp addr   call addr  call info
--------------  -----------  ---------  ----------------
ti_sysbios_knl_Swi_destruct  $Tramp$TT$L$PI$$ti_sysbios_knl_Swi_destruct
   1003b863     00006a5c     00006a34   dpl_cc26x2_v1.aem4f : SwiP_tirtos.oem4f (.text:SwiP_destruct)
ti_sysbios_family_arm_m3_Hwi_disableFxn__E  $Tramp$TT$L$PI$$ti_sysbios_family_arm_m3_Hwi_disableFxn__E
   1003b6e1     00006a64     00006a28   dpl_cc26x2_v1.aem4f : HwiP_tirtos.oem4f (.text:HwiP_disable)
ti_sysbios_family_arm_m3_Hwi_destruct  $Tramp$TT$L$PI$$ti_sysbios_family_arm_m3_Hwi_destruct
   1003b7f7     00006a6c     00006a24   dpl_cc26x2_v1.aem4f : HwiP_tirtos.oem4f (.text:HwiP_destruct)
ti_sysbios_BIOS_getCpuFreq__E  $Tramp$TT$L$PI$$ti_sysbios_BIOS_getCpuFreq__E
   1003b5b1     00006a74     00006a14   dpl_cc26x2_v1.aem4f : ClockP_tirtos.oem4f (.text:ClockP_getCpuFreq)
ti_sysbios_knl_Clock_destruct  $Tramp$TT$L$PI$$ti_sysbios_knl_Clock_destruct
   1003b82b     00006a7c     00006a10   dpl_cc26x2_v1.aem4f : ClockP_tirtos.oem4f (.text:ClockP_destruct)
ti_sysbios_knl_Task_self__E  $Tramp$TT$L$PI$$ti_sysbios_knl_Task_self__E
   1003b681     00006a84     0000697e   rom_sysbios.aem4f : rom_sysbios.obj (.text:pthread_self)
                             000069cc   release_pem4f.oem4f (.text:ti_sysbios_rts_ti_ReentSupport_getTlsAddr__I)
ti_sysbios_knl_Semaphore_delete  $Tramp$TT$L$PI$$ti_sysbios_knl_Semaphore_delete
   1003b857     00006a8c     00006952   dpl_cc26x2_v1.aem4f : SemaphoreP_tirtos.oem4f (.text:SemaphoreP_delete)
ti_sysbios_knl_Clock_logTick__E  $Tramp$TT$L$PI$$ti_sysbios_knl_Clock_logTick__E
   1003a463     00006a94     0000681a   release_pem4f.oem4f (.text:ti_sysbios_knl_Clock_doTick__I)
ti_sysbios_knl_Swi_post__E  $Tramp$TT$L$PI$$ti_sysbios_knl_Swi_post__E
   1003a5e9     00006a9c     000066e8   rom_sysbios.aem4f : rom_sysbios.obj (.text:ti_sysbios_knl_Swi_or__E)
                             00006822   release_pem4f.oem4f (.text:ti_sysbios_knl_Clock_doTick__I)
ti_sysbios_BIOS_RtsGateProxy_leave__E  $Tramp$TT$L$PI$$ti_sysbios_BIOS_RtsGateProxy_leave__E
   1003b7e3     00006aa4     000066ca   release_pem4f.oem4f (.text:ti_sysbios_BIOS_rtsUnlock__I)
ti_sysbios_knl_Swi_construct  $Tramp$TT$L$PI$$ti_sysbios_knl_Swi_construct
   1003a465     00006aac     00006596   rom_sysbios.aem4f : rom_sysbios.obj (.text:ti_sysbios_knl_Swi_construct2__E)
ti_sysbios_BIOS_RtsGateProxy_enter__E  $Tramp$TT$L$PI$$ti_sysbios_BIOS_RtsGateProxy_enter__E
   1003b7df     00006ab4     0000646e   release_pem4f.oem4f (.text:ti_sysbios_BIOS_rtsLock__I)
ti_sysbios_knl_Task_delete  $Tramp$TT$L$PI$$ti_sysbios_knl_Task_delete
   1003b86b     00006abc     0000611c   rom_sysbios.aem4f : rom_sysbios.obj (.text:_pthread_delete$44)
ti_sysbios_knl_Semaphore_destruct  $Tramp$TT$L$PI$$ti_sysbios_knl_Semaphore_destruct
   1003b85b     00006ac4     00006110   rom_sysbios.aem4f : rom_sysbios.obj (.text:_pthread_delete$44)
                             00006a2c   dpl_cc26x2_v1.aem4f : SemaphoreP_tirtos.oem4f (.text:SemaphoreP_destruct)
ti_sysbios_knl_Semaphore_create  $Tramp$TT$L$PI$$ti_sysbios_knl_Semaphore_create
   1003a801     00006acc     000060fc   dpl_cc26x2_v1.aem4f : SemaphoreP_tirtos.oem4f (.text:SemaphoreP_createBinary)
ti_sysbios_knl_Task_startup__E  $Tramp$TT$L$PI$$ti_sysbios_knl_Task_startup__E
   1003b873     00006ad4     00005fbc   release_pem4f.oem4f (.text:ti_sysbios_BIOS_startFunc__I)
ti_sysbios_knl_Swi_startup__E  $Tramp$TT$L$PI$$ti_sysbios_knl_Swi_startup__E
   1003b7d3     00006adc     00005fb8   release_pem4f.oem4f (.text:ti_sysbios_BIOS_startFunc__I)
ti_sysbios_hal_Hwi_startup__E  $Tramp$TT$L$PI$$ti_sysbios_hal_Hwi_startup__E
   1003b799     00006ae4     00005fb4   release_pem4f.oem4f (.text:ti_sysbios_BIOS_startFunc__I)
ti_sysbios_family_arm_cc26xx_Timer_startup__E  $Tramp$TT$L$PI$$ti_sysbios_family_arm_cc26xx_Timer_startup__E
   1003a9cd     00006aec     00005fb0   release_pem4f.oem4f (.text:ti_sysbios_BIOS_startFunc__I)
xdc_runtime_System_atexit__E  $Tramp$TT$L$PI$$xdc_runtime_System_atexit__E
   1003bc29     00006af4     00005fa8   release_pem4f.oem4f (.text:ti_sysbios_BIOS_startFunc__I)
ti_sysbios_BIOS_linkedWithIncorrectBootLibrary__E  $Tramp$TT$L$PI$$ti_sysbios_BIOS_linkedWithIncorrectBootLibrary__E
   10039bff     00006afc     00005fa2   release_pem4f.oem4f (.text:ti_sysbios_BIOS_startFunc__I)
xdc_runtime_Startup_rtsDone__E  $Tramp$TT$L$PI$$xdc_runtime_Startup_rtsDone__E
   1003bf5d     00006b04     00005f9a   release_pem4f.oem4f (.text:ti_sysbios_BIOS_startFunc__I)
ti_sysbios_BIOS_setThreadType__E  $Tramp$TT$L$PI$$ti_sysbios_BIOS_setThreadType__E
   1003b5c5     00006b0c     00005f74   release_pem4f.oem4f (.text:ti_sysbios_BIOS_atExitFunc__I)
                             00006586   release_pem4f.oem4f (.text:ti_sysbios_BIOS_errorRaiseHook__I)
                             00006780   release_pem4f.oem4f (.text:ti_sysbios_BIOS_exitFunc__I)
ti_sysbios_knl_Swi_disable__E  $Tramp$TT$L$PI$$ti_sysbios_knl_Swi_disable__E
   1003b525     00006b14     00005f6a   release_pem4f.oem4f (.text:ti_sysbios_BIOS_atExitFunc__I)
                             00006a38   dpl_cc26x2_v1.aem4f : SwiP_tirtos.oem4f (.text:SwiP_disable)
ti_sysbios_family_arm_m3_Hwi_construct  $Tramp$TT$L$PI$$ti_sysbios_family_arm_m3_Hwi_construct
   10039fad     00006b1c     00005b26   rom_sysbios.aem4f : rom_sysbios.obj (.text:ti_sysbios_family_arm_m3_Hwi_construct2__E)
ti_sysbios_knl_Swi_Params__init__S  $Tramp$TT$L$PI$$ti_sysbios_knl_Swi_Params__init__S
   1003b765     00006b24     00005aae   dpl_cc26x2_v1.aem4f : SwiP_tirtos.oem4f (.text:SwiP_construct)
ti_sysbios_family_arm_m3_Hwi_Params__init__S  $Tramp$TT$L$PI$$ti_sysbios_family_arm_m3_Hwi_Params__init__S
   1003b6d5     00006b2c     00005a34   dpl_cc26x2_v1.aem4f : HwiP_tirtos.oem4f (.text:HwiP_construct)
ti_sysbios_knl_Clock_construct  $Tramp$TT$L$PI$$ti_sysbios_knl_Clock_construct
   1003a8ed     00006b34     00005306   dpl_cc26x2_v1.aem4f : ClockP_tirtos.oem4f (.text:ClockP_construct)
ti_sysbios_knl_Clock_Params__init__S  $Tramp$TT$L$PI$$ti_sysbios_knl_Clock_Params__init__S
   1003b711     00006b3c     000052ec   dpl_cc26x2_v1.aem4f : ClockP_tirtos.oem4f (.text:ClockP_construct)
xdc_runtime_System_exit__E  $Tramp$TT$L$PI$$xdc_runtime_System_exit__E
   1003be69     00006b44     000051b4   boot.aem4f : boot.oem4f (.text)
                             00006786   release_pem4f.oem4f (.text:ti_sysbios_BIOS_exitFunc__I)
ti_sysbios_heaps_HeapMem_restore__E  $Tramp$TT$L$PI$$ti_sysbios_heaps_HeapMem_restore__E
   1003b69f     00006b4c     00004ff8   rom_sysbios.aem4f : rom_sysbios.obj (.text:ti_sysbios_heaps_HeapMem_initPrimary__I)
ti_sysbios_heaps_HeapMem_Object__get__S  $Tramp$TT$L$PI$$ti_sysbios_heaps_HeapMem_Object__get__S
   1003aed9     00006b54     00004fc8   rom_sysbios.aem4f : rom_sysbios.obj (.text:ti_sysbios_heaps_HeapMem_initPrimary__I)
ti_sysbios_BIOS_start__E  $Tramp$TT$L$PI$$ti_sysbios_BIOS_start__E
   1003b621     00006b5c     00004e2e   main_tirtos.obj (.text:main)
ti_sysbios_knl_Semaphore_post__E  $Tramp$TT$L$PI$$ti_sysbios_knl_Semaphore_post__E
   100399d1     00006b64     00004422   rom_sysbios.aem4f : rom_sysbios.obj (.text:_pthread_removeThreadKeys)
                             00005254                     : rom_sysbios.obj (.text:pthread_exit)
                             00006a30   dpl_cc26x2_v1.aem4f : SemaphoreP_tirtos.oem4f (.text:SemaphoreP_post)
xdc_runtime_Memory_free__E  $Tramp$TT$L$PI$$xdc_runtime_Memory_free__E
   1003beb9     00006b6c     00004418   rom_sysbios.aem4f : rom_sysbios.obj (.text:_pthread_removeThreadKeys)
                             00006128                     : rom_sysbios.obj (.text:_pthread_delete$44)
                             000065f6   release_pem4f.oem4f (.text:free)
ti_sysbios_knl_Queue_next__E  $Tramp$TT$L$PI$$ti_sysbios_knl_Queue_next__E
   1003b853     00006b74     000043f2   rom_sysbios.aem4f : rom_sysbios.obj (.text:_pthread_removeThreadKeys)
ti_sysbios_knl_Queue_head__E  $Tramp$TT$L$PI$$ti_sysbios_knl_Queue_head__E
   1003b84f     00006b7c     000043de   rom_sysbios.aem4f : rom_sysbios.obj (.text:_pthread_removeThreadKeys)
ti_sysbios_knl_Semaphore_pend__E  $Tramp$TT$L$PI$$ti_sysbios_knl_Semaphore_pend__E
   10039005     00006b84     000043d8   rom_sysbios.aem4f : rom_sysbios.obj (.text:_pthread_removeThreadKeys)
                             00006840   dpl_cc26x2_v1.aem4f : SemaphoreP_tirtos.oem4f (.text:SemaphoreP_pend)
ti_sysbios_knl_Clock_scheduleNextTick__E  $Tramp$TT$L$PI$$ti_sysbios_knl_Clock_scheduleNextTick__E
   1003b3a1     00006b8c     00004154   rom_sysbios.aem4f : rom_sysbios.obj (.text:ti_sysbios_knl_Clock_workFuncDynamic__E)
ti_sysbios_knl_Clock_walkQueueDynamic__E  $Tramp$TT$L$PI$$ti_sysbios_knl_Clock_walkQueueDynamic__E
   10039879     00006b94     0000411e   rom_sysbios.aem4f : rom_sysbios.obj (.text:ti_sysbios_knl_Clock_workFuncDynamic__E)
                             00004138                     : rom_sysbios.obj (.text:ti_sysbios_knl_Clock_workFuncDynamic__E)
ti_sysbios_knl_Clock_TimerProxy_getCurrentTick__E  $Tramp$TT$L$PI$$ti_sysbios_knl_Clock_TimerProxy_getCurrentTick__E
   1003b651     00006b9c     000040ee   rom_sysbios.aem4f : rom_sysbios.obj (.text:ti_sysbios_knl_Clock_workFuncDynamic__E)
                             000061ca                     : rom_sysbios.obj (.text:ti_sysbios_knl_Clock_getTicksUntilInterrupt__E)
ti_sysbios_knl_Task_restore__E  $Tramp$TT$L$PI$$ti_sysbios_knl_Task_restore__E
   1003ac5d     00006ba4     00003dbe   rom_sysbios.aem4f : rom_sysbios.obj (.text:ti_sysbios_knl_Task_setPri__E)
                             000043cc                     : rom_sysbios.obj (.text:_pthread_removeThreadKeys)
                             0000442c                     : rom_sysbios.obj (.text:_pthread_removeThreadKeys)
                             00005266                     : rom_sysbios.obj (.text:pthread_exit)
                             0000624c   dpl_cc26x2_v1.aem4f : PowerCC26X2_tirtos.oem4f (.text:PowerCC26XX_schedulerRestore)
                             00006380   rom_sysbios.aem4f : rom_sysbios.obj (.text:_pthread_cleanupFxn)
ti_sysbios_knl_Queue_enqueue__E  $Tramp$TT$L$PI$$ti_sysbios_knl_Queue_enqueue__E
   1003b74d     00006bac     00003d90   rom_sysbios.aem4f : rom_sysbios.obj (.text:ti_sysbios_knl_Task_setPri__E)
                             00006a4c                     : rom_sysbios.obj (.text:ti_sysbios_knl_Queue_insert__E)
ti_sysbios_knl_Queue_empty__E  $Tramp$TT$L$PI$$ti_sysbios_knl_Queue_empty__E
   1003b6ad     00006bb4     00003d78   rom_sysbios.aem4f : rom_sysbios.obj (.text:ti_sysbios_knl_Task_setPri__E)
                             000043c4                     : rom_sysbios.obj (.text:_pthread_removeThreadKeys)
ti_sysbios_knl_Queue_remove__E  $Tramp$TT$L$PI$$ti_sysbios_knl_Queue_remove__E
   1003b6bb     00006bbc     00003d72   rom_sysbios.aem4f : rom_sysbios.obj (.text:ti_sysbios_knl_Task_setPri__E)
                             000043fa                     : rom_sysbios.obj (.text:_pthread_removeThreadKeys)
                             00004400                     : rom_sysbios.obj (.text:_pthread_removeThreadKeys)
ti_sysbios_knl_Task_disable__E  $Tramp$TT$L$PI$$ti_sysbios_knl_Task_disable__E
   1003b53d     00006bc4     00003d38   rom_sysbios.aem4f : rom_sysbios.obj (.text:ti_sysbios_knl_Task_setPri__E)
                             000043ba                     : rom_sysbios.obj (.text:_pthread_removeThreadKeys)
                             0000525a                     : rom_sysbios.obj (.text:pthread_exit)
                             00005f6e   release_pem4f.oem4f (.text:ti_sysbios_BIOS_atExitFunc__I)
                             00006212   dpl_cc26x2_v1.aem4f : PowerCC26X2_tirtos.oem4f (.text:PowerCC26XX_schedulerDisable)
                             00006372   rom_sysbios.aem4f : rom_sysbios.obj (.text:_pthread_cleanupFxn)
ti_sysbios_knl_Clock_stop__E  $Tramp$TT$L$PI$$ti_sysbios_knl_Clock_stop__E
   1003af29     00006bcc     00003b9a   dpl_cc26x2_v1.aem4f : PowerCC26X2_tirtos.oem4f (.text:PowerCC26XX_standbyPolicy)
                             00006a20                       : ClockP_tirtos.oem4f (.text:ClockP_stop)
ti_sysbios_knl_Clock_start__E  $Tramp$TT$L$PI$$ti_sysbios_knl_Clock_start__E
   1003b599     00006bd4     00003b8e   dpl_cc26x2_v1.aem4f : PowerCC26X2_tirtos.oem4f (.text:PowerCC26XX_standbyPolicy)
                             00006a1c                       : ClockP_tirtos.oem4f (.text:ClockP_start)
ti_sysbios_knl_Clock_setTimeout__E  $Tramp$TT$L$PI$$ti_sysbios_knl_Clock_setTimeout__E
   1003b833     00006bdc     00003b88   dpl_cc26x2_v1.aem4f : PowerCC26X2_tirtos.oem4f (.text:PowerCC26XX_standbyPolicy)
                             00006a18                       : ClockP_tirtos.oem4f (.text:ClockP_setTimeout)
ti_sysbios_knl_Task_create  $Tramp$TT$L$PI$$ti_sysbios_knl_Task_create
   1003a1ed     00006be4     000033de   rom_sysbios.aem4f : rom_sysbios.obj (.text:pthread_create)
ti_sysbios_knl_Semaphore_construct  $Tramp$TT$L$PI$$ti_sysbios_knl_Semaphore_construct
   1003a95d     00006bec     000033d4   rom_sysbios.aem4f : rom_sysbios.obj (.text:pthread_create)
                             000060d2   dpl_cc26x2_v1.aem4f : SemaphoreP_tirtos.oem4f (.text:SemaphoreP_constructBinary)
ti_sysbios_knl_Semaphore_Params__init__S  $Tramp$TT$L$PI$$ti_sysbios_knl_Semaphore_Params__init__S
   1003b759     00006bf4     000033c2   rom_sysbios.aem4f : rom_sysbios.obj (.text:pthread_create)
                             000060c2   dpl_cc26x2_v1.aem4f : SemaphoreP_tirtos.oem4f (.text:SemaphoreP_constructBinary)
                             000060ec                       : SemaphoreP_tirtos.oem4f (.text:SemaphoreP_createBinary)
ti_sysbios_knl_Queue_construct  $Tramp$TT$L$PI$$ti_sysbios_knl_Queue_construct
   1003abfd     00006bfc     000033b6   rom_sysbios.aem4f : rom_sysbios.obj (.text:pthread_create)
xdc_runtime_Memory_alloc__E  $Tramp$TT$L$PI$$xdc_runtime_Memory_alloc__E
   1003bab1     00006c04     00003366   rom_sysbios.aem4f : rom_sysbios.obj (.text:pthread_create)
                             00006042   release_pem4f.oem4f (.text:ti_sysbios_rts_gnu_MemAlloc_alloc)
ti_sysbios_knl_Task_Params__init__S  $Tramp$TT$L$PI$$ti_sysbios_knl_Task_Params__init__S
   1003b771     00006c0c     00003352   rom_sysbios.aem4f : rom_sysbios.obj (.text:pthread_create)
ti_sysbios_family_arm_m3_Hwi_restoreFxn__E  $Tramp$TT$L$PI$$ti_sysbios_family_arm_m3_Hwi_restoreFxn__E
   1003b7af     00006c14     00001f66   drivers_cc26x2_v1.aem4f : UARTCC26XX.oem4f (.text:UARTCC26XX_open)
                             00001f72                           : UARTCC26XX.oem4f (.text:UARTCC26XX_open)
                             00001ff4                           : UARTCC26XX.oem4f (.text:UARTCC26XX_open)
                             00002640                           : UARTCC26XX.oem4f (.text:UARTCC26XX_read)
                             00002684                           : UARTCC26XX.oem4f (.text:UARTCC26XX_read)
                             000026a0                           : UARTCC26XX.oem4f (.text:UARTCC26XX_read)
                             000026ee                           : UARTCC26XX.oem4f (.text:UARTCC26XX_read)
                             00002718                           : UARTCC26XX.oem4f (.text:UARTCC26XX_read)
                             00002728                           : UARTCC26XX.oem4f (.text:UARTCC26XX_read)
                             00002f78                           : UARTCC26XX.oem4f (.text:UARTCC26XX_write)
                             00002f94                           : UARTCC26XX.oem4f (.text:UARTCC26XX_write)
                             00003030                           : UARTCC26XX.oem4f (.text:UARTCC26XX_write)
                             000030a6                           : GPIOCC26XX.oem4f (.text:GPIO_setConfig)
                             000030d0                           : GPIOCC26XX.oem4f (.text:GPIO_setConfig)
                             000034cc                           : PINCC26XX.oem4f (.text:PINCC26XX_setIoCfg)
                             000035ee                           : GPIOCC26XX.oem4f (.text:GPIO_init)
                             000035f4                           : GPIOCC26XX.oem4f (.text:GPIO_init)
[...]
1003b6c9  ti_sysbios_family_arm_cc26xx_TimestampProvider_getFreq__E            
1003b6c9  xdc_runtime_Timestamp_SupportProxy_getFreq__E                        
1003b6c9  xdc_runtime_Timestamp_SupportProxy_getFreq__E__mangled__             
1003b6c9  xdc_runtime_Timestamp_getFreq__E                                     
1003b6c9  xdc_runtime_Timestamp_getFreq__E                                     
1003b6d5  ti_sysbios_family_arm_m3_Hwi_Params__init__S                         
1003b6d5  ti_sysbios_hal_Hwi_HwiProxy_Params__init__S                          
1003b6d5  ti_sysbios_hal_Hwi_HwiProxy_Params__init__S__mangled__               
1003b6e1  ti_sysbios_family_arm_m3_Hwi_disableFxn__E                           
1003b6ed  ti_sysbios_family_arm_m3_Hwi_enableFxn__E                            
1003b6f9  ti_sysbios_gates_GateHwi_enter__E                                    
1003b705  ti_sysbios_BIOS_RtsGateProxy_Params__init__S                         
1003b705  ti_sysbios_BIOS_RtsGateProxy_Params__init__S__mangled__              
1003b705  ti_sysbios_gates_GateMutex_Params__init__S                           
1003b705  ti_sysbios_heaps_HeapMem_Module_GateProxy_Params__init__S            
1003b705  ti_sysbios_heaps_HeapMem_Module_GateProxy_Params__init__S__mangled__ 
1003b711  ti_sysbios_knl_Clock_Params__init__S                                 
1003b71d  ti_sysbios_knl_Clock_getTimerHandle__E                               
1003b729  ti_sysbios_knl_Event_Params__init__S                                 
1003b735  ti_sysbios_knl_Mailbox_Params__init__S                               
1003b741  ti_sysbios_knl_Queue_dequeue__E                                      
1003b74d  ti_sysbios_knl_Queue_enqueue__E                                      
1003b759  ti_sysbios_knl_Semaphore_Params__init__S                             
1003b765  ti_sysbios_knl_Swi_Params__init__S                                   
1003b771  ti_sysbios_knl_Task_Params__init__S                                  
1003b77d  ti_sysbios_hal_Hwi_Instance_finalize__E                              
1003b787  ti_sysbios_knl_Event_Instance_init__E                                
1003b791  ti_sysbios_family_arm_m3_Hwi_doSwiRestore__I                         
1003b799  ti_sysbios_family_arm_m3_Hwi_startup__E                              
1003b799  ti_sysbios_hal_Hwi_HwiProxy_startup__E                               
1003b799  ti_sysbios_hal_Hwi_HwiProxy_startup__E__mangled__                    
1003b799  ti_sysbios_hal_Hwi_startup__E                                        
1003b799  ti_sysbios_hal_Hwi_startup__E                                        
1003b7a1  ti_sysbios_knl_Idle_loop__E                                          
1003b7a9  ti_sysbios_family_arm_m3_Hwi_doTaskRestore__I                        
1003b7af  HwiP_restore                                                         
1003b7af  ti_sysbios_family_arm_m3_Hwi_restoreFxn__E                           
1003b7b5  ti_sysbios_gates_GateHwi_leave__E                                    
1003b7bb  ti_sysbios_gates_GateMutex_Instance_finalize__E                      
1003b7c1  ti_sysbios_heaps_HeapMem_isBlocking__E                               
1003b7c7  ti_sysbios_knl_Queue_Instance_init__E                                
1003b7cd  ti_sysbios_knl_Queue_elemClear__E                                    
1003b7d3  ti_sysbios_knl_Swi_startup__E                                        
1003b7d9  ti_sysbios_knl_Task_enable__E                                        
1003b7df  ti_sysbios_BIOS_RtsGateProxy_enter__E                                
1003b7e3  ti_sysbios_BIOS_RtsGateProxy_leave__E                                
1003b7e7  ti_sysbios_family_arm_cc26xx_Timer_getExpiredTicks__E                
1003b7eb  ti_sysbios_family_arm_cc26xx_Timer_getPeriod__E                      
1003b7ef  ti_sysbios_family_arm_cc26xx_Timer_setPeriod__E                      
1003b7f3  ti_sysbios_family_arm_m3_Hwi_delete                                  
1003b7f7  ti_sysbios_family_arm_m3_Hwi_destruct                                
1003b7fb  ti_sysbios_family_arm_m3_TaskSupport_Module__startupDone__S          
1003b7fb  ti_sysbios_knl_Task_SupportProxy_Module__startupDone__S              
1003b7fb  ti_sysbios_knl_Task_SupportProxy_Module__startupDone__S__mangled__   
1003b7ff  ti_sysbios_gates_GateHwi_query__E                                    
1003b7ff  xdc_runtime_Main_Module_GateProxy_query__E                           
1003b7ff  xdc_runtime_System_Module_GateProxy_query__E                         
1003b7ff  xdc_runtime_System_Module_GateProxy_query__E__mangled__              
1003b803  ti_sysbios_gates_GateMutex_delete                                    
1003b807  ti_sysbios_gates_GateMutex_destruct                                  
1003b80b  ti_sysbios_BIOS_RtsGateProxy_query__E                                
1003b80b  ti_sysbios_BIOS_RtsGateProxy_query__E__mangled__                     
1003b80b  ti_sysbios_gates_GateMutex_query__E                                  
1003b80b  ti_sysbios_heaps_HeapMem_Module_GateProxy_query__E                   
1003b80b  ti_sysbios_heaps_HeapMem_Module_GateProxy_query__E__mangled__        
1003b80f  ti_sysbios_hal_Hwi_HwiProxy_delete                                   
1003b813  ti_sysbios_hal_Hwi_delete                                            
1003b817  ti_sysbios_heaps_HeapMem_Module_GateProxy_enter__E                   
1003b81b  ti_sysbios_heaps_HeapMem_Module_GateProxy_leave__E                   
1003b81f  ti_sysbios_knl_Clock_TimerProxy_getExpiredTicks__E                   
1003b823  ti_sysbios_knl_Clock_TimerProxy_getPeriod__E                         
1003b827  ti_sysbios_knl_Clock_delete                                          
1003b82b  ti_sysbios_knl_Clock_destruct                                        
1003b82f  ti_sysbios_knl_Clock_removeI__E                                      
1003b833  ti_sysbios_knl_Clock_setTimeout__E                                   
1003b837  ti_sysbios_knl_Event_delete                                          
1003b83b  ti_sysbios_knl_Event_destruct                                        
1003b83f  ti_sysbios_knl_Mailbox_delete                                        
1003b843  ti_sysbios_knl_Mailbox_destruct                                      
1003b847  ti_sysbios_knl_Queue_delete                                          
1003b84b  ti_sysbios_knl_Queue_destruct                                        
1003b84f  ti_sysbios_knl_Queue_head__E                                         
1003b853  ti_sysbios_knl_Queue_next__E                                         
1003b857  ti_sysbios_knl_Semaphore_delete                                      
1003b85b  ti_sysbios_knl_Semaphore_destruct                                    
1003b85f  ti_sysbios_knl_Swi_delete                                            
1003b863  ti_sysbios_knl_Swi_destruct                                          
1003b867  ti_sysbios_knl_Swi_postInit__I                                       
1003b86b  ti_sysbios_knl_Task_delete                                           
1003b86f  ti_sysbios_knl_Task_destruct                                         
1003b873  ti_sysbios_knl_Task_startup__E                                       
1003b879  xdc_runtime_Startup_startMods__I                                     
1003ba31  xdc_runtime_Core_createObject__I                                     
1003bab1  xdc_runtime_Memory_alloc__E                                          
1003bb21  xdc_runtime_Core_deleteObject__I                                     
1003bb7f  xdc_runtime_Error_policySpin__E                                      
1003bb81  xdc_runtime_Assert_raise__I                                          
1003bbd5  xdc_runtime_Startup_exec__E                                          
1003bc29  xdc_runtime_System_atexit__E                                         
1003bc75  xdc_runtime_Core_assignParams__I                                     
1003bcbd  xdc_runtime_Core_constructObject__I                                  
1003bd4d  xdc_runtime_System_processAtExit__E                                  
1003bd8d  xdc_runtime_Core_assignLabel__I                                      
1003bdbd  xdc_runtime_Text_cordText__E                                         
1003bde9  xdc_runtime_System_abort__E                                          
1003be11  xdc_runtime_Error_raiseX__E                                          
1003be31  xdc_runtime_Error_check__E                                           
1003be4d  xdc_runtime_Memory_valloc__E                                         
1003be69  xdc_runtime_System_exit__E                                           
1003be85  xdc_runtime_Text_ropeText__E                                         
1003bea1  xdc_runtime_Core_destructObject__I                                   
1003beb9  xdc_runtime_Memory_free__E                                           
1003becd  xdc_runtime_SysCallback_abort__E                                     
1003becd  xdc_runtime_System_SupportProxy_abort__E                             
1003bee1  xdc_runtime_SysCallback_exit__E                                      
1003bee1  xdc_runtime_System_SupportProxy_exit__E                              
1003bef5  xdc_runtime_Memory_getMaxDefaultTypeAlign__E                         
1003bf35  xdc_runtime_Timestamp_SupportProxy_get32__E                          
1003bf35  xdc_runtime_Timestamp_get32__E                                       
1003bf35  xdc_runtime_Timestamp_get32__E                                       
1003bf51  xdc_runtime_Memory_calloc__E                                         
1003bf5d  xdc_runtime_Startup_rtsDone__E                                       
1003bf69  xdc_runtime_Memory_HeapProxy_alloc__E                                
1003bf73  xdc_runtime_Memory_HeapProxy_free__E                                 
1003bf7d  xdc_runtime_Gate_leaveSystem__E                                      
1003bf83  xdc_runtime_System_Module_startup__E                                 
1003bf89  xdc_runtime_Gate_enterSystem__E                                      
1003bf8d  xdc_runtime_SysCallback_Module__startupDone__S                       
1003bf8d  xdc_runtime_System_SupportProxy_Module__startupDone__S               
1003bf91  xdc_runtime_System_Module_GateProxy_enter__E                         
1003bf95  xdc_runtime_System_Module_GateProxy_leave__E                         
1003bf99  xdc_runtime_System_abortSpin__E                                      
1003bf9b  xdc_runtime_System_exitSpin__E                                       
1003bf9d  ti_sysbios_family_arm_m3_Hwi_dispatch__I                             
1003c095  ti_sysbios_family_arm_m3_TaskSupport_buildTaskStack                  
1003c121  ti_sysbios_family_arm_m3_Hwi_initStacks__E                           
1003c179  ti_sysbios_family_arm_m3_Hwi_pendSV__I                               
1003c19d  ti_sysbios_family_arm_m3_Hwi_return                                  
1003c1a1  ti_sysbios_family_arm_m3_Hwi_excHandlerAsm__I                        
1003c1c1  ti_sysbios_family_xxx_Hwi_switchAndRunFunc                           
1003c1df  ti_sysbios_family_arm_m3_TaskSupport_swap__E                         
1003c1df  ti_sysbios_knl_Task_SupportProxy_swap__E                             
1003c1df  ti_sysbios_knl_Task_SupportProxy_swap__E__mangled__                  
1003c1eb  ti_sysbios_knl_Task_swapReturn                                       
1003c1f7  ti_sysbios_family_arm_m3_TaskSupport_glue                            
1003c208  ti_sysbios_knl_Task_Object__PARAMS__C                                
1003c244  ti_sysbios_knl_Mailbox_Object__PARAMS__C                             
1003c278  ti_sysbios_family_arm_m3_Hwi_Object__PARAMS__C                       
1003c2a8  ti_sysbios_hal_Hwi_Object__PARAMS__C                                 
1003c2d4  ti_sysbios_knl_Swi_Object__PARAMS__C                                 
1003c2fc  ti_sysbios_heaps_HeapMem_Object__PARAMS__C                           
1003c320  ti_sysbios_knl_Clock_Object__PARAMS__C                               
1003c344  ti_sysbios_knl_Semaphore_Object__PARAMS__C                           
1003c368  ti_sysbios_gates_GateHwi_Object__PARAMS__C                           
1003c380  ti_sysbios_gates_GateMutex_Object__PARAMS__C                         
1003c398  ti_sysbios_knl_Event_Object__PARAMS__C                               
1003c3b0  ti_sysbios_knl_Queue_Object__PARAMS__C                               
20000000  ti_sysbios_family_arm_m3_Hwi_ramVectors                              
20000100  xdcRomConstPtr                                                       
20000104  xdcRomExternFuncPtr                                                  
20000108  xdcRomStatePtr                                                       
20000110  __primary_heap_start__                                               
2000f910  __primary_heap_end__                                                 
2000f910  uartCC26XXObjects                                                    
2000fb60  ti_sysbios_knl_Task_Instance_State_0_stack__A                        
2000fd60  __CIOBUF_                                                            
2000fe80  ti_sysbios_family_arm_m3_Hwi_dispatchTable                           
2000ff58  __TI_tmpnams                                                         
2000fff8  pinHandleTable                                                       
20010074  uartCC26XXRingBuffer                                                 
2001019c  parmbuf                                                              
200101a8  ClockP_tickPeriod                                                    
200101ac  PowerCC26XX_swiKey                                                   
200101b0  PowerCC26XX_taskKey                                                  
200101b4  dnn                                                                  
200101b8  value_buf                                                            
200101be  driverlib_release_0_52354                                            
200101c0  ROM_stateStruct                                                      
200101c0  ti_sysbios_knl_Clock_Module__state__V                                
200101ec  ti_sysbios_family_arm_cc26xx_TimestampProvider_Module__state__V      
200101f0  xdc_runtime_Startup_Module__state__V                                 
200101f8  ti_sysbios_BIOS_Module__state__V                                     
2001021c  ti_sysbios_knl_Swi_Module__state__V                                  
20010238  ti_sysbios_knl_Task_Module__state__V                                 
2001027c  xdc_runtime_Memory_Module__state__V                                  
20010280  xdc_runtime_System_Module__state__V                                  
20010288  ti_sysbios_family_arm_m3_Hwi_Module__state__V                        
200102bc  xdc_runtime_Error_Module__state__V                                   
200102c0  ti_sysbios_family_arm_cc26xx_Timer_Module__state__V                  
200102c8  _ftable                                                              
200103b8  PowerCC26X2_module                                                   
20010508  _device                                                              
20010580  ti_sysbios_gates_GateMutex_Object__table__V                          
200105d4  _stream                                                              
20010624  ti_sysbios_knl_Task_Object__table__V                                 
20010670  ti_sysbios_family_arm_cc26xx_Timer_Object__table__V                  
200106b8  ti_sysbios_knl_Swi_Module_State_0_readyQ__A                          
200106e8  ti_sysbios_knl_Swi_Object__table__V                                  
20010718  ti_sysbios_knl_Task_Module_State_0_readyQ__A                         
20010748  gpioPinConfigs                                                       
20010774  ti_sysbios_knl_Clock_Object__table__V                                
20010794  xdc_runtime_Error_IgnoreBlock                                        
200107b4  ti_sysbios_family_arm_m3_Hwi_Object__table__V                        
200107cc  ti_sysbios_heaps_HeapMem_Object__table__V                            
200107e4  gpioCallbackFunctions                                                
200107f4  __TI_ft_end                                                          
200107f8  __aeabi_stdin                                                        
200107fc  __aeabi_stdout                                                       
20010800  __aeabi_stderr                                                       
20010804  __TI_cleanup_ptr                                                     
20010808  __TI_dtors_ptr                                                       
2001080c  __TI_enable_exit_profile_output                                      
20010810  _lock                                                                
20010814  _unlock                                                              
20010818  pinUpperBound                                                        
2001081c  pinLowerBound                                                        
20010820  ti_sysbios_family_arm_m3_Hwi_Module__root__V                         
20010828  ti_sysbios_gates_GateHwi_Module__root__V                             
20010830  ti_sysbios_gates_GateMutex_Module__root__V                           
20010838  ti_sysbios_hal_Hwi_Module__root__V                                   
20010840  ti_sysbios_heaps_HeapMem_Module__root__V                             
20010848  ti_sysbios_knl_Clock_Module__root__V                                 
20010850  ti_sysbios_knl_Event_Module__root__V                                 
20010858  ti_sysbios_knl_Mailbox_Module__root__V                               
20010860  ti_sysbios_knl_Queue_Module__root__V                                 
20010868  ti_sysbios_knl_Semaphore_Module__root__V                             
20010870  ti_sysbios_knl_Swi_Module__root__V                                   
20010878  ti_sysbios_knl_Task_Module__root__V                                  
20010880  xdc_runtime_System_Module_State_0_atexitHandlers__A                  
2001088e  ti_sysbios_family_arm_m3_Hwi_Module_State_0_excActive__A             
20010890  dnn_path                                                             
200108a0  main_func_sp                                                         
200108a4  ti_sysbios_family_arm_m3_Hwi_Module_State_0_excContext__A            
200108a8  ti_sysbios_family_arm_m3_Hwi_Module_State_0_excStack__A              
200108ac  ti_sysbios_knl_Task_Module_State_0_idleTask__A                       
20013c00  __stack                                                              
20014000  __STACK_END                                                          
e000e000  ti_sysbios_family_arm_m3_Hwi_nvic                                    
ffffffff  __TI_pprof_out_hndl                                                  
ffffffff  __TI_prof_data_size                                                  
ffffffff  __TI_prof_data_start                                                 
ffffffff  __binit__                                                            
ffffffff  __c_args__                                                           
ffffffff  binit                                                                
UNDEFED   SHT$$INIT_ARRAY$$Base                                                
UNDEFED   SHT$$INIT_ARRAY$$Limit                                               

[884 symbols]
