******************************************************************************
                  TI ARM Linker PC v18.1.3                     
******************************************************************************
>> Linked Sat Dec  1 09:25:31 2018

OUTPUT FILE NAME:   <uartecho_CC26X2R1_LAUNCHXL_tirtos_ccs.out>
ENTRY POINT SYMBOL: "ResetISR"  address: 000026a5


MEMORY CONFIGURATION

         name            origin    length      used     unused   attr    fill
----------------------  --------  ---------  --------  --------  ----  --------
  FLASH                 00000000   00058000  000044b8  00053b48  R  X
  GPRAM                 11000000   00002000  00000000  00002000  RW X
  SRAM                  20000000   00014000  000020d3  00011f2d  RW X


SEGMENT ALLOCATION MAP

run origin  load origin   length   init length attrs members
----------  ----------- ---------- ----------- ----- -------
00000000    00000000    00004460   00004460    r-x
  00000000    00000000    0000003c   0000003c    r-- .resetVecs
  0000003c    0000003c    00003bc0   00003bc0    r-x .text
  00003bfc    00003bfc    0000066c   0000066c    r-- .const
  00004268    00004268    000001f8   000001f8    r-- .cinit
00057fa8    00057fa8    00000058   00000058    r--
  00057fa8    00057fa8    00000058   00000058    r-- .ccfg
20000100    20000100    0000000c   00000000    rw-
  20000100    20000100    00000004   00000000    rw- .data:xdcRomConstPtr
  20000104    20000104    00000004   00000000    rw- .data:xdcRomExternFuncPtr
  20000108    20000108    00000004   00000000    rw- .data:xdcRomStatePtr
20000110    20000110    00001000   00000000    r--
  20000110    20000110    00001000   00000000    r-- .priheap
20001110    20001110    00000bf0   00000000    rw-
  20001110    20001110    000006df   00000000    rw- .bss
  200017f0    200017f0    00000510   00000000    rw- .data
20013c00    20013c00    00000400   00000000    rw-
  20013c00    20013c00    00000400   00000000    rw- .stack


SECTION ALLOCATION MAP

 output                                  attributes/
section   page    origin      length       input sections
--------  ----  ----------  ----------   ----------------
.binit     0    00000000    00000000     

.cinit     0    00004268    000001f8     
                  00004268    000001a1     (.cinit..data.load) [load image, compression = lzss]
                  00004409    00000003     --HOLE-- [fill = 0]
                  0000440c    0000000c     (__TI_handler_table)
                  00004418    00000008     (.cinit..bss.load) [load image, compression = zero_init]
                  00004420    00000008     (.cinit..data:xdcRomConstPtr.load) [load image, compression = lzss]
                  00004428    00000008     (.cinit..data:xdcRomExternFuncPtr.load) [load image, compression = lzss]
                  00004430    00000008     (.cinit..data:xdcRomStatePtr.load) [load image, compression = lzss]
                  00004438    00000028     (__TI_cinit_table)

.init_array 
*          0    00000000    00000000     UNINITIALIZED

.ccfg      0    00057fa8    00000058     
                  00057fa8    00000058     ccfg.obj (.ccfg:retain)

.bss       0    20001110    000006df     UNINITIALIZED
                  20001110    00000250     (.common:uartCC26XXObjects)
                  20001360    00000200     release_pem4f.oem4f (.bss:taskStackSection)
                  20001560    000000d8     (.common:ti_sysbios_family_arm_m3_Hwi_dispatchTable)
                  20001638    0000007c     (.common:pinHandleTable)
                  200016b4    00000040     (.common:uartCC26XXRingBuffer)
                  200016f4    00000034     drivers_cc26x2_v1.aem4f : PINCC26XX.oem4f (.bss:pinSwi)
                  20001728    00000020                             : GPIOCC26XX.oem4f (.bss:gpioCallbackInfo)
                  20001748    00000020                             : PINCC26XX.oem4f (.bss:pinGpioConfigTable)
                  20001768    0000001c                             : PINCC26XX.oem4f (.bss:pinHwi)
                  20001784    0000001c                             : PINCC26XX.oem4f (.bss:pinSemaphore)
                  200017a0    00000014     driverlib.lib : osc.obj (.bss:oscHfGlobals)
                  200017b4    00000014     drivers_cc26x2_v1.aem4f : GPIOCC26XX.oem4f (.bss:powerNotifyObj)
                  200017c8    0000000c                             : GPIOCC26XX.oem4f (.bss:gpioPinState)
                  200017d4    00000008                             : GPIOCC26XX.oem4f (.bss)
                  200017dc    00000004                             : PINCC26XX.oem4f (.bss)
                  200017e0    00000004     (.common:ClockP_tickPeriod)
                  200017e4    00000004     (.common:PowerCC26XX_swiKey)
                  200017e8    00000004     (.common:PowerCC26XX_taskKey)
                  200017ec    00000002                             : UARTCC26XX.oem4f (.bss)
                  200017ee    00000001     (.common:driverlib_release_0_52354)

.data      0    200017f0    00000510     UNINITIALIZED
                  200017f0    00000108     release_pem4f.oem4f (.data:ROM_stateStruct)
                  200018f8    000000c8     drivers_cc26x2_v1.aem4f : PowerCC26X2.oem4f (.data:PowerCC26X2_module)
                  200019c0    00000088     rom_sysbios.aem4f : rom_sysbios.obj (.data:$O1$$)
                  20001a48    00000054     release_pem4f.oem4f (.data:ti_sysbios_gates_GateMutex_Object__table__V)
                  20001a9c    0000004c     release_pem4f.oem4f (.data:ti_sysbios_knl_Task_Object__table__V)
                  20001ae8    00000048     release_pem4f.oem4f (.data:ti_sysbios_family_arm_cc26xx_Timer_Object__table__V)
                  20001b30    00000030     release_pem4f.oem4f (.data:ti_sysbios_knl_Swi_Module_State_0_readyQ__A)
                  20001b60    00000030     release_pem4f.oem4f (.data:ti_sysbios_knl_Swi_Object__table__V)
                  20001b90    00000030     release_pem4f.oem4f (.data:ti_sysbios_knl_Task_Module_State_0_readyQ__A)
                  20001bc0    0000002c     CC26X2R1_LAUNCHXL.obj (.data:gpioPinConfigs)
                  20001bec    00000020     release_pem4f.oem4f (.data:ti_sysbios_knl_Clock_Object__table__V)
                  20001c0c    00000020     release_pem4f.oem4f (.data:xdc_runtime_Error_IgnoreBlock)
                  20001c2c    00000018     release_pem4f.oem4f (.data:ti_sysbios_family_arm_m3_Hwi_Object__table__V)
                  20001c44    00000018     release_pem4f.oem4f (.data:ti_sysbios_heaps_HeapMem_Object__table__V)
                  20001c5c    00000010     CC26X2R1_LAUNCHXL.obj (.data:gpioCallbackFunctions)
                  20001c6c    00000008     rtsv7M4_T_le_v4SPD16_eabi.lib : _lock.c.obj (.data:$O1$$)
                  20001c74    00000008     drivers_cc26x2_v1.aem4f : PINCC26XX.oem4f (.data)
                  20001c7c    00000008     release_pem4f.oem4f (.data:ti_sysbios_family_arm_m3_Hwi_Module__root__V)
                  20001c84    00000008     release_pem4f.oem4f (.data:ti_sysbios_gates_GateHwi_Module__root__V)
                  20001c8c    00000008     release_pem4f.oem4f (.data:ti_sysbios_gates_GateMutex_Module__root__V)
                  20001c94    00000008     release_pem4f.oem4f (.data:ti_sysbios_hal_Hwi_Module__root__V)
                  20001c9c    00000008     release_pem4f.oem4f (.data:ti_sysbios_heaps_HeapMem_Module__root__V)
                  20001ca4    00000008     release_pem4f.oem4f (.data:ti_sysbios_knl_Clock_Module__root__V)
                  20001cac    00000008     release_pem4f.oem4f (.data:ti_sysbios_knl_Event_Module__root__V)
                  20001cb4    00000008     release_pem4f.oem4f (.data:ti_sysbios_knl_Mailbox_Module__root__V)
                  20001cbc    00000008     release_pem4f.oem4f (.data:ti_sysbios_knl_Queue_Module__root__V)
                  20001cc4    00000008     release_pem4f.oem4f (.data:ti_sysbios_knl_Semaphore_Module__root__V)
                  20001ccc    00000008     release_pem4f.oem4f (.data:ti_sysbios_knl_Swi_Module__root__V)
                  20001cd4    00000008     release_pem4f.oem4f (.data:ti_sysbios_knl_Task_Module__root__V)
                  20001cdc    00000008     release_pem4f.oem4f (.data:xdc_runtime_System_Module_State_0_atexitHandlers__A)
                  20001ce4    00000005     drivers_cc26x2_v1.aem4f : GPIOCC26XX.oem4f (.data)
                  20001ce9    00000001                             : UART.oem4f (.data)
                  20001cea    00000002     release_pem4f.oem4f (.data:ti_sysbios_family_arm_m3_Hwi_Module_State_0_excActive__A)
                  20001cec    00000004     drivers_cc26x2_v1.aem4f : GPIOCC26XX.oem4f (.data:gpioPinTable)
                  20001cf0    00000004     rtsv7M4_T_le_v4SPD16_eabi.lib : stkdepth_vars.c.obj (.data)
                  20001cf4    00000004     release_pem4f.oem4f (.data:ti_sysbios_family_arm_m3_Hwi_Module_State_0_excContext__A)
                  20001cf8    00000004     release_pem4f.oem4f (.data:ti_sysbios_family_arm_m3_Hwi_Module_State_0_excStack__A)
                  20001cfc    00000004     release_pem4f.oem4f (.data:ti_sysbios_knl_Task_Module_State_0_idleTask__A)

.stack     0    20013c00    00000400     UNINITIALIZED
                  20013c00    00000400     --HOLE--

.priheap   0    20000110    00001000     UNINITIALIZED
                  20000110    00001000     --HOLE--

.data:xdcRomConstPtr 
*          0    20000100    00000004     UNINITIALIZED
                  20000100    00000004     release_pem4f.oem4f (.data:xdcRomConstPtr)

.data:xdcRomExternFuncPtr 
*          0    20000104    00000004     UNINITIALIZED
                  20000104    00000004     release_pem4f.oem4f (.data:xdcRomExternFuncPtr)

.data:xdcRomStatePtr 
*          0    20000108    00000004     UNINITIALIZED
                  20000108    00000004     release_pem4f.oem4f (.data:xdcRomStatePtr)

.bootVecs 
*          0    00000000    00000008     DSECT
                  00000000    00000008     boot.aem4f : boot.oem4f (.bootVecs)

.resetVecs 
*          0    00000000    0000003c     
                  00000000    0000003c     release_pem4f.oem4f (.resetVecs)

.vecs      0    20000000    000000d8     NOLOAD SECTION
                  20000000    000000d8     release_pem4f.oem4f (.vecs)

xdc.meta   0    00000000    00000108     COPY SECTION
                  00000000    00000108     release_pem4f.oem4f (xdc.meta)

xdc.noload 
*          0    00000000    00000000     COPY SECTION

.text      0    0000003c    00003bc0     
                  0000003c    000001c0     drivers_cc26x2_v1.aem4f : PINCC26XX.oem4f (.text:PIN_init)
                  000001fc    000001a4                             : PowerCC26X2.oem4f (.text:Power_sleep)
                  000003a0    00000194                             : PowerCC26X2_calibrateRCOSC.oem4f (.text:runCalibrateFsm)
                  00000534    0000015c                             : UARTCC26XX.oem4f (.text:UARTCC26XX_open)
                  00000690    0000015c                             : PowerCC26X2_calibrateRCOSC.oem4f (.text:calibrateRcoscHf1)
                  000007ec    00000154                             : UARTCC26XX.oem4f (.text:UARTCC26XX_hwiIntFxn)
                  00000940    00000148     driverlib.lib : setup.obj (.text:TrimAfterColdResetWakeupFromShutDown)
                  00000a88    00000138     drivers_cc26x2_v1.aem4f : UARTCC26XX.oem4f (.text:UARTCC26XX_read)
                  00000bc0    00000130                             : PowerCC26X2.oem4f (.text:Power_init)
                  00000cf0    00000118     driverlib.lib : sys_ctrl.obj (.text:NOROM_SysCtrlStandby)
                  00000e08    00000104     drivers_cc26x2_v1.aem4f : UARTCC26XX.oem4f (.text:UARTCC26XX_write)
                  00000f0c    00000100                             : GPIOCC26XX.oem4f (.text:GPIO_setConfig)
                  0000100c    000000e4     rom_sysbios.aem4f : rom_sysbios.obj (.text:pthread_create)
                  000010f0    000000e0     drivers_cc26x2_v1.aem4f : PINCC26XX.oem4f (.text:PINCC26XX_setIoCfg)
                  000011d0    000000d8                             : GPIOCC26XX.oem4f (.text:GPIO_init)
                  000012a8    000000c8                             : PowerCC26X2.oem4f (.text:Power_releaseDependency)
                  00001370    000000c4                             : PowerCC26X2.oem4f (.text:Power_setDependency)
                  00001434    000000c0                             : UARTCC26XX.oem4f (.text:UARTCC26XX_initIO)
                  000014f4    000000b8                             : UARTCC26XX.oem4f (.text:UARTCC26XX_initHw)
                  000015ac    000000b4     dpl_cc26x2_v1.aem4f : PowerCC26X2_tirtos.oem4f (.text:PowerCC26XX_standbyPolicy)
                  00001660    000000a0     drivers_cc26x2_v1.aem4f : UARTCC26XX.oem4f (.text:UARTCC26XX_writeCancel)
                  00001700    000000a0     auto_init.aem4f : auto_init.oem4f (.text)
                  000017a0    000000a0     rom_sysbios.aem4f : rom_sysbios.obj (.text:ti_sysbios_knl_Task_setPri__E)
                  00001840    0000009c     drivers_cc26x2_v1.aem4f : UARTCC26XX.oem4f (.text:UARTCC26XX_swiIntFxn)
                  000018dc    0000009c     rtsv7M4_T_le_v4SPD16_eabi.lib : memcpy_t2.asm.obj (.text)
                  00001978    00000098     driverlib.lib : setup.obj (.text:NOROM_SetupTrimDevice)
                  00001a10    00000098     rom_sysbios.aem4f : rom_sysbios.obj (.text:ti_sysbios_knl_Clock_workFuncDynamic__E)
                  00001aa8    00000096     rtsv7M4_T_le_v4SPD16_eabi.lib : ull_div_t2.asm.obj (.text)
                  00001b3e    00000002                                   : _lock.c.obj (.text:_nop)
                  00001b40    00000094     drivers_cc26x2_v1.aem4f : PINCC26XX.oem4f (.text:PIN_open)
                  00001bd4    00000090                             : UARTCC26XX.oem4f (.text:writeTxFifoFlush)
                  00001c64    0000008c     uartecho.obj (.text:mainThread)
                  00001cf0    00000088     driverlib.lib : osc.obj (.text:NOROM_OSCHF_AttemptToSwitchToXosc)
                  00001d78    00000088     rom_sysbios.aem4f : rom_sysbios.obj (.text:_pthread_removeThreadKeys)
                  00001e00    00000088     drivers_cc26x2_v1.aem4f : PowerCC26X2_calibrateRCOSC.oem4f (.text:calibrateRcoscHf2)
                  00001e88    00000084     CC26X2R1_LAUNCHXL_fxns.obj (.text:CC26X2R1_LAUNCHXL_sendExtFlashByte)
                  00001f0c    00000084     drivers_cc26x2_v1.aem4f : UARTCC26XX.oem4f (.text:UARTCC26XX_close)
                  00001f90    00000080     driverlib.lib : setup_rom.obj (.text:NOROM_SetupStepVddrTrimTo)
                  00002010    00000080     rom_sysbios.aem4f : rom_sysbios.obj (.text:ti_sysbios_family_arm_cc26xx_Timer_start__E)
                  00002090    0000007c     drivers_cc26x2_v1.aem4f : PowerCC26X2_calibrateRCOSC.oem4f (.text:updateSubSecInc)
                  0000210c    0000007a     rtsv7M4_T_le_v4SPD16_eabi.lib : memset_t2.asm.obj (.text)
                  00002186    00000002     drivers_cc26x2_v1.aem4f : PowerCC26X2.oem4f (.text:emptyClockFunc)
                  00002188    00000074                             : PowerCC26X2_calibrateRCOSC.oem4f (.text:PowerCC26X2_auxISR)
                  000021fc    0000006c     driverlib.lib : setup_rom.obj (.text:NOROM_SetupAfterColdResetWakeupFromShutDownCfg1)
                  00002268    0000006c     drivers_cc26x2_v1.aem4f : PINCC26XX.oem4f (.text:PIN_add)
                  000022d4    0000006c                             : UARTCC26XX.oem4f (.text:UARTCC26XX_readCancel)
                  00002340    00000068     driverlib.lib : osc.obj (.text:NOROM_OSCHF_SwitchToRcOscTurnOffXosc)
                  000023a8    00000068     rtsv7M4_T_le_v4SPD16_eabi.lib : copy_decompress_lzss.c.obj (.text:decompress:lzss:__TI_decompress_lzss)
                  00002410    00000064     drivers_cc26x2_v1.aem4f : UARTCC26XX.oem4f (.text:UARTCC26XX_control)
                  00002474    00000064     main_tirtos.obj (.text:main)
                  000024d8    00000060     drivers_cc26x2_v1.aem4f : GPIOCC26XX.oem4f (.text:GPIO_write)
                  00002538    0000005c                             : PINCC26XX.oem4f (.text:PIN_remove)
                  00002594    0000005c     rom_sysbios.aem4f : rom_sysbios.obj (.text:ti_sysbios_heaps_HeapMem_initPrimary__I)
                  000025f0    0000005c     release_pem4f.oem4f (.text:xdc_runtime_Startup_getState__I)
                  0000264c    00000058     drivers_cc26x2_v1.aem4f : PowerCC26X2_calibrateRCOSC.oem4f (.text:PowerCC26X2_initiateCalibration)
                  000026a4    00000058     boot.aem4f : boot.oem4f (.text)
                  000026fc    00000058     drivers_cc26x2_v1.aem4f : PowerCC26X2.oem4f (.text:disableLFClockQualifiers)
                  00002754    00000058     rom_sysbios.aem4f : rom_sysbios.obj (.text:pthread_exit)
                  000027ac    00000054     drivers_cc26x2_v1.aem4f : GPIOCC26XX.oem4f (.text:powerPostNotify)
                  00002800    00000050     dpl_cc26x2_v1.aem4f : ClockP_tirtos.oem4f (.text:ClockP_construct)
                  00002850    00000050     drivers_cc26x2_v1.aem4f : GPIOCC26XX.oem4f (.text:GPIO_enableInt)
                  000028a0    00000050     driverlib.lib : chipinfo.obj (.text:NOROM_ChipInfo_GetChipType)
                  000028f0    00000050     drivers_cc26x2_v1.aem4f : PowerCC26X2.oem4f (.text:configureXOSCHF)
                  00002940    0000004c     CC26X2R1_LAUNCHXL_fxns.obj (.text:CC26X2R1_LAUNCHXL_wakeUpExtFlash)
                  0000298c    0000004c     rtsv7M4_T_le_v4SPD16_eabi.lib : cpy_tbl.c.obj (.text:copy_in)
                  000029d8    0000004c     drivers_cc26x2_v1.aem4f : UARTCC26XX.oem4f (.text:startTxFifoEmptyClk)
                  00002a24    00000048                             : PINCC26XX.oem4f (.text:PIN_setOutputEnable)
                  00002a6c    00000048                             : UARTCC26XX.oem4f (.text:writeFinishedDoCallback)
                  00002ab4    00000046                             : RingBuf.oem4f (.text:RingBuf_put)
                  00002afa    00000002     rtsv7M4_T_le_v4SPD16_eabi.lib : div0.asm.obj (.text)
                  00002afc    00000044     driverlib.lib : chipinfo.obj (.text:NOROM_ChipInfo_GetHwRevision)
                  00002b40    00000044     drivers_cc26x2_v1.aem4f : PINCC26XX.oem4f (.text:PIN_swi)
                  00002b84    00000044                             : UART.oem4f (.text:UART_init)
                  00002bc8    00000044                             : PowerCC26X2.oem4f (.text:switchXOSCHF)
                  00002c0c    00000040     CC26X2R1_LAUNCHXL_fxns.obj (.text:CC26X2R1_LAUNCHXL_shutDownExtFlash)
                  00002c4c    00000040     drivers_cc26x2_v1.aem4f : RingBuf.oem4f (.text:RingBuf_get)
                  00002c8c    00000040     driverlib.lib : setup.obj (.text:Step_RCOSCHF_CTRIM)
                  00002ccc    00000040                   : setup.obj (.text:Step_VBG)
                  00002d0c    00000040     rom_sysbios.aem4f : rom_sysbios.obj (.text:ti_sysbios_family_arm_cc26xx_Timer_setThreshold__I)
                  00002d4c    0000003e     dpl_cc26x2_v1.aem4f : HwiP_tirtos.oem4f (.text:HwiP_construct)
                  00002d8a    00000002     release_pem4f.oem4f (.text:ti_sysbios_BIOS_nullFunc__I)
                  00002d8c    0000003c     drivers_cc26x2_v1.aem4f : PINCC26XX.oem4f (.text:PIN_setOutputValue)
                  00002dc8    0000003c     dpl_cc26x2_v1.aem4f : SwiP_tirtos.oem4f (.text:SwiP_construct)
                  00002e04    0000003c     drivers_cc26x2_v1.aem4f : UART.oem4f (.text:UART_open)
                  00002e40    0000003c     rom_sysbios.aem4f : rom_sysbios.obj (.text:ti_sysbios_family_arm_m3_Hwi_construct2__E)
                  00002e7c    00000038     drivers_cc26x2_v1.aem4f : PINCC26XX.oem4f (.text:PIN_setInterrupt)
                  00002eb4    00000038                             : PowerCC26X2.oem4f (.text:notify)
                  00002eec    00000038                             : UARTCC26XX.oem4f (.text:readData)
                  00002f24    00000038                             : UARTCC26XX.oem4f (.text:writeData)
                  00002f5c    00000034     driverlib.lib : aux_sysif.obj (.text:NOROM_AUXSYSIFOpModeChange)
                  00002f90    00000034                   : sys_ctrl.obj (.text:NOROM_SysCtrlIdle)
                  00002fc4    00000034     drivers_cc26x2_v1.aem4f : PINCC26XX.oem4f (.text:PIN_setConfig)
                  00002ff8    00000034                             : PowerCC26X2.oem4f (.text:Power_releaseConstraint)
                  0000302c    00000034                             : UARTCC26XX.oem4f (.text:readData2RingBuf)
                  00003060    00000032     rom_sysbios.aem4f : rom_sysbios.obj (.text:ti_sysbios_family_arm_cc26xx_Timer_setNextTick__E)
                  00003092    00000002     release_pem4f.oem4f (.text:ti_sysbios_rom_cortexm_cc26xx_agama_CC26xx_badRomRevision__E)
                  00003094    00000030     drivers_cc26x2_v1.aem4f : GPIOCC26XX.oem4f (.text:GPIO_hwiIntFxn)
                  000030c4    00000030                             : PowerCC26X2.oem4f (.text:Power_setConstraint)
                  000030f4    00000030                             : PowerCC26X2_calibrateRCOSC.oem4f (.text:startTDC)
                  00003124    00000030     release_pem4f.oem4f (.text:ti_sysbios_BIOS_atExitFunc__I)
                  00003154    00000030     release_pem4f.oem4f (.text:ti_sysbios_BIOS_startFunc__I)
                  00003184    00000030     rom_sysbios.aem4f : rom_sysbios.obj (.text:ti_sysbios_family_arm_cc26xx_Timer_getCurrentTick__E)
                  000031b4    00000030                       : rom_sysbios.obj (.text:ti_sysbios_family_arm_cc26xx_Timer_initDevice__I)
                  000031e4    0000002c     drivers_cc26x2_v1.aem4f : GPIOCC26XX.oem4f (.text:GPIO_setCallback)
                  00003210    0000002c                             : PINCC26XX.oem4f (.text:PINCC26XX_setMux)
                  0000323c    0000002c     dpl_cc26x2_v1.aem4f : SemaphoreP_tirtos.oem4f (.text:SemaphoreP_constructBinary)
                  00003268    0000002c                         : SemaphoreP_tirtos.oem4f (.text:SemaphoreP_createBinary)
                  00003294    0000002c     rom_sysbios.aem4f : rom_sysbios.obj (.text:_pthread_delete$44)
                  000032c0    0000002c                       : rom_sysbios.obj (.text:pthread_setcancelstate)
                  000032ec    0000002c                       : rom_sysbios.obj (.text:ti_sysbios_knl_Clock_getTicksUntilInterrupt__E)
                  00003318    00000028     dpl_cc26x2_v1.aem4f : PowerCC26X2_tirtos.oem4f (.text:PowerCC26XX_schedulerDisable)
                  00003340    00000028                         : PowerCC26X2_tirtos.oem4f (.text:PowerCC26XX_schedulerRestore)
                  00003368    00000028     drivers_cc26x2_v1.aem4f : PowerCC26X2.oem4f (.text:Power_registerNotify)
                  00003390    00000028                             : PowerCC26X2.oem4f (.text:oscillatorISR)
                  000033b8    00000026                             : List.oem4f (.text:List_put)
                  000033de    00000026                             : List.oem4f (.text:List_remove)
                  00003404    00000024     driverlib.lib : osc.obj (.text:NOROM_OSCHF_TurnOnXosc)
                  00003428    00000024     rom_sysbios.aem4f : rom_sysbios.obj (.text:_pthread_cleanupFxn)
                  0000344c    00000024     drivers_cc26x2_v1.aem4f : PowerCC26X2_calibrateRCOSC.oem4f (.text:getTdcSemaphore)
                  00003470    00000024     rom_sysbios.aem4f : rom_sysbios.obj (.text:pthread_attr_init)
                  00003494    00000024     release_pem4f.oem4f (.text:ti_sysbios_BIOS_registerRTSLock__I)
                  000034b8    00000024     release_pem4f.oem4f (.text:ti_sysbios_BIOS_removeRTSLock__I)
                  000034dc    00000024     rom_sysbios.aem4f : rom_sysbios.obj (.text:ti_sysbios_family_arm_cc26xx_Timer_getMaxTicks__E)
                  00003500    00000020     drivers_cc26x2_v1.aem4f : PowerCC26X2.oem4f (.text:Power_unregisterNotify)
                  00003520    00000020     release_pem4f.oem4f (.text:ti_sysbios_BIOS_rtsLock__I)
                  00003540    00000020     rom_sysbios.aem4f : rom_sysbios.obj (.text:ti_sysbios_family_arm_cc26xx_Timer_dynamicStub__E)
                  00003560    00000020                       : rom_sysbios.obj (.text:xdc_runtime_Error_policyMin__E)
                  00003580    0000001e     drivers_cc26x2_v1.aem4f : PINCC26XX.oem4f (.text:PIN_close)
                  0000359e    0000001e                             : PowerCC26X2.oem4f (.text:Power_getTransitionLatency)
                  000035bc    0000001c     CC26X2R1_LAUNCHXL.obj (.text:CC26X2R1_LAUNCHXL_initGeneral)
                  000035d8    0000001c     driverlib.lib : chipinfo.obj (.text:NOROM_ChipInfo_GetChipFamily)
                  000035f4    0000001c     drivers_cc26x2_v1.aem4f : PINCC26XX.oem4f (.text:PINCC26XX_setIoCfgMux)
                  00003610    0000001c                             : PINCC26XX.oem4f (.text:PIN_hwi)
                  0000362c    0000001c     release_pem4f.oem4f (.text:ti_sysbios_BIOS_errorRaiseHook__I)
                  00003648    0000001c     rom_sysbios.aem4f : rom_sysbios.obj (.text:ti_sysbios_knl_Swi_construct2__E)
                  00003664    0000001c     release_pem4f.oem4f (.text:xdc_runtime_Startup_exec__I)
                  00003680    0000001a     drivers_cc26x2_v1.aem4f : PowerCC26X2.oem4f (.text:PowerCC26XX_calibrate)
                  0000369a    00000002     rom_sysbios.aem4f : rom_sysbios.obj (.text:xdc_runtime_SysCallback_defaultAbort)
                  0000369c    00000018     driverlib.lib : chipinfo.obj (.text:NOROM_ChipInfo_GetPackageType)
                  000036b4    00000018     drivers_cc26x2_v1.aem4f : PowerCC26X2.oem4f (.text:Power_idleFunc)
                  000036cc    00000018                             : UARTCC26XX.oem4f (.text:UARTCC26XX_init)
                  000036e4    00000018                             : UART.oem4f (.text:UART_Params_init)
                  000036fc    00000018     rtsv7M4_T_le_v4SPD16_eabi.lib : args_main.c.obj (.text:_args_main)
                  00003714    00000018                                   : ll_mul_t2.asm.obj (.text)
                  0000372c    00000018     release_pem4f.oem4f (.text:ti_sysbios_BIOS_rtsUnlock__I)
                  00003744    00000018     rom_sysbios.aem4f : rom_sysbios.obj (.text:ti_sysbios_knl_Swi_or__E)
                  0000375c    00000018     release_pem4f.oem4f (.text:ti_sysbios_rom_cortexm_cc26xx_agama_CC26xx_checkRevision__E)
                  00003774    00000018     rom_sysbios.aem4f : rom_sysbios.obj (.text:xdc_runtime_Error_init__E)
                  0000378c    00000016     driverlib.lib : chipinfo.obj (.text:NOROM_ThisLibraryIsFor_CC13x2_CC26x2_HwRev1x_HaltIfViolated)
                  000037a2    00000016     rom_sysbios.aem4f : rom_sysbios.obj (.text:_pthread_cleanup_pop)
                  000037b8    00000016     release_pem4f.oem4f (.text:ti_sysbios_BIOS_exitFunc__I)
                  000037ce    00000014     drivers_cc26x2_v1.aem4f : PowerCC26X2_calibrateRCOSC.oem4f (.text:PowerCC26X2_calibrate)
                  000037e2    00000002     rom_sysbios.aem4f : rom_sysbios.obj (.text:xdc_runtime_SysCallback_defaultExit)
                  000037e4    00000014     drivers_cc26x2_v1.aem4f : PowerCC26X2.oem4f (.text:configureRFCoreClocks)
                  000037f8    00000014     rom_sysbios.aem4f : rom_sysbios.obj (.text:pthread_attr_setschedparam)
                  0000380c    00000014                       : rom_sysbios.obj (.text:ti_sysbios_family_arm_cc26xx_Timer_getCount64__E)
                  00003820    00000014     release_pem4f.oem4f (.text:ti_sysbios_knl_Clock_doTick__I)
                  00003834    00000012     drivers_cc26x2_v1.aem4f : RingBuf.oem4f (.text:RingBuf_construct)
                  00003846    00000012     dpl_cc26x2_v1.aem4f : SemaphoreP_tirtos.oem4f (.text:SemaphoreP_pend)
                  00003858    00000012     rom_sysbios.aem4f : rom_sysbios.obj (.text:_pthread_runStub$44)
                  0000386a    00000010     dpl_cc26x2_v1.aem4f : HwiP_tirtos.oem4f (.text:HwiP_Params_init)
                  0000387a    00000002     rom_sysbios.aem4f : rom_sysbios.obj (.text:xdc_runtime_SysCallback_defaultFlush)
                  0000387c    00000010     drivers_cc26x2_v1.aem4f : PINCC26XX.oem4f (.text:PINCC26XX_getPinCount)
                  0000388c    00000010     dpl_cc26x2_v1.aem4f : SwiP_tirtos.oem4f (.text:SwiP_Params_init)
                  0000389c    00000010     drivers_cc26x2_v1.aem4f : UARTCC26XX.oem4f (.text:uartPostNotify)
                  000038ac    00000010     rom_sysbios.aem4f : rom_sysbios.obj (.text:xdc_runtime_SysCallback_flush__E)
                  000038bc    00000010                       : rom_sysbios.obj (.text:xdc_runtime_SysCallback_putch__E)
                  000038cc    00000010                       : rom_sysbios.obj (.text:xdc_runtime_SysCallback_ready__E)
                  000038dc    0000000e     rtsv7M4_T_le_v4SPD16_eabi.lib : copy_decompress_none.c.obj (.text:decompress:none:__TI_decompress_none)
                  000038ea    0000000e     rom_sysbios.aem4f : rom_sysbios.obj (.text:pthread_attr_setdetachstate)
                  000038f8    0000000e                       : rom_sysbios.obj (.text:ti_sysbios_family_arm_cc26xx_TimestampProvider_get32__E)
                  00003906    0000000c     driverlib.lib : cpu.obj (.text:NOROM_CPUcpsid)
                  00003912    0000000c                   : cpu.obj (.text:NOROM_CPUcpsie)
                  0000391e    0000000c     drivers_cc26x2_v1.aem4f : PINCC26XX.oem4f (.text:PIN_registerIntCb)
                  0000392a    00000002     rom_sysbios.aem4f : rom_sysbios.obj (.text:xdc_runtime_SysCallback_defaultPutch)
                  0000392c    0000000c     drivers_cc26x2_v1.aem4f : PowerCC26X2.oem4f (.text:Power_getConstraintMask)
                  00003938    0000000c                             : PowerCC26X2.oem4f (.text:Power_getDependencyCount)
                  00003944    0000000c     dpl_cc26x2_v1.aem4f : SemaphoreP_tirtos.oem4f (.text:SemaphoreP_delete)
                  00003950    0000000c     rtsv7M4_T_le_v4SPD16_eabi.lib : _lock.c.obj (.text:_register_lock)
                  0000395c    0000000c                                   : _lock.c.obj (.text:_register_unlock)
                  00003968    0000000c                                   : copy_zero_init.c.obj (.text:decompress:ZI:__TI_zero_init)
                  00003974    0000000c     rom_sysbios.aem4f : rom_sysbios.obj (.text:pthread_self)
                  00003980    0000000c                       : rom_sysbios.obj (.text:ti_sysbios_knl_Swi_getTrigger__E)
                  0000398c    0000000c     release_pem4f.oem4f (.text:xdc_runtime_Startup_reset__I)
                  00003998    0000000a     dpl_cc26x2_v1.aem4f : ClockP_tirtos.oem4f (.text:ClockP_Params_init)
                  000039a2    0000000a     drivers_cc26x2_v1.aem4f : UART.oem4f (.text:UART_read)
                  000039ac    0000000a                             : UART.oem4f (.text:UART_write)
                  000039b6    00000008     CC26X2R1_LAUNCHXL_fxns.obj (.text:Board_initHook)
                  000039be    00000008     drivers_cc26x2_v1.aem4f : UARTCC26XX.oem4f (.text:readSemCallback)
                  000039c6    00000008                             : UARTCC26XX.oem4f (.text:writeSemCallback)
                  000039ce    00000006     driverlib.lib : cpu.obj (.text:NOROM_CPUdelay)
                  000039d4    00000006     drivers_cc26x2_v1.aem4f : UARTCC26XX.oem4f (.text:UARTCC26XX_readPolling)
                  000039da    00000006                             : UARTCC26XX.oem4f (.text:UARTCC26XX_writePolling)
                  000039e0    00000006     rom_sysbios.aem4f : rom_sysbios.obj (.text:pthread_attr_setstacksize)
                  000039e6    00000004     dpl_cc26x2_v1.aem4f : PowerCC26X2_tirtos.oem4f (.text:CPUwfi)
                  000039ea    00000004                         : ClockP_tirtos.oem4f (.text:ClockP_destruct)
                  000039ee    00000004                         : ClockP_tirtos.oem4f (.text:ClockP_getCpuFreq)
                  000039f2    00000004                         : ClockP_tirtos.oem4f (.text:ClockP_setTimeout)
                  000039f6    00000004                         : ClockP_tirtos.oem4f (.text:ClockP_start)
                  000039fa    00000004                         : ClockP_tirtos.oem4f (.text:ClockP_stop)
                  000039fe    00000004                         : HwiP_tirtos.oem4f (.text:HwiP_destruct)
                  00003a02    00000004                         : HwiP_tirtos.oem4f (.text:HwiP_disable)
                  00003a06    00000004                         : SemaphoreP_tirtos.oem4f (.text:SemaphoreP_destruct)
                  00003a0a    00000004                         : SemaphoreP_tirtos.oem4f (.text:SemaphoreP_post)
                  00003a0e    00000004                         : SwiP_tirtos.oem4f (.text:SwiP_destruct)
                  00003a12    00000004                         : SwiP_tirtos.oem4f (.text:SwiP_disable)
                  00003a16    00000004                         : SwiP_tirtos.oem4f (.text:SwiP_getTrigger)
                  00003a1a    00000004                         : SwiP_tirtos.oem4f (.text:SwiP_or)
                  00003a1e    00000004     drivers_cc26x2_v1.aem4f : PowerCC26X2.oem4f (.text:nopResourceHandler)
                  00003a22    00000004     rom_sysbios.aem4f : rom_sysbios.obj (.text:ti_sysbios_knl_Queue_insert__E)
                  00003a26    00000004                       : rom_sysbios.obj (.text:ti_sysbios_knl_Task_getArg1__E)
                  00003a2a    00000004                       : rom_sysbios.obj (.text:ti_sysbios_knl_Task_getEnv__E)
                  00003a2e    00000004                       : rom_sysbios.obj (.text:xdc_runtime_SysCallback_defaultReady)
                  00003a32    00000002     --HOLE-- [fill = 0]
                  00003a34    00000008     (.tramp.ti_sysbios_knl_Swi_destruct.1)
                  00003a3c    00000008     (.tramp.ti_sysbios_family_arm_m3_Hwi_disableFxn__E.1)
                  00003a44    00000008     (.tramp.ti_sysbios_family_arm_m3_Hwi_destruct.1)
                  00003a4c    00000008     (.tramp.ti_sysbios_BIOS_getCpuFreq__E.1)
                  00003a54    00000008     (.tramp.ti_sysbios_knl_Clock_destruct.1)
                  00003a5c    00000008     (.tramp.ti_sysbios_knl_Task_self__E.1)
                  00003a64    00000008     (.tramp.ti_sysbios_knl_Semaphore_delete.1)
                  00003a6c    00000008     (.tramp.ti_sysbios_knl_Clock_logTick__E.1)
                  00003a74    00000008     (.tramp.ti_sysbios_knl_Swi_post__E.1)
                  00003a7c    00000008     (.tramp.ti_sysbios_BIOS_RtsGateProxy_leave__E.1)
                  00003a84    00000008     (.tramp.ti_sysbios_knl_Swi_construct.1)
                  00003a8c    00000008     (.tramp.ti_sysbios_BIOS_RtsGateProxy_enter__E.1)
                  00003a94    00000008     (.tramp.ti_sysbios_knl_Task_delete.1)
                  00003a9c    00000008     (.tramp.ti_sysbios_knl_Semaphore_destruct.1)
                  00003aa4    00000008     (.tramp.ti_sysbios_knl_Semaphore_create.1)
                  00003aac    00000008     (.tramp.ti_sysbios_knl_Task_startup__E.1)
                  00003ab4    00000008     (.tramp.ti_sysbios_knl_Swi_startup__E.1)
                  00003abc    00000008     (.tramp.ti_sysbios_hal_Hwi_startup__E.1)
                  00003ac4    00000008     (.tramp.ti_sysbios_family_arm_cc26xx_Timer_startup__E.1)
                  00003acc    00000008     (.tramp.xdc_runtime_System_atexit__E.1)
                  00003ad4    00000008     (.tramp.ti_sysbios_BIOS_linkedWithIncorrectBootLibrary__E.1)
                  00003adc    00000008     (.tramp.xdc_runtime_Startup_rtsDone__E.1)
                  00003ae4    00000008     (.tramp.ti_sysbios_BIOS_setThreadType__E.1)
                  00003aec    00000008     (.tramp.ti_sysbios_knl_Swi_disable__E.1)
                  00003af4    00000008     (.tramp.ti_sysbios_family_arm_m3_Hwi_construct.1)
                  00003afc    00000008     (.tramp.ti_sysbios_knl_Swi_Params__init__S.1)
                  00003b04    00000008     (.tramp.ti_sysbios_family_arm_m3_Hwi_Params__init__S.1)
                  00003b0c    00000008     (.tramp.ti_sysbios_knl_Clock_construct.1)
                  00003b14    00000008     (.tramp.ti_sysbios_knl_Clock_Params__init__S.1)
                  00003b1c    00000008     (.tramp.xdc_runtime_System_exit__E.1)
                  00003b24    00000008     (.tramp.ti_sysbios_heaps_HeapMem_restore__E.1)
                  00003b2c    00000008     (.tramp.ti_sysbios_heaps_HeapMem_Object__get__S.1)
                  00003b34    00000008     (.tramp.ti_sysbios_BIOS_start__E.1)
                  00003b3c    00000008     (.tramp.ti_sysbios_knl_Semaphore_post__E.1)
                  00003b44    00000008     (.tramp.xdc_runtime_Memory_free__E.1)
                  00003b4c    00000008     (.tramp.ti_sysbios_knl_Queue_next__E.1)
                  00003b54    00000008     (.tramp.ti_sysbios_knl_Queue_head__E.1)
                  00003b5c    00000008     (.tramp.ti_sysbios_knl_Semaphore_pend__E.1)
                  00003b64    00000008     (.tramp.ti_sysbios_knl_Clock_scheduleNextTick__E.1)
                  00003b6c    00000008     (.tramp.ti_sysbios_knl_Clock_walkQueueDynamic__E.1)
                  00003b74    00000008     (.tramp.ti_sysbios_knl_Clock_TimerProxy_getCurrentTick__E.1)
                  00003b7c    00000008     (.tramp.ti_sysbios_knl_Task_restore__E.1)
                  00003b84    00000008     (.tramp.ti_sysbios_knl_Queue_enqueue__E.1)
                  00003b8c    00000008     (.tramp.ti_sysbios_knl_Queue_empty__E.1)
                  00003b94    00000008     (.tramp.ti_sysbios_knl_Queue_remove__E.1)
                  00003b9c    00000008     (.tramp.ti_sysbios_knl_Task_disable__E.1)
                  00003ba4    00000008     (.tramp.ti_sysbios_knl_Clock_stop__E.1)
                  00003bac    00000008     (.tramp.ti_sysbios_knl_Clock_start__E.1)
                  00003bb4    00000008     (.tramp.ti_sysbios_knl_Clock_setTimeout__E.1)
                  00003bbc    00000008     (.tramp.ti_sysbios_knl_Task_create.1)
                  00003bc4    00000008     (.tramp.ti_sysbios_knl_Semaphore_construct.1)
                  00003bcc    00000008     (.tramp.ti_sysbios_knl_Semaphore_Params__init__S.1)
                  00003bd4    00000008     (.tramp.ti_sysbios_knl_Queue_construct.1)
                  00003bdc    00000008     (.tramp.xdc_runtime_Memory_alloc__E.1)
                  00003be4    00000008     (.tramp.ti_sysbios_knl_Task_Params__init__S.1)
                  00003bec    00000008     (.tramp.ti_sysbios_family_arm_m3_Hwi_restoreFxn__E.1)
                  00003bf4    00000008     (.tramp.ti_sysbios_knl_Swi_restore__E.1)

.const     0    00003bfc    0000066c     
                  00003bfc    00000338     release_pem4f.oem4f (.const:ROM_constStruct)
                  00003f34    00000054     drivers_cc26x2_v1.aem4f : PowerCC26X2.oem4f (.const:resourceDB)
                  00003f88    00000050     CC26X2R1_LAUNCHXL.obj (.const:uartCC26XXHWAttrs)
                  00003fd8    00000048     release_pem4f.oem4f (.const:.string)
                  00004020    00000044     release_pem4f.oem4f (.const:ROM_externFuncPtrs)
                  00004064    0000002c     CC26X2R1_LAUNCHXL.obj (.const:BoardGpioInitTable)
                  00004090    00000028     drivers_cc26x2_v1.aem4f : UARTCC26XX.oem4f (.const:UARTCC26XX_fxnTable)
                  000040b8    00000024                             : UART.oem4f (.const:UART_defaultParams)
                  000040dc    00000024     release_pem4f.oem4f (.const:xdc_runtime_Startup_sfxnTab__A)
                  00004100    00000018     CC26X2R1_LAUNCHXL.obj (.const:UART_config)
                  00004118    00000018     drivers_cc26x2_v1.aem4f : GPIOCC26XX.oem4f (.const:interruptType)
                  00004130    00000016     uartecho.obj (.const:.string:$P$T0$1)
                  00004146    00000001     release_pem4f.oem4f (.const:xdc_runtime_Text_charTab__A)
                  00004147    00000001     --HOLE-- [fill = 0]
                  00004148    00000014     CC26X2R1_LAUNCHXL_fxns.obj (.const:$P$T1$2)
                  0000415c    00000014     CC26X2R1_LAUNCHXL.obj (.const:GPIOCC26XX_config)
                  00004170    00000014     drivers_cc26x2_v1.aem4f : UARTCC26XX.oem4f (.const:parityType)
                  00004184    00000012     CC26X2R1_LAUNCHXL.obj (.const)
                  00004196    00000012     release_pem4f.oem4f (.const:xdc_runtime_Startup_sfxnRts__A)
                  000041a8    00000010     CC26X2R1_LAUNCHXL.obj (.const:PowerCC26X2_config)
                  000041b8    00000010     drivers_cc26x2_v1.aem4f : UARTCC26XX.oem4f (.const:dataLength)
                  000041c8    00000010                             : GPIOCC26XX.oem4f (.const:outPinTypes)
                  000041d8    0000000c                             : GPIOCC26XX.oem4f (.const:inPinTypes)
                  000041e4    0000000c                             : GPIOCC26XX.oem4f (.const:outPinStrengths)
                  000041f0    0000000c     release_pem4f.oem4f (.const:xdc_runtime_Startup_firstFxns__A)
                  000041fc    00000008     driverlib.lib : aux_sysif.obj (.const:$O1$$)
                  00004204    00000008     CC26X2R1_LAUNCHXL_fxns.obj (.const:$P$T0$1)
                  0000420c    00000008     CC26X2R1_LAUNCHXL.obj (.const:PINCC26XX_hwAttrs)
                  00004214    00000008     drivers_cc26x2_v1.aem4f : UARTCC26XX.oem4f (.const:stopBits)
                  0000421c    00000008     release_pem4f.oem4f (.const:ti_sysbios_knl_Idle_funcList__A)
                  00004224    00000006     drivers_cc26x2_v1.aem4f : UARTCC26XX.oem4f (.const:.string:rxFifoBytes)
                  0000422a    00000006                             : UARTCC26XX.oem4f (.const:.string:rxFifoThreshold)
                  00004230    00000006                             : UARTCC26XX.oem4f (.const:.string:txFifoBytes)
                  00004236    00000006                             : UARTCC26XX.oem4f (.const:.string:txFifoThreshold)
                  0000423c    00000004     release_pem4f.oem4f (.const:ti_sysbios_family_arm_cc26xx_Timer_funcHookCH1__C)
                  00004240    00000004     release_pem4f.oem4f (.const:ti_sysbios_family_arm_cc26xx_Timer_funcHookCH2__C)
                  00004244    00000004     release_pem4f.oem4f (.const:ti_sysbios_family_arm_m3_Hwi_swiDisable__C)
                  00004248    00000004     release_pem4f.oem4f (.const:ti_sysbios_family_arm_m3_Hwi_swiRestoreHwi__C)
                  0000424c    00000004     release_pem4f.oem4f (.const:ti_sysbios_heaps_HeapMem_primaryHeapBaseAddr__C)
                  00004250    00000004     release_pem4f.oem4f (.const:ti_sysbios_heaps_HeapMem_primaryHeapEndAddr__C)
                  00004254    00000004     release_pem4f.oem4f (.const:ti_sysbios_knl_Clock_tickPeriod__C)
                  00004258    00000004     release_pem4f.oem4f (.const:ti_sysbios_knl_Task_Object__heap__C)
                  0000425c    00000004     release_pem4f.oem4f (.const:xdc_runtime_SysCallback_flushFxn__C)
                  00004260    00000004     release_pem4f.oem4f (.const:xdc_runtime_SysCallback_putchFxn__C)
                  00004264    00000004     release_pem4f.oem4f (.const:xdc_runtime_SysCallback_readyFxn__C)

MODULE SUMMARY

       Module                             code    ro data   rw data
       ------                             ----    -------   -------
    .\
       CC26X2R1_LAUNCHXL.obj              28      210       716    
       CC26X2R1_LAUNCHXL_fxns.obj         280     28        0      
       uartecho.obj                       140     22        0      
       main_tirtos.obj                    100     0         0      
       ccfg.obj                           0       88        0      
    +--+----------------------------------+-------+---------+---------+
       Total:                             548     348       716    
                                                                   
    D:\Users\71702\workspace_v8\tirtos_builds_CC26X2R1_LAUNCHXL_release_ccs\Debug\configPkg\package\cfg\
       release_pem4f.oem4f                454     1143      1826   
    +--+----------------------------------+-------+---------+---------+
       Total:                             454     1143      1826   
                                                                   
    D:/ti/simplelink_cc26x2_sdk_2_30_00_34/kernel/tirtos/packages/ti/dpl/lib/dpl_cc26x2_v1.aem4f
       PowerCC26X2_tirtos.oem4f           264     0         8      
       SemaphoreP_tirtos.oem4f            126     0         0      
       ClockP_tirtos.oem4f                110     0         4      
       SwiP_tirtos.oem4f                  92      0         0      
       HwiP_tirtos.oem4f                  86      0         0      
    +--+----------------------------------+-------+---------+---------+
       Total:                             678     0         12     
                                                                   
    D:/ti/simplelink_cc26x2_sdk_2_30_00_34/source/ti/devices/cc13x2_cc26x2_v1/driverlib/bin/ccs/driverlib.lib
       setup.obj                          608     0         0      
       sys_ctrl.obj                       332     0         0      
       osc.obj                            276     0         20     
       setup_rom.obj                      236     0         0      
       chipinfo.obj                       222     0         0      
       aux_sysif.obj                      52      8         0      
       cpu.obj                            30      0         0      
       driverlib_release.obj              0       0         1      
    +--+----------------------------------+-------+---------+---------+
       Total:                             1756    8         21     
                                                                   
    D:/ti/simplelink_cc26x2_sdk_2_30_00_34/source/ti/drivers/lib/drivers_cc26x2_v1.aem4f
       UARTCC26XX.oem4f                   2816    108       2      
       PowerCC26X2.oem4f                  1754    84        200    
       PINCC26XX.oem4f                    1486    0         276    
       PowerCC26X2_calibrateRCOSC.oem4f   1320    0         0      
       GPIOCC26XX.oem4f                   824     64        81     
       UART.oem4f                         172     36        1      
       RingBuf.oem4f                      152     0         0      
       List.oem4f                         76      0         0      
    +--+----------------------------------+-------+---------+---------+
       Total:                             8600    292       560    
                                                                   
    D:\Users\71702\workspace_v8\tirtos_builds_CC26X2R1_LAUNCHXL_release_ccs\src\sysbios\rom_sysbios.aem4f
       rom_sysbios.obj                    1844    0         136    
    +--+----------------------------------+-------+---------+---------+
       Total:                             1844    0         136    
                                                                   
    D:\ti\ccsv8\tools\compiler\ti-cgt-arm_18.1.3.LTS\lib\rtsv7M4_T_le_v4SPD16_eabi.lib
       memcpy_t2.asm.obj                  156     0         0      
       ull_div_t2.asm.obj                 150     0         0      
       memset_t2.asm.obj                  122     0         0      
       copy_decompress_lzss.c.obj         104     0         0      
       cpy_tbl.c.obj                      76      0         0      
       _lock.c.obj                        26      0         8      
       args_main.c.obj                    24      0         0      
       ll_mul_t2.asm.obj                  24      0         0      
       copy_decompress_none.c.obj         14      0         0      
       copy_zero_init.c.obj               12      0         0      
       stkdepth_vars.c.obj                0       0         4      
       div0.asm.obj                       2       0         0      
    +--+----------------------------------+-------+---------+---------+
       Total:                             710     0         12     
                                                                   
    D:\ti\simplelink_cc26x2_sdk_2_30_00_34\kernel\tirtos\packages\ti\targets\arm\rtsarm\lib\auto_init.aem4f
       auto_init.oem4f                    160     0         0      
    +--+----------------------------------+-------+---------+---------+
       Total:                             160     0         0      
                                                                   
    D:\ti\simplelink_cc26x2_sdk_2_30_00_34\kernel\tirtos\packages\ti\targets\arm\rtsarm\lib\boot.aem4f
       boot.oem4f                         88      0         0      
    +--+----------------------------------+-------+---------+---------+
       Total:                             88      0         0      
                                                                   
       Stack:                             0       0         1024   
       Linker Generated:                  456     501       0      
    +--+----------------------------------+-------+---------+---------+
       Grand Total:                       15294   2292      4307   


LINKER GENERATED COPY TABLES

__TI_cinit_table @ 00004438 records: 5, size/record: 8, table size: 40
	.data: load addr=00004268, load size=000001a1 bytes, run addr=200017f0, run size=00000510 bytes, compression=lzss
	.bss: load addr=00004418, load size=00000008 bytes, run addr=20001110, run size=000006df bytes, compression=zero_init
	.data:xdcRomConstPtr: load addr=00004420, load size=00000008 bytes, run addr=20000100, run size=00000004 bytes, compression=lzss
	.data:xdcRomExternFuncPtr: load addr=00004428, load size=00000008 bytes, run addr=20000104, run size=00000004 bytes, compression=lzss
	.data:xdcRomStatePtr: load addr=00004430, load size=00000008 bytes, run addr=20000108, run size=00000004 bytes, compression=lzss


LINKER GENERATED HANDLER TABLE

__TI_handler_table @ 0000440c records: 3, size/record: 4, table size: 12
	index: 0, handler: __TI_decompress_lzss
	index: 1, handler: __TI_decompress_none
	index: 2, handler: __TI_zero_init


FAR CALL TRAMPOLINES

callee name               trampoline name
   callee addr  tramp addr   call addr  call info
--------------  -----------  ---------  ----------------
ti_sysbios_knl_Swi_destruct  $Tramp$TT$L$PI$$ti_sysbios_knl_Swi_destruct
   1003b863     00003a34     00003a0e   dpl_cc26x2_v1.aem4f : SwiP_tirtos.oem4f (.text:SwiP_destruct)
ti_sysbios_family_arm_m3_Hwi_disableFxn__E  $Tramp$TT$L$PI$$ti_sysbios_family_arm_m3_Hwi_disableFxn__E
   1003b6e1     00003a3c     00003a02   dpl_cc26x2_v1.aem4f : HwiP_tirtos.oem4f (.text:HwiP_disable)
ti_sysbios_family_arm_m3_Hwi_destruct  $Tramp$TT$L$PI$$ti_sysbios_family_arm_m3_Hwi_destruct
   1003b7f7     00003a44     000039fe   dpl_cc26x2_v1.aem4f : HwiP_tirtos.oem4f (.text:HwiP_destruct)
ti_sysbios_BIOS_getCpuFreq__E  $Tramp$TT$L$PI$$ti_sysbios_BIOS_getCpuFreq__E
   1003b5b1     00003a4c     000039ee   dpl_cc26x2_v1.aem4f : ClockP_tirtos.oem4f (.text:ClockP_getCpuFreq)
ti_sysbios_knl_Clock_destruct  $Tramp$TT$L$PI$$ti_sysbios_knl_Clock_destruct
   1003b82b     00003a54     000039ea   dpl_cc26x2_v1.aem4f : ClockP_tirtos.oem4f (.text:ClockP_destruct)
ti_sysbios_knl_Task_self__E  $Tramp$TT$L$PI$$ti_sysbios_knl_Task_self__E
   1003b681     00003a5c     00003976   rom_sysbios.aem4f : rom_sysbios.obj (.text:pthread_self)
ti_sysbios_knl_Semaphore_delete  $Tramp$TT$L$PI$$ti_sysbios_knl_Semaphore_delete
   1003b857     00003a64     0000394a   dpl_cc26x2_v1.aem4f : SemaphoreP_tirtos.oem4f (.text:SemaphoreP_delete)
ti_sysbios_knl_Clock_logTick__E  $Tramp$TT$L$PI$$ti_sysbios_knl_Clock_logTick__E
   1003a463     00003a6c     00003822   release_pem4f.oem4f (.text:ti_sysbios_knl_Clock_doTick__I)
ti_sysbios_knl_Swi_post__E  $Tramp$TT$L$PI$$ti_sysbios_knl_Swi_post__E
   1003a5e9     00003a74     00003758   rom_sysbios.aem4f : rom_sysbios.obj (.text:ti_sysbios_knl_Swi_or__E)
                             0000382a   release_pem4f.oem4f (.text:ti_sysbios_knl_Clock_doTick__I)
ti_sysbios_BIOS_RtsGateProxy_leave__E  $Tramp$TT$L$PI$$ti_sysbios_BIOS_RtsGateProxy_leave__E
   1003b7e3     00003a7c     0000373a   release_pem4f.oem4f (.text:ti_sysbios_BIOS_rtsUnlock__I)
ti_sysbios_knl_Swi_construct  $Tramp$TT$L$PI$$ti_sysbios_knl_Swi_construct
   1003a465     00003a84     0000364e   rom_sysbios.aem4f : rom_sysbios.obj (.text:ti_sysbios_knl_Swi_construct2__E)
ti_sysbios_BIOS_RtsGateProxy_enter__E  $Tramp$TT$L$PI$$ti_sysbios_BIOS_RtsGateProxy_enter__E
   1003b7df     00003a8c     00003526   release_pem4f.oem4f (.text:ti_sysbios_BIOS_rtsLock__I)
ti_sysbios_knl_Task_delete  $Tramp$TT$L$PI$$ti_sysbios_knl_Task_delete
   1003b86b     00003a94     000032a8   rom_sysbios.aem4f : rom_sysbios.obj (.text:_pthread_delete$44)
ti_sysbios_knl_Semaphore_destruct  $Tramp$TT$L$PI$$ti_sysbios_knl_Semaphore_destruct
   1003b85b     00003a9c     0000329c   rom_sysbios.aem4f : rom_sysbios.obj (.text:_pthread_delete$44)
                             00003a06   dpl_cc26x2_v1.aem4f : SemaphoreP_tirtos.oem4f (.text:SemaphoreP_destruct)
ti_sysbios_knl_Semaphore_create  $Tramp$TT$L$PI$$ti_sysbios_knl_Semaphore_create
   1003a801     00003aa4     00003288   dpl_cc26x2_v1.aem4f : SemaphoreP_tirtos.oem4f (.text:SemaphoreP_createBinary)
ti_sysbios_knl_Task_startup__E  $Tramp$TT$L$PI$$ti_sysbios_knl_Task_startup__E
   1003b873     00003aac     00003178   release_pem4f.oem4f (.text:ti_sysbios_BIOS_startFunc__I)
ti_sysbios_knl_Swi_startup__E  $Tramp$TT$L$PI$$ti_sysbios_knl_Swi_startup__E
   1003b7d3     00003ab4     00003174   release_pem4f.oem4f (.text:ti_sysbios_BIOS_startFunc__I)
ti_sysbios_hal_Hwi_startup__E  $Tramp$TT$L$PI$$ti_sysbios_hal_Hwi_startup__E
   1003b799     00003abc     00003170   release_pem4f.oem4f (.text:ti_sysbios_BIOS_startFunc__I)
ti_sysbios_family_arm_cc26xx_Timer_startup__E  $Tramp$TT$L$PI$$ti_sysbios_family_arm_cc26xx_Timer_startup__E
   1003a9cd     00003ac4     0000316c   release_pem4f.oem4f (.text:ti_sysbios_BIOS_startFunc__I)
xdc_runtime_System_atexit__E  $Tramp$TT$L$PI$$xdc_runtime_System_atexit__E
   1003bc29     00003acc     00003164   release_pem4f.oem4f (.text:ti_sysbios_BIOS_startFunc__I)
ti_sysbios_BIOS_linkedWithIncorrectBootLibrary__E  $Tramp$TT$L$PI$$ti_sysbios_BIOS_linkedWithIncorrectBootLibrary__E
   10039bff     00003ad4     0000315e   release_pem4f.oem4f (.text:ti_sysbios_BIOS_startFunc__I)
xdc_runtime_Startup_rtsDone__E  $Tramp$TT$L$PI$$xdc_runtime_Startup_rtsDone__E
   1003bf5d     00003adc     00003156   release_pem4f.oem4f (.text:ti_sysbios_BIOS_startFunc__I)
ti_sysbios_BIOS_setThreadType__E  $Tramp$TT$L$PI$$ti_sysbios_BIOS_setThreadType__E
   1003b5c5     00003ae4     00003130   release_pem4f.oem4f (.text:ti_sysbios_BIOS_atExitFunc__I)
                             0000363e   release_pem4f.oem4f (.text:ti_sysbios_BIOS_errorRaiseHook__I)
                             000037c2   release_pem4f.oem4f (.text:ti_sysbios_BIOS_exitFunc__I)
ti_sysbios_knl_Swi_disable__E  $Tramp$TT$L$PI$$ti_sysbios_knl_Swi_disable__E
   1003b525     00003aec     00003126   release_pem4f.oem4f (.text:ti_sysbios_BIOS_atExitFunc__I)
                             00003a12   dpl_cc26x2_v1.aem4f : SwiP_tirtos.oem4f (.text:SwiP_disable)
ti_sysbios_family_arm_m3_Hwi_construct  $Tramp$TT$L$PI$$ti_sysbios_family_arm_m3_Hwi_construct
   10039fad     00003af4     00002e5a   rom_sysbios.aem4f : rom_sysbios.obj (.text:ti_sysbios_family_arm_m3_Hwi_construct2__E)
ti_sysbios_knl_Swi_Params__init__S  $Tramp$TT$L$PI$$ti_sysbios_knl_Swi_Params__init__S
   1003b765     00003afc     00002de2   dpl_cc26x2_v1.aem4f : SwiP_tirtos.oem4f (.text:SwiP_construct)
ti_sysbios_family_arm_m3_Hwi_Params__init__S  $Tramp$TT$L$PI$$ti_sysbios_family_arm_m3_Hwi_Params__init__S
   1003b6d5     00003b04     00002d68   dpl_cc26x2_v1.aem4f : HwiP_tirtos.oem4f (.text:HwiP_construct)
ti_sysbios_knl_Clock_construct  $Tramp$TT$L$PI$$ti_sysbios_knl_Clock_construct
   1003a8ed     00003b0c     00002836   dpl_cc26x2_v1.aem4f : ClockP_tirtos.oem4f (.text:ClockP_construct)
ti_sysbios_knl_Clock_Params__init__S  $Tramp$TT$L$PI$$ti_sysbios_knl_Clock_Params__init__S
   1003b711     00003b14     0000281c   dpl_cc26x2_v1.aem4f : ClockP_tirtos.oem4f (.text:ClockP_construct)
xdc_runtime_System_exit__E  $Tramp$TT$L$PI$$xdc_runtime_System_exit__E
   1003be69     00003b1c     000026e4   boot.aem4f : boot.oem4f (.text)
                             000037c8   release_pem4f.oem4f (.text:ti_sysbios_BIOS_exitFunc__I)
ti_sysbios_heaps_HeapMem_restore__E  $Tramp$TT$L$PI$$ti_sysbios_heaps_HeapMem_restore__E
   1003b69f     00003b24     000025d8   rom_sysbios.aem4f : rom_sysbios.obj (.text:ti_sysbios_heaps_HeapMem_initPrimary__I)
ti_sysbios_heaps_HeapMem_Object__get__S  $Tramp$TT$L$PI$$ti_sysbios_heaps_HeapMem_Object__get__S
   1003aed9     00003b2c     000025a8   rom_sysbios.aem4f : rom_sysbios.obj (.text:ti_sysbios_heaps_HeapMem_initPrimary__I)
ti_sysbios_BIOS_start__E  $Tramp$TT$L$PI$$ti_sysbios_BIOS_start__E
   1003b621     00003b34     000024ca   main_tirtos.obj (.text:main)
ti_sysbios_knl_Semaphore_post__E  $Tramp$TT$L$PI$$ti_sysbios_knl_Semaphore_post__E
   100399d1     00003b3c     00001de6   rom_sysbios.aem4f : rom_sysbios.obj (.text:_pthread_removeThreadKeys)
                             00002784                     : rom_sysbios.obj (.text:pthread_exit)
                             00003a0a   dpl_cc26x2_v1.aem4f : SemaphoreP_tirtos.oem4f (.text:SemaphoreP_post)
xdc_runtime_Memory_free__E  $Tramp$TT$L$PI$$xdc_runtime_Memory_free__E
   1003beb9     00003b44     00001ddc   rom_sysbios.aem4f : rom_sysbios.obj (.text:_pthread_removeThreadKeys)
                             000032b4                     : rom_sysbios.obj (.text:_pthread_delete$44)
ti_sysbios_knl_Queue_next__E  $Tramp$TT$L$PI$$ti_sysbios_knl_Queue_next__E
   1003b853     00003b4c     00001db6   rom_sysbios.aem4f : rom_sysbios.obj (.text:_pthread_removeThreadKeys)
ti_sysbios_knl_Queue_head__E  $Tramp$TT$L$PI$$ti_sysbios_knl_Queue_head__E
   1003b84f     00003b54     00001da2   rom_sysbios.aem4f : rom_sysbios.obj (.text:_pthread_removeThreadKeys)
ti_sysbios_knl_Semaphore_pend__E  $Tramp$TT$L$PI$$ti_sysbios_knl_Semaphore_pend__E
   10039005     00003b5c     00001d9c   rom_sysbios.aem4f : rom_sysbios.obj (.text:_pthread_removeThreadKeys)
                             00003848   dpl_cc26x2_v1.aem4f : SemaphoreP_tirtos.oem4f (.text:SemaphoreP_pend)
ti_sysbios_knl_Clock_scheduleNextTick__E  $Tramp$TT$L$PI$$ti_sysbios_knl_Clock_scheduleNextTick__E
   1003b3a1     00003b64     00001a8c   rom_sysbios.aem4f : rom_sysbios.obj (.text:ti_sysbios_knl_Clock_workFuncDynamic__E)
ti_sysbios_knl_Clock_walkQueueDynamic__E  $Tramp$TT$L$PI$$ti_sysbios_knl_Clock_walkQueueDynamic__E
   10039879     00003b6c     00001a56   rom_sysbios.aem4f : rom_sysbios.obj (.text:ti_sysbios_knl_Clock_workFuncDynamic__E)
                             00001a70                     : rom_sysbios.obj (.text:ti_sysbios_knl_Clock_workFuncDynamic__E)
ti_sysbios_knl_Clock_TimerProxy_getCurrentTick__E  $Tramp$TT$L$PI$$ti_sysbios_knl_Clock_TimerProxy_getCurrentTick__E
   1003b651     00003b74     00001a26   rom_sysbios.aem4f : rom_sysbios.obj (.text:ti_sysbios_knl_Clock_workFuncDynamic__E)
                             000032fe                     : rom_sysbios.obj (.text:ti_sysbios_knl_Clock_getTicksUntilInterrupt__E)
ti_sysbios_knl_Task_restore__E  $Tramp$TT$L$PI$$ti_sysbios_knl_Task_restore__E
   1003ac5d     00003b7c     0000182e   rom_sysbios.aem4f : rom_sysbios.obj (.text:ti_sysbios_knl_Task_setPri__E)
                             00001d90                     : rom_sysbios.obj (.text:_pthread_removeThreadKeys)
                             00001df0                     : rom_sysbios.obj (.text:_pthread_removeThreadKeys)
                             00002796                     : rom_sysbios.obj (.text:pthread_exit)
                             00003354   dpl_cc26x2_v1.aem4f : PowerCC26X2_tirtos.oem4f (.text:PowerCC26XX_schedulerRestore)
                             00003438   rom_sysbios.aem4f : rom_sysbios.obj (.text:_pthread_cleanupFxn)
ti_sysbios_knl_Queue_enqueue__E  $Tramp$TT$L$PI$$ti_sysbios_knl_Queue_enqueue__E
   1003b74d     00003b84     00001800   rom_sysbios.aem4f : rom_sysbios.obj (.text:ti_sysbios_knl_Task_setPri__E)
                             00003a22                     : rom_sysbios.obj (.text:ti_sysbios_knl_Queue_insert__E)
ti_sysbios_knl_Queue_empty__E  $Tramp$TT$L$PI$$ti_sysbios_knl_Queue_empty__E
   1003b6ad     00003b8c     000017e8   rom_sysbios.aem4f : rom_sysbios.obj (.text:ti_sysbios_knl_Task_setPri__E)
                             00001d88                     : rom_sysbios.obj (.text:_pthread_removeThreadKeys)
ti_sysbios_knl_Queue_remove__E  $Tramp$TT$L$PI$$ti_sysbios_knl_Queue_remove__E
   1003b6bb     00003b94     000017e2   rom_sysbios.aem4f : rom_sysbios.obj (.text:ti_sysbios_knl_Task_setPri__E)
                             00001dbe                     : rom_sysbios.obj (.text:_pthread_removeThreadKeys)
                             00001dc4                     : rom_sysbios.obj (.text:_pthread_removeThreadKeys)
ti_sysbios_knl_Task_disable__E  $Tramp$TT$L$PI$$ti_sysbios_knl_Task_disable__E
   1003b53d     00003b9c     000017a8   rom_sysbios.aem4f : rom_sysbios.obj (.text:ti_sysbios_knl_Task_setPri__E)
                             00001d7e                     : rom_sysbios.obj (.text:_pthread_removeThreadKeys)
                             0000278a                     : rom_sysbios.obj (.text:pthread_exit)
                             0000312a   release_pem4f.oem4f (.text:ti_sysbios_BIOS_atExitFunc__I)
                             0000331a   dpl_cc26x2_v1.aem4f : PowerCC26X2_tirtos.oem4f (.text:PowerCC26XX_schedulerDisable)
                             0000342a   rom_sysbios.aem4f : rom_sysbios.obj (.text:_pthread_cleanupFxn)
ti_sysbios_knl_Clock_stop__E  $Tramp$TT$L$PI$$ti_sysbios_knl_Clock_stop__E
   1003af29     00003ba4     0000160a   dpl_cc26x2_v1.aem4f : PowerCC26X2_tirtos.oem4f (.text:PowerCC26XX_standbyPolicy)
                             000039fa                       : ClockP_tirtos.oem4f (.text:ClockP_stop)
ti_sysbios_knl_Clock_start__E  $Tramp$TT$L$PI$$ti_sysbios_knl_Clock_start__E
   1003b599     00003bac     000015fe   dpl_cc26x2_v1.aem4f : PowerCC26X2_tirtos.oem4f (.text:PowerCC26XX_standbyPolicy)
                             000039f6                       : ClockP_tirtos.oem4f (.text:ClockP_start)
ti_sysbios_knl_Clock_setTimeout__E  $Tramp$TT$L$PI$$ti_sysbios_knl_Clock_setTimeout__E
   1003b833     00003bb4     000015f8   dpl_cc26x2_v1.aem4f : PowerCC26X2_tirtos.oem4f (.text:PowerCC26XX_standbyPolicy)
                             000039f2                       : ClockP_tirtos.oem4f (.text:ClockP_setTimeout)
ti_sysbios_knl_Task_create  $Tramp$TT$L$PI$$ti_sysbios_knl_Task_create
   1003a1ed     00003bbc     000010b6   rom_sysbios.aem4f : rom_sysbios.obj (.text:pthread_create)
ti_sysbios_knl_Semaphore_construct  $Tramp$TT$L$PI$$ti_sysbios_knl_Semaphore_construct
   1003a95d     00003bc4     000010ac   rom_sysbios.aem4f : rom_sysbios.obj (.text:pthread_create)
                             0000325e   dpl_cc26x2_v1.aem4f : SemaphoreP_tirtos.oem4f (.text:SemaphoreP_constructBinary)
ti_sysbios_knl_Semaphore_Params__init__S  $Tramp$TT$L$PI$$ti_sysbios_knl_Semaphore_Params__init__S
   1003b759     00003bcc     0000109a   rom_sysbios.aem4f : rom_sysbios.obj (.text:pthread_create)
                             0000324e   dpl_cc26x2_v1.aem4f : SemaphoreP_tirtos.oem4f (.text:SemaphoreP_constructBinary)
                             00003278                       : SemaphoreP_tirtos.oem4f (.text:SemaphoreP_createBinary)
ti_sysbios_knl_Queue_construct  $Tramp$TT$L$PI$$ti_sysbios_knl_Queue_construct
   1003abfd     00003bd4     0000108e   rom_sysbios.aem4f : rom_sysbios.obj (.text:pthread_create)
xdc_runtime_Memory_alloc__E  $Tramp$TT$L$PI$$xdc_runtime_Memory_alloc__E
   1003bab1     00003bdc     0000103e   rom_sysbios.aem4f : rom_sysbios.obj (.text:pthread_create)
ti_sysbios_knl_Task_Params__init__S  $Tramp$TT$L$PI$$ti_sysbios_knl_Task_Params__init__S
   1003b771     00003be4     0000102a   rom_sysbios.aem4f : rom_sysbios.obj (.text:pthread_create)
ti_sysbios_family_arm_m3_Hwi_restoreFxn__E  $Tramp$TT$L$PI$$ti_sysbios_family_arm_m3_Hwi_restoreFxn__E
   1003b7af     00003bec     0000054a   drivers_cc26x2_v1.aem4f : UARTCC26XX.oem4f (.text:UARTCC26XX_open)
                             00000556                           : UARTCC26XX.oem4f (.text:UARTCC26XX_open)
                             000005d8                           : UARTCC26XX.oem4f (.text:UARTCC26XX_open)
                             00000ac8                           : UARTCC26XX.oem4f (.text:UARTCC26XX_read)
                             00000b0c                           : UARTCC26XX.oem4f (.text:UARTCC26XX_read)
                             00000b28                           : UARTCC26XX.oem4f (.text:UARTCC26XX_read)
                             00000b76                           : UARTCC26XX.oem4f (.text:UARTCC26XX_read)
                             00000ba0                           : UARTCC26XX.oem4f (.text:UARTCC26XX_read)
                             00000bb0                           : UARTCC26XX.oem4f (.text:UARTCC26XX_read)
                             00000e44                           : UARTCC26XX.oem4f (.text:UARTCC26XX_write)
                             00000e60                           : UARTCC26XX.oem4f (.text:UARTCC26XX_write)
                             00000efc                           : UARTCC26XX.oem4f (.text:UARTCC26XX_write)
                             00000f72                           : GPIOCC26XX.oem4f (.text:GPIO_setConfig)
                             00000f9c                           : GPIOCC26XX.oem4f (.text:GPIO_setConfig)
                             000011a4                           : PINCC26XX.oem4f (.text:PINCC26XX_setIoCfg)
                             000011ea                           : GPIOCC26XX.oem4f (.text:GPIO_init)
                             000011f0                           : GPIOCC26XX.oem4f (.text:GPIO_init)
                             00001354                           : PowerCC26X2.oem4f (.text:Power_releaseDependency)
                             00001418                           : PowerCC26X2.oem4f (.text:Power_setDependency)
                             00001684                           : UARTCC26XX.oem4f (.text:UARTCC26XX_writeCancel)
                             0000169a                           : UARTCC26XX.oem4f (.text:UARTCC26XX_writeCancel)
                             000016e0                           : UARTCC26XX.oem4f (.text:UARTCC26XX_writeCancel)
                             00001872                           : UARTCC26XX.oem4f (.text:UARTCC26XX_swiIntFxn)
                             000018a4                           : UARTCC26XX.oem4f (.text:UARTCC26XX_swiIntFxn)
                             00002306                           : UARTCC26XX.oem4f (.text:UARTCC26XX_readCancel)
                             00002310                           : UARTCC26XX.oem4f (.text:UARTCC26XX_readCancel)
                             00002326                           : UARTCC26XX.oem4f (.text:UARTCC26XX_readCancel)
                             00002456                           : UARTCC26XX.oem4f (.text:UARTCC26XX_control)
                             0000252a                           : GPIOCC26XX.oem4f (.text:GPIO_write)
                             00002672                           : PowerCC26X2_calibrateRCOSC.oem4f (.text:PowerCC26X2_initiateCalibration)
                             0000288a                           : GPIOCC26XX.oem4f (.text:GPIO_enableInt)
                             00002a56                           : PINCC26XX.oem4f (.text:PIN_setOutputEnable)
                             00002ac8                           : RingBuf.oem4f (.text:RingBuf_put)
                             00002af2                           : RingBuf.oem4f (.text:RingBuf_put)
                             00002bb6                           : UART.oem4f (.text:UART_init)
                             00002bfc                           : PowerCC26X2.oem4f (.text:switchXOSCHF)
                             00002c7a                           : RingBuf.oem4f (.text:RingBuf_get)
                             00002c82                           : RingBuf.oem4f (.text:RingBuf_get)
                             0000301e                           : PowerCC26X2.oem4f (.text:Power_releaseConstraint)
                             000030e8                           : PowerCC26X2.oem4f (.text:Power_setConstraint)
                             000033d8                           : List.oem4f (.text:List_put)
                             000033fe                           : List.oem4f (.text:List_remove)
                             00003516                           : PowerCC26X2.oem4f (.text:Power_unregisterNotify)
ti_sysbios_knl_Swi_restore__E  $Tramp$TT$L$PI$$ti_sysbios_knl_Swi_restore__E
   1003a83d     00003bf4     00000356   drivers_cc26x2_v1.aem4f : PowerCC26X2.oem4f (.text:Power_sleep)

[57 trampolines]
[131 trampoline calls]


GLOBAL SYMBOLS: SORTED ALPHABETICALLY BY Name 

address   name                                                                 
-------   ----                                                                 
00004184  ADCBuf_count                                                         
00004185  ADC_count                                                            
0000418b  AESCBC_count                                                         
0000418a  AESCCM_count                                                         
0000418c  AESECB_count                                                         
00004064  BoardGpioInitTable                                                   
000039b7  Board_initHook                                                       
000035bd  CC26X2R1_LAUNCHXL_initGeneral                                        
00001e89  CC26X2R1_LAUNCHXL_sendExtFlashByte                                   
00002c0d  CC26X2R1_LAUNCHXL_shutDownExtFlash                                   
00002941  CC26X2R1_LAUNCHXL_wakeUpExtFlash                                     
00003999  ClockP_Params_init                                                   
00002801  ClockP_construct                                                     
000039eb  ClockP_destruct                                                      
000039ef  ClockP_getCpuFreq                                                    
1003a925  ClockP_getSystemTicks                                                
000039f3  ClockP_setTimeout                                                    
000039f7  ClockP_start                                                         
000039fb  ClockP_stop                                                          
200017e0  ClockP_tickPeriod                                                    
0000418e  Display_count                                                        
00004186  ECDH_count                                                           
00004187  ECDSA_count                                                          
00004188  ECJPAKE_count                                                        
0000415c  GPIOCC26XX_config                                                    
00002851  GPIO_enableInt                                                       
00003095  GPIO_hwiIntFxn                                                       
000011d1  GPIO_init                                                            
000031e5  GPIO_setCallback                                                     
00000f0d  GPIO_setConfig                                                       
000024d9  GPIO_write                                                           
00001000  HEAPSIZE                                                             
0000386b  HwiP_Params_init                                                     
00002d4d  HwiP_construct                                                       
000039ff  HwiP_destruct                                                        
00003a03  HwiP_disable                                                         
1003b7af  HwiP_restore                                                         
0000418f  I2C_count                                                            
000033b9  List_put                                                             
000033df  List_remove                                                          
00002f5d  NOROM_AUXSYSIFOpModeChange                                           
00003907  NOROM_CPUcpsid                                                       
00003913  NOROM_CPUcpsie                                                       
000039cf  NOROM_CPUdelay                                                       
000035d9  NOROM_ChipInfo_GetChipFamily                                         
000028a1  NOROM_ChipInfo_GetChipType                                           
00002afd  NOROM_ChipInfo_GetHwRevision                                         
0000369d  NOROM_ChipInfo_GetPackageType                                        
00001cf1  NOROM_OSCHF_AttemptToSwitchToXosc                                    
00002341  NOROM_OSCHF_SwitchToRcOscTurnOffXosc                                 
00003405  NOROM_OSCHF_TurnOnXosc                                               
000021fd  NOROM_SetupAfterColdResetWakeupFromShutDownCfg1                      
00001f91  NOROM_SetupStepVddrTrimTo                                            
00001979  NOROM_SetupTrimDevice                                                
00002f91  NOROM_SysCtrlIdle                                                    
00000cf1  NOROM_SysCtrlStandby                                                 
0000378d  NOROM_ThisLibraryIsFor_CC13x2_CC26x2_HwRev1x_HaltIfViolated          
00004190  NVS_count                                                            
0000387d  PINCC26XX_getPinCount                                                
0000420c  PINCC26XX_hwAttrs                                                    
00003211  PINCC26XX_setMux                                                     
00002269  PIN_add                                                              
00003581  PIN_close                                                            
0000003d  PIN_init                                                             
00001b41  PIN_open                                                             
0000391f  PIN_registerIntCb                                                    
00002539  PIN_remove                                                           
00002fc5  PIN_setConfig                                                        
00002e7d  PIN_setInterrupt                                                     
00002a25  PIN_setOutputEnable                                                  
00002d8d  PIN_setOutputValue                                                   
00004191  PWM_count                                                            
00002189  PowerCC26X2_auxISR                                                   
000037cf  PowerCC26X2_calibrate                                                
000041a8  PowerCC26X2_config                                                   
0000264d  PowerCC26X2_initiateCalibration                                      
200018f8  PowerCC26X2_module                                                   
00003681  PowerCC26XX_calibrate                                                
00003319  PowerCC26XX_schedulerDisable                                         
00003341  PowerCC26XX_schedulerRestore                                         
000015ad  PowerCC26XX_standbyPolicy                                            
200017e4  PowerCC26XX_swiKey                                                   
200017e8  PowerCC26XX_taskKey                                                  
0000392d  Power_getConstraintMask                                              
00003939  Power_getDependencyCount                                             
0000359f  Power_getTransitionLatency                                           
000036b5  Power_idleFunc                                                       
00000bc1  Power_init                                                           
00003369  Power_registerNotify                                                 
00002ff9  Power_releaseConstraint                                              
000012a9  Power_releaseDependency                                              
000030c5  Power_setConstraint                                                  
00001371  Power_setDependency                                                  
000001fd  Power_sleep                                                          
00003501  Power_unregisterNotify                                               
00003bfc  ROM_constStruct                                                      
00004020  ROM_externFuncPtrs                                                   
200017f0  ROM_stateStruct                                                      
000026a5  ResetISR                                                             
00003835  RingBuf_construct                                                    
00002c4d  RingBuf_get                                                          
00002ab5  RingBuf_put                                                          
00004192  SD_count                                                             
00004189  SHA2_count                                                           
UNDEFED   SHT$$INIT_ARRAY$$Base                                                
UNDEFED   SHT$$INIT_ARRAY$$Limit                                               
00004193  SPI_count                                                            
0000323d  SemaphoreP_constructBinary                                           
00003269  SemaphoreP_createBinary                                              
00003945  SemaphoreP_delete                                                    
[...]
1003b5ed  ti_sysbios_hal_Hwi_Module_startup__E                                 
1003b5ff  ti_sysbios_knl_Event_sync__E                                         
1003b611  ti_sysbios_BIOS_exit__E                                              
1003b621  ti_sysbios_BIOS_start__E                                             
1003b631  ti_sysbios_family_arm_m3_TaskSupport_getStackAlignment__E            
1003b631  ti_sysbios_knl_Task_SupportProxy_getStackAlignment__E                
1003b631  ti_sysbios_knl_Task_SupportProxy_getStackAlignment__E__mangled__     
1003b641  ti_sysbios_hal_Hwi_HwiProxy_Object__create__S                        
1003b651  ti_sysbios_knl_Clock_TimerProxy_getCurrentTick__E                    
1003b661  ti_sysbios_knl_Clock_TimerProxy_getMaxTicks__E                       
1003b671  ti_sysbios_knl_Clock_TimerProxy_setNextTick__E                       
1003b681  ti_sysbios_knl_Task_self__E                                          
1003b691  ti_sysbios_gates_GateMutex_leave__E                                  
1003b69f  ti_sysbios_heaps_HeapMem_restore__E                                  
1003b6ad  ti_sysbios_knl_Queue_empty__E                                        
1003b6bb  ti_sysbios_knl_Queue_remove__E                                       
1003b6c9  ti_sysbios_family_arm_cc26xx_TimestampProvider_getFreq__E            
1003b6c9  xdc_runtime_Timestamp_SupportProxy_getFreq__E                        
1003b6c9  xdc_runtime_Timestamp_SupportProxy_getFreq__E__mangled__             
1003b6c9  xdc_runtime_Timestamp_getFreq__E                                     
1003b6c9  xdc_runtime_Timestamp_getFreq__E                                     
1003b6d5  ti_sysbios_family_arm_m3_Hwi_Params__init__S                         
1003b6d5  ti_sysbios_hal_Hwi_HwiProxy_Params__init__S                          
1003b6d5  ti_sysbios_hal_Hwi_HwiProxy_Params__init__S__mangled__               
1003b6e1  ti_sysbios_family_arm_m3_Hwi_disableFxn__E                           
1003b6ed  ti_sysbios_family_arm_m3_Hwi_enableFxn__E                            
1003b6f9  ti_sysbios_gates_GateHwi_enter__E                                    
1003b705  ti_sysbios_BIOS_RtsGateProxy_Params__init__S                         
1003b705  ti_sysbios_BIOS_RtsGateProxy_Params__init__S__mangled__              
1003b705  ti_sysbios_gates_GateMutex_Params__init__S                           
1003b705  ti_sysbios_heaps_HeapMem_Module_GateProxy_Params__init__S            
1003b705  ti_sysbios_heaps_HeapMem_Module_GateProxy_Params__init__S__mangled__ 
1003b711  ti_sysbios_knl_Clock_Params__init__S                                 
1003b71d  ti_sysbios_knl_Clock_getTimerHandle__E                               
1003b729  ti_sysbios_knl_Event_Params__init__S                                 
1003b735  ti_sysbios_knl_Mailbox_Params__init__S                               
1003b741  ti_sysbios_knl_Queue_dequeue__E                                      
1003b74d  ti_sysbios_knl_Queue_enqueue__E                                      
1003b759  ti_sysbios_knl_Semaphore_Params__init__S                             
1003b765  ti_sysbios_knl_Swi_Params__init__S                                   
1003b771  ti_sysbios_knl_Task_Params__init__S                                  
1003b77d  ti_sysbios_hal_Hwi_Instance_finalize__E                              
1003b787  ti_sysbios_knl_Event_Instance_init__E                                
1003b791  ti_sysbios_family_arm_m3_Hwi_doSwiRestore__I                         
1003b799  ti_sysbios_family_arm_m3_Hwi_startup__E                              
1003b799  ti_sysbios_hal_Hwi_HwiProxy_startup__E                               
1003b799  ti_sysbios_hal_Hwi_HwiProxy_startup__E__mangled__                    
1003b799  ti_sysbios_hal_Hwi_startup__E                                        
1003b799  ti_sysbios_hal_Hwi_startup__E                                        
1003b7a1  ti_sysbios_knl_Idle_loop__E                                          
1003b7a9  ti_sysbios_family_arm_m3_Hwi_doTaskRestore__I                        
1003b7af  HwiP_restore                                                         
1003b7af  ti_sysbios_family_arm_m3_Hwi_restoreFxn__E                           
1003b7b5  ti_sysbios_gates_GateHwi_leave__E                                    
1003b7bb  ti_sysbios_gates_GateMutex_Instance_finalize__E                      
1003b7c1  ti_sysbios_heaps_HeapMem_isBlocking__E                               
1003b7c7  ti_sysbios_knl_Queue_Instance_init__E                                
1003b7cd  ti_sysbios_knl_Queue_elemClear__E                                    
1003b7d3  ti_sysbios_knl_Swi_startup__E                                        
1003b7d9  ti_sysbios_knl_Task_enable__E                                        
1003b7df  ti_sysbios_BIOS_RtsGateProxy_enter__E                                
1003b7e3  ti_sysbios_BIOS_RtsGateProxy_leave__E                                
1003b7e7  ti_sysbios_family_arm_cc26xx_Timer_getExpiredTicks__E                
1003b7eb  ti_sysbios_family_arm_cc26xx_Timer_getPeriod__E                      
1003b7ef  ti_sysbios_family_arm_cc26xx_Timer_setPeriod__E                      
1003b7f3  ti_sysbios_family_arm_m3_Hwi_delete                                  
1003b7f7  ti_sysbios_family_arm_m3_Hwi_destruct                                
1003b7fb  ti_sysbios_family_arm_m3_TaskSupport_Module__startupDone__S          
1003b7fb  ti_sysbios_knl_Task_SupportProxy_Module__startupDone__S              
1003b7fb  ti_sysbios_knl_Task_SupportProxy_Module__startupDone__S__mangled__   
1003b7ff  ti_sysbios_gates_GateHwi_query__E                                    
1003b7ff  xdc_runtime_Main_Module_GateProxy_query__E                           
1003b7ff  xdc_runtime_System_Module_GateProxy_query__E                         
1003b7ff  xdc_runtime_System_Module_GateProxy_query__E__mangled__              
1003b803  ti_sysbios_gates_GateMutex_delete                                    
1003b807  ti_sysbios_gates_GateMutex_destruct                                  
1003b80b  ti_sysbios_BIOS_RtsGateProxy_query__E                                
1003b80b  ti_sysbios_BIOS_RtsGateProxy_query__E__mangled__                     
1003b80b  ti_sysbios_gates_GateMutex_query__E                                  
1003b80b  ti_sysbios_heaps_HeapMem_Module_GateProxy_query__E                   
1003b80b  ti_sysbios_heaps_HeapMem_Module_GateProxy_query__E__mangled__        
1003b80f  ti_sysbios_hal_Hwi_HwiProxy_delete                                   
1003b813  ti_sysbios_hal_Hwi_delete                                            
1003b817  ti_sysbios_heaps_HeapMem_Module_GateProxy_enter__E                   
1003b81b  ti_sysbios_heaps_HeapMem_Module_GateProxy_leave__E                   
1003b81f  ti_sysbios_knl_Clock_TimerProxy_getExpiredTicks__E                   
1003b823  ti_sysbios_knl_Clock_TimerProxy_getPeriod__E                         
1003b827  ti_sysbios_knl_Clock_delete                                          
1003b82b  ti_sysbios_knl_Clock_destruct                                        
1003b82f  ti_sysbios_knl_Clock_removeI__E                                      
1003b833  ti_sysbios_knl_Clock_setTimeout__E                                   
1003b837  ti_sysbios_knl_Event_delete                                          
1003b83b  ti_sysbios_knl_Event_destruct                                        
1003b83f  ti_sysbios_knl_Mailbox_delete                                        
1003b843  ti_sysbios_knl_Mailbox_destruct                                      
1003b847  ti_sysbios_knl_Queue_delete                                          
1003b84b  ti_sysbios_knl_Queue_destruct                                        
1003b84f  ti_sysbios_knl_Queue_head__E                                         
1003b853  ti_sysbios_knl_Queue_next__E                                         
1003b857  ti_sysbios_knl_Semaphore_delete                                      
1003b85b  ti_sysbios_knl_Semaphore_destruct                                    
1003b85f  ti_sysbios_knl_Swi_delete                                            
1003b863  ti_sysbios_knl_Swi_destruct                                          
1003b867  ti_sysbios_knl_Swi_postInit__I                                       
1003b86b  ti_sysbios_knl_Task_delete                                           
1003b86f  ti_sysbios_knl_Task_destruct                                         
1003b873  ti_sysbios_knl_Task_startup__E                                       
1003b879  xdc_runtime_Startup_startMods__I                                     
1003ba31  xdc_runtime_Core_createObject__I                                     
1003bab1  xdc_runtime_Memory_alloc__E                                          
1003bb21  xdc_runtime_Core_deleteObject__I                                     
1003bb7f  xdc_runtime_Error_policySpin__E                                      
1003bb81  xdc_runtime_Assert_raise__I                                          
1003bbd5  xdc_runtime_Startup_exec__E                                          
1003bc29  xdc_runtime_System_atexit__E                                         
1003bc75  xdc_runtime_Core_assignParams__I                                     
1003bcbd  xdc_runtime_Core_constructObject__I                                  
1003bd4d  xdc_runtime_System_processAtExit__E                                  
1003bd8d  xdc_runtime_Core_assignLabel__I                                      
1003bdbd  xdc_runtime_Text_cordText__E                                         
1003bde9  xdc_runtime_System_abort__E                                          
1003be11  xdc_runtime_Error_raiseX__E                                          
1003be31  xdc_runtime_Error_check__E                                           
1003be4d  xdc_runtime_Memory_valloc__E                                         
1003be69  xdc_runtime_System_exit__E                                           
1003be85  xdc_runtime_Text_ropeText__E                                         
1003bea1  xdc_runtime_Core_destructObject__I                                   
1003beb9  xdc_runtime_Memory_free__E                                           
1003becd  xdc_runtime_SysCallback_abort__E                                     
1003becd  xdc_runtime_System_SupportProxy_abort__E                             
1003bee1  xdc_runtime_SysCallback_exit__E                                      
1003bee1  xdc_runtime_System_SupportProxy_exit__E                              
1003bef5  xdc_runtime_Memory_getMaxDefaultTypeAlign__E                         
1003bf35  xdc_runtime_Timestamp_SupportProxy_get32__E                          
1003bf35  xdc_runtime_Timestamp_get32__E                                       
1003bf35  xdc_runtime_Timestamp_get32__E                                       
1003bf51  xdc_runtime_Memory_calloc__E                                         
1003bf5d  xdc_runtime_Startup_rtsDone__E                                       
1003bf69  xdc_runtime_Memory_HeapProxy_alloc__E                                
1003bf73  xdc_runtime_Memory_HeapProxy_free__E                                 
1003bf7d  xdc_runtime_Gate_leaveSystem__E                                      
1003bf83  xdc_runtime_System_Module_startup__E                                 
1003bf89  xdc_runtime_Gate_enterSystem__E                                      
1003bf8d  xdc_runtime_SysCallback_Module__startupDone__S                       
1003bf8d  xdc_runtime_System_SupportProxy_Module__startupDone__S               
1003bf91  xdc_runtime_System_Module_GateProxy_enter__E                         
1003bf95  xdc_runtime_System_Module_GateProxy_leave__E                         
1003bf99  xdc_runtime_System_abortSpin__E                                      
1003bf9b  xdc_runtime_System_exitSpin__E                                       
1003bf9d  ti_sysbios_family_arm_m3_Hwi_dispatch__I                             
1003c095  ti_sysbios_family_arm_m3_TaskSupport_buildTaskStack                  
1003c121  ti_sysbios_family_arm_m3_Hwi_initStacks__E                           
1003c179  ti_sysbios_family_arm_m3_Hwi_pendSV__I                               
1003c19d  ti_sysbios_family_arm_m3_Hwi_return                                  
1003c1a1  ti_sysbios_family_arm_m3_Hwi_excHandlerAsm__I                        
1003c1c1  ti_sysbios_family_xxx_Hwi_switchAndRunFunc                           
1003c1df  ti_sysbios_family_arm_m3_TaskSupport_swap__E                         
1003c1df  ti_sysbios_knl_Task_SupportProxy_swap__E                             
1003c1df  ti_sysbios_knl_Task_SupportProxy_swap__E__mangled__                  
1003c1eb  ti_sysbios_knl_Task_swapReturn                                       
1003c1f7  ti_sysbios_family_arm_m3_TaskSupport_glue                            
1003c208  ti_sysbios_knl_Task_Object__PARAMS__C                                
1003c244  ti_sysbios_knl_Mailbox_Object__PARAMS__C                             
1003c278  ti_sysbios_family_arm_m3_Hwi_Object__PARAMS__C                       
1003c2a8  ti_sysbios_hal_Hwi_Object__PARAMS__C                                 
1003c2d4  ti_sysbios_knl_Swi_Object__PARAMS__C                                 
1003c2fc  ti_sysbios_heaps_HeapMem_Object__PARAMS__C                           
1003c320  ti_sysbios_knl_Clock_Object__PARAMS__C                               
1003c344  ti_sysbios_knl_Semaphore_Object__PARAMS__C                           
1003c368  ti_sysbios_gates_GateHwi_Object__PARAMS__C                           
1003c380  ti_sysbios_gates_GateMutex_Object__PARAMS__C                         
1003c398  ti_sysbios_knl_Event_Object__PARAMS__C                               
1003c3b0  ti_sysbios_knl_Queue_Object__PARAMS__C                               
20000000  ti_sysbios_family_arm_m3_Hwi_ramVectors                              
20000100  xdcRomConstPtr                                                       
20000104  xdcRomExternFuncPtr                                                  
20000108  xdcRomStatePtr                                                       
20000110  __primary_heap_start__                                               
20001110  __primary_heap_end__                                                 
20001110  uartCC26XXObjects                                                    
20001360  ti_sysbios_knl_Task_Instance_State_0_stack__A                        
20001560  ti_sysbios_family_arm_m3_Hwi_dispatchTable                           
20001638  pinHandleTable                                                       
200016b4  uartCC26XXRingBuffer                                                 
200017e0  ClockP_tickPeriod                                                    
200017e4  PowerCC26XX_swiKey                                                   
200017e8  PowerCC26XX_taskKey                                                  
200017ee  driverlib_release_0_52354                                            
200017f0  ROM_stateStruct                                                      
200017f0  ti_sysbios_knl_Clock_Module__state__V                                
2000181c  ti_sysbios_family_arm_cc26xx_TimestampProvider_Module__state__V      
20001820  xdc_runtime_Startup_Module__state__V                                 
20001828  ti_sysbios_BIOS_Module__state__V                                     
2000184c  ti_sysbios_knl_Swi_Module__state__V                                  
20001868  ti_sysbios_knl_Task_Module__state__V                                 
200018ac  xdc_runtime_Memory_Module__state__V                                  
200018b0  xdc_runtime_System_Module__state__V                                  
200018b8  ti_sysbios_family_arm_m3_Hwi_Module__state__V                        
200018ec  xdc_runtime_Error_Module__state__V                                   
200018f0  ti_sysbios_family_arm_cc26xx_Timer_Module__state__V                  
200018f8  PowerCC26X2_module                                                   
20001a48  ti_sysbios_gates_GateMutex_Object__table__V                          
20001a9c  ti_sysbios_knl_Task_Object__table__V                                 
20001ae8  ti_sysbios_family_arm_cc26xx_Timer_Object__table__V                  
20001b30  ti_sysbios_knl_Swi_Module_State_0_readyQ__A                          
20001b60  ti_sysbios_knl_Swi_Object__table__V                                  
20001b90  ti_sysbios_knl_Task_Module_State_0_readyQ__A                         
20001bc0  gpioPinConfigs                                                       
20001bec  ti_sysbios_knl_Clock_Object__table__V                                
20001c0c  xdc_runtime_Error_IgnoreBlock                                        
20001c2c  ti_sysbios_family_arm_m3_Hwi_Object__table__V                        
20001c44  ti_sysbios_heaps_HeapMem_Object__table__V                            
20001c5c  gpioCallbackFunctions                                                
20001c6c  _lock                                                                
20001c70  _unlock                                                              
20001c74  pinUpperBound                                                        
20001c78  pinLowerBound                                                        
20001c7c  ti_sysbios_family_arm_m3_Hwi_Module__root__V                         
20001c84  ti_sysbios_gates_GateHwi_Module__root__V                             
20001c8c  ti_sysbios_gates_GateMutex_Module__root__V                           
20001c94  ti_sysbios_hal_Hwi_Module__root__V                                   
20001c9c  ti_sysbios_heaps_HeapMem_Module__root__V                             
20001ca4  ti_sysbios_knl_Clock_Module__root__V                                 
20001cac  ti_sysbios_knl_Event_Module__root__V                                 
20001cb4  ti_sysbios_knl_Mailbox_Module__root__V                               
20001cbc  ti_sysbios_knl_Queue_Module__root__V                                 
20001cc4  ti_sysbios_knl_Semaphore_Module__root__V                             
20001ccc  ti_sysbios_knl_Swi_Module__root__V                                   
20001cd4  ti_sysbios_knl_Task_Module__root__V                                  
20001cdc  xdc_runtime_System_Module_State_0_atexitHandlers__A                  
20001cea  ti_sysbios_family_arm_m3_Hwi_Module_State_0_excActive__A             
20001cf0  main_func_sp                                                         
20001cf4  ti_sysbios_family_arm_m3_Hwi_Module_State_0_excContext__A            
20001cf8  ti_sysbios_family_arm_m3_Hwi_Module_State_0_excStack__A              
20001cfc  ti_sysbios_knl_Task_Module_State_0_idleTask__A                       
20013c00  __stack                                                              
20014000  __STACK_END                                                          
e000e000  ti_sysbios_family_arm_m3_Hwi_nvic                                    
ffffffff  __TI_pprof_out_hndl                                                  
ffffffff  __TI_prof_data_size                                                  
ffffffff  __TI_prof_data_start                                                 
ffffffff  __binit__                                                            
ffffffff  __c_args__                                                           
ffffffff  binit                                                                
UNDEFED   SHT$$INIT_ARRAY$$Base                                                
UNDEFED   SHT$$INIT_ARRAY$$Limit                                               

[797 symbols]
